8867/2024-04-22 09:52:00/Traceback (most recent call last):
  File "/Volumes/Expansion/ohs/project/study/python/instahelp_web/save/../save/save_main.py", line 146, in save
    save_element.click()
  File "/Volumes/Expansion/ohs/project/study/python/instahelp_web/venv/lib/python3.10/site-packages/selenium/webdriver/remote/webelement.py", line 94, in click
    self._execute(Command.CLICK_ELEMENT)
  File "/Volumes/Expansion/ohs/project/study/python/instahelp_web/venv/lib/python3.10/site-packages/selenium/webdriver/remote/webelement.py", line 395, in _execute
    return self._parent.execute(command, params)
  File "/Volumes/Expansion/ohs/project/study/python/instahelp_web/venv/lib/python3.10/site-packages/selenium/webdriver/remote/webdriver.py", line 347, in execute
    self.error_handler.check_response(response)
  File "/Volumes/Expansion/ohs/project/study/python/instahelp_web/venv/lib/python3.10/site-packages/selenium/webdriver/remote/errorhandler.py", line 229, in check_response
    raise exception_class(message, screen, stacktrace)
selenium.common.exceptions.ElementClickInterceptedException: Message: element click intercepted: Element <div>...</div> is not clickable at point (457, 620). Other element would receive the click: <div data-bloks-name="bk.components.Collection" class="wbloks_1 wbloks_93 wbloks_91" style="flex-grow: 1; display: block; pointer-events: auto;">...</div>
  (Session info: chrome=124.0.6367.61)
Stacktrace:
0   chromedriver                        0x0000000104f583e8 chromedriver + 4326376
1   chromedriver                        0x0000000104f508b0 chromedriver + 4294832
2   chromedriver                        0x0000000104b7c088 chromedriver + 278664
3   chromedriver                        0x0000000104bc4554 chromedriver + 574804
4   chromedriver                        0x0000000104bc2ad8 chromedriver + 568024
5   chromedriver                        0x0000000104bc0c58 chromedriver + 560216
6   chromedriver                        0x0000000104bc0188 chromedriver + 557448
7   chromedriver                        0x0000000104bb53ac chromedriver + 512940
8   chromedriver                        0x0000000104bb4dd0 chromedriver + 511440
9   chromedriver                        0x0000000104bf74f8 chromedriver + 783608
10  chromedriver                        0x0000000104bb34e4 chromedriver + 505060
11  chromedriver                        0x0000000104bb3f5c chromedriver + 507740
12  chromedriver                        0x0000000104f1b984 chromedriver + 4077956
13  chromedriver                        0x0000000104f2073c chromedriver + 4097852
14  chromedriver                        0x0000000104f02528 chromedriver + 3974440
15  chromedriver                        0x0000000104f21054 chromedriver + 4100180
16  chromedriver                        0x0000000104ef3b18 chromedriver + 3914520
17  chromedriver                        0x0000000104f4165c chromedriver + 4232796
18  chromedriver                        0x0000000104f417d8 chromedriver + 4233176
19  chromedriver                        0x0000000104f50524 chromedriver + 4293924
20  libsystem_pthread.dylib             0x000000018e07af94 _pthread_start + 136
21  libsystem_pthread.dylib             0x000000018e075d34 thread_start + 8


During handling of the above exception, another exception occurred:

Traceback (most recent call last):
  File "/Volumes/Expansion/ohs/project/study/python/instahelp_web/save/../save/save_main.py", line 133, in fetch_order
    result, message = save()
  File "/Volumes/Expansion/ohs/project/study/python/instahelp_web/save/../save/save_main.py", line 152, in save
    raise Exception(ex)
Exception: Message: element click intercepted: Element <div>...</div> is not clickable at point (457, 620). Other element would receive the click: <div data-bloks-name="bk.components.Collection" class="wbloks_1 wbloks_93 wbloks_91" style="flex-grow: 1; display: block; pointer-events: auto;">...</div>
  (Session info: chrome=124.0.6367.61)
Stacktrace:
0   chromedriver                        0x0000000104f583e8 chromedriver + 4326376
1   chromedriver                        0x0000000104f508b0 chromedriver + 4294832
2   chromedriver                        0x0000000104b7c088 chromedriver + 278664
3   chromedriver                        0x0000000104bc4554 chromedriver + 574804
4   chromedriver                        0x0000000104bc2ad8 chromedriver + 568024
5   chromedriver                        0x0000000104bc0c58 chromedriver + 560216
6   chromedriver                        0x0000000104bc0188 chromedriver + 557448
7   chromedriver                        0x0000000104bb53ac chromedriver + 512940
8   chromedriver                        0x0000000104bb4dd0 chromedriver + 511440
9   chromedriver                        0x0000000104bf74f8 chromedriver + 783608
10  chromedriver                        0x0000000104bb34e4 chromedriver + 505060
11  chromedriver                        0x0000000104bb3f5c chromedriver + 507740
12  chromedriver                        0x0000000104f1b984 chromedriver + 4077956
13  chromedriver                        0x0000000104f2073c chromedriver + 4097852
14  chromedriver                        0x0000000104f02528 chromedriver + 3974440
15  chromedriver                        0x0000000104f21054 chromedriver + 4100180
16  chromedriver                        0x0000000104ef3b18 chromedriver + 3914520
17  chromedriver                        0x0000000104f4165c chromedriver + 4232796
18  chromedriver                        0x0000000104f417d8 chromedriver + 4233176
19  chromedriver                        0x0000000104f50524 chromedriver + 4293924
20  libsystem_pthread.dylib             0x000000018e07af94 _pthread_start + 136
21  libsystem_pthread.dylib             0x000000018e075d34 thread_start + 8


During handling of the above exception, another exception occurred:

Traceback (most recent call last):
  File "/Volumes/Expansion/ohs/project/study/python/instahelp_web/save/../save/save_main.py", line 111, in dashboard
    result, message = fetch_order()
  File "/Volumes/Expansion/ohs/project/study/python/instahelp_web/save/../save/save_main.py", line 136, in fetch_order
    raise Exception(ex)
Exception: Message: element click intercepted: Element <div>...</div> is not clickable at point (457, 620). Other element would receive the click: <div data-bloks-name="bk.components.Collection" class="wbloks_1 wbloks_93 wbloks_91" style="flex-grow: 1; display: block; pointer-events: auto;">...</div>
  (Session info: chrome=124.0.6367.61)
Stacktrace:
0   chromedriver                        0x0000000104f583e8 chromedriver + 4326376
1   chromedriver                        0x0000000104f508b0 chromedriver + 4294832
2   chromedriver                        0x0000000104b7c088 chromedriver + 278664
3   chromedriver                        0x0000000104bc4554 chromedriver + 574804
4   chromedriver                        0x0000000104bc2ad8 chromedriver + 568024
5   chromedriver                        0x0000000104bc0c58 chromedriver + 560216
6   chromedriver                        0x0000000104bc0188 chromedriver + 557448
7   chromedriver                        0x0000000104bb53ac chromedriver + 512940
8   chromedriver                        0x0000000104bb4dd0 chromedriver + 511440
9   chromedriver                        0x0000000104bf74f8 chromedriver + 783608
10  chromedriver                        0x0000000104bb34e4 chromedriver + 505060
11  chromedriver                        0x0000000104bb3f5c chromedriver + 507740
12  chromedriver                        0x0000000104f1b984 chromedriver + 4077956
13  chromedriver                        0x0000000104f2073c chromedriver + 4097852
14  chromedriver                        0x0000000104f02528 chromedriver + 3974440
15  chromedriver                        0x0000000104f21054 chromedriver + 4100180
16  chromedriver                        0x0000000104ef3b18 chromedriver + 3914520
17  chromedriver                        0x0000000104f4165c chromedriver + 4232796
18  chromedriver                        0x0000000104f417d8 chromedriver + 4233176
19  chromedriver                        0x0000000104f50524 chromedriver + 4293924
20  libsystem_pthread.dylib             0x000000018e07af94 _pthread_start + 136
21  libsystem_pthread.dylib             0x000000018e075d34 thread_start + 8


8867/2024-04-22 09:53:20/Traceback (most recent call last):
  File "/Volumes/Expansion/ohs/project/study/python/instahelp_web/save/../save/save_main.py", line 146, in save
    save_element.click()
  File "/Volumes/Expansion/ohs/project/study/python/instahelp_web/venv/lib/python3.10/site-packages/selenium/webdriver/remote/webelement.py", line 94, in click
    self._execute(Command.CLICK_ELEMENT)
  File "/Volumes/Expansion/ohs/project/study/python/instahelp_web/venv/lib/python3.10/site-packages/selenium/webdriver/remote/webelement.py", line 395, in _execute
    return self._parent.execute(command, params)
  File "/Volumes/Expansion/ohs/project/study/python/instahelp_web/venv/lib/python3.10/site-packages/selenium/webdriver/remote/webdriver.py", line 347, in execute
    self.error_handler.check_response(response)
  File "/Volumes/Expansion/ohs/project/study/python/instahelp_web/venv/lib/python3.10/site-packages/selenium/webdriver/remote/errorhandler.py", line 229, in check_response
    raise exception_class(message, screen, stacktrace)
selenium.common.exceptions.ElementClickInterceptedException: Message: element click intercepted: Element <div>...</div> is not clickable at point (457, 620). Other element would receive the click: <div data-bloks-name="bk.components.Collection" class="wbloks_1 wbloks_93 wbloks_91" style="flex-grow: 1; display: block; pointer-events: auto;">...</div>
  (Session info: chrome=124.0.6367.61)
Stacktrace:
0   chromedriver                        0x0000000102f083e8 chromedriver + 4326376
1   chromedriver                        0x0000000102f008b0 chromedriver + 4294832
2   chromedriver                        0x0000000102b2c088 chromedriver + 278664
3   chromedriver                        0x0000000102b74554 chromedriver + 574804
4   chromedriver                        0x0000000102b72ad8 chromedriver + 568024
5   chromedriver                        0x0000000102b70c58 chromedriver + 560216
6   chromedriver                        0x0000000102b70188 chromedriver + 557448
7   chromedriver                        0x0000000102b653ac chromedriver + 512940
8   chromedriver                        0x0000000102b64dd0 chromedriver + 511440
9   chromedriver                        0x0000000102ba74f8 chromedriver + 783608
10  chromedriver                        0x0000000102b634e4 chromedriver + 505060
11  chromedriver                        0x0000000102b63f5c chromedriver + 507740
12  chromedriver                        0x0000000102ecb984 chromedriver + 4077956
13  chromedriver                        0x0000000102ed073c chromedriver + 4097852
14  chromedriver                        0x0000000102eb2528 chromedriver + 3974440
15  chromedriver                        0x0000000102ed1054 chromedriver + 4100180
16  chromedriver                        0x0000000102ea3b18 chromedriver + 3914520
17  chromedriver                        0x0000000102ef165c chromedriver + 4232796
18  chromedriver                        0x0000000102ef17d8 chromedriver + 4233176
19  chromedriver                        0x0000000102f00524 chromedriver + 4293924
20  libsystem_pthread.dylib             0x000000018e07af94 _pthread_start + 136
21  libsystem_pthread.dylib             0x000000018e075d34 thread_start + 8


During handling of the above exception, another exception occurred:

Traceback (most recent call last):
  File "/Volumes/Expansion/ohs/project/study/python/instahelp_web/save/../save/save_main.py", line 133, in fetch_order
    result, message = save()
  File "/Volumes/Expansion/ohs/project/study/python/instahelp_web/save/../save/save_main.py", line 152, in save
    raise Exception(ex)
Exception: Message: element click intercepted: Element <div>...</div> is not clickable at point (457, 620). Other element would receive the click: <div data-bloks-name="bk.components.Collection" class="wbloks_1 wbloks_93 wbloks_91" style="flex-grow: 1; display: block; pointer-events: auto;">...</div>
  (Session info: chrome=124.0.6367.61)
Stacktrace:
0   chromedriver                        0x0000000102f083e8 chromedriver + 4326376
1   chromedriver                        0x0000000102f008b0 chromedriver + 4294832
2   chromedriver                        0x0000000102b2c088 chromedriver + 278664
3   chromedriver                        0x0000000102b74554 chromedriver + 574804
4   chromedriver                        0x0000000102b72ad8 chromedriver + 568024
5   chromedriver                        0x0000000102b70c58 chromedriver + 560216
6   chromedriver                        0x0000000102b70188 chromedriver + 557448
7   chromedriver                        0x0000000102b653ac chromedriver + 512940
8   chromedriver                        0x0000000102b64dd0 chromedriver + 511440
9   chromedriver                        0x0000000102ba74f8 chromedriver + 783608
10  chromedriver                        0x0000000102b634e4 chromedriver + 505060
11  chromedriver                        0x0000000102b63f5c chromedriver + 507740
12  chromedriver                        0x0000000102ecb984 chromedriver + 4077956
13  chromedriver                        0x0000000102ed073c chromedriver + 4097852
14  chromedriver                        0x0000000102eb2528 chromedriver + 3974440
15  chromedriver                        0x0000000102ed1054 chromedriver + 4100180
16  chromedriver                        0x0000000102ea3b18 chromedriver + 3914520
17  chromedriver                        0x0000000102ef165c chromedriver + 4232796
18  chromedriver                        0x0000000102ef17d8 chromedriver + 4233176
19  chromedriver                        0x0000000102f00524 chromedriver + 4293924
20  libsystem_pthread.dylib             0x000000018e07af94 _pthread_start + 136
21  libsystem_pthread.dylib             0x000000018e075d34 thread_start + 8


During handling of the above exception, another exception occurred:

Traceback (most recent call last):
  File "/Volumes/Expansion/ohs/project/study/python/instahelp_web/save/../save/save_main.py", line 111, in dashboard
    result, message = fetch_order()
  File "/Volumes/Expansion/ohs/project/study/python/instahelp_web/save/../save/save_main.py", line 136, in fetch_order
    raise Exception(ex)
Exception: Message: element click intercepted: Element <div>...</div> is not clickable at point (457, 620). Other element would receive the click: <div data-bloks-name="bk.components.Collection" class="wbloks_1 wbloks_93 wbloks_91" style="flex-grow: 1; display: block; pointer-events: auto;">...</div>
  (Session info: chrome=124.0.6367.61)
Stacktrace:
0   chromedriver                        0x0000000102f083e8 chromedriver + 4326376
1   chromedriver                        0x0000000102f008b0 chromedriver + 4294832
2   chromedriver                        0x0000000102b2c088 chromedriver + 278664
3   chromedriver                        0x0000000102b74554 chromedriver + 574804
4   chromedriver                        0x0000000102b72ad8 chromedriver + 568024
5   chromedriver                        0x0000000102b70c58 chromedriver + 560216
6   chromedriver                        0x0000000102b70188 chromedriver + 557448
7   chromedriver                        0x0000000102b653ac chromedriver + 512940
8   chromedriver                        0x0000000102b64dd0 chromedriver + 511440
9   chromedriver                        0x0000000102ba74f8 chromedriver + 783608
10  chromedriver                        0x0000000102b634e4 chromedriver + 505060
11  chromedriver                        0x0000000102b63f5c chromedriver + 507740
12  chromedriver                        0x0000000102ecb984 chromedriver + 4077956
13  chromedriver                        0x0000000102ed073c chromedriver + 4097852
14  chromedriver                        0x0000000102eb2528 chromedriver + 3974440
15  chromedriver                        0x0000000102ed1054 chromedriver + 4100180
16  chromedriver                        0x0000000102ea3b18 chromedriver + 3914520
17  chromedriver                        0x0000000102ef165c chromedriver + 4232796
18  chromedriver                        0x0000000102ef17d8 chromedriver + 4233176
19  chromedriver                        0x0000000102f00524 chromedriver + 4293924
20  libsystem_pthread.dylib             0x000000018e07af94 _pthread_start + 136
21  libsystem_pthread.dylib             0x000000018e075d34 thread_start + 8


8867/2024-04-22 09:59:58/Traceback (most recent call last):
  File "/Volumes/Expansion/ohs/project/study/python/instahelp_web/save/../save/save_main.py", line 147, in agree_check
    for agree in filter_agree_elements:
TypeError: 'WebElement' object is not iterable

During handling of the above exception, another exception occurred:

Traceback (most recent call last):
  File "/Volumes/Expansion/ohs/project/study/python/instahelp_web/save/../save/save_main.py", line 134, in fetch_order
    agree_check()
  File "/Volumes/Expansion/ohs/project/study/python/instahelp_web/save/../save/save_main.py", line 152, in agree_check
    raise Exception(ex)
Exception: 'WebElement' object is not iterable

During handling of the above exception, another exception occurred:

Traceback (most recent call last):
  File "/Volumes/Expansion/ohs/project/study/python/instahelp_web/save/../save/save_main.py", line 111, in dashboard
    result, message = fetch_order()
  File "/Volumes/Expansion/ohs/project/study/python/instahelp_web/save/../save/save_main.py", line 138, in fetch_order
    raise Exception(ex)
Exception: 'WebElement' object is not iterable

8867/2024-04-22 10:00:42/Traceback (most recent call last):
  File "/Volumes/Expansion/ohs/project/study/python/instahelp_web/save/../save/save_main.py", line 148, in agree_check
    for agree in filter_agree_elements:
TypeError: 'WebElement' object is not iterable

During handling of the above exception, another exception occurred:

Traceback (most recent call last):
  File "/Volumes/Expansion/ohs/project/study/python/instahelp_web/save/../save/save_main.py", line 134, in fetch_order
    agree_check()
  File "/Volumes/Expansion/ohs/project/study/python/instahelp_web/save/../save/save_main.py", line 153, in agree_check
    raise Exception(ex)
Exception: 'WebElement' object is not iterable

During handling of the above exception, another exception occurred:

Traceback (most recent call last):
  File "/Volumes/Expansion/ohs/project/study/python/instahelp_web/save/../save/save_main.py", line 111, in dashboard
    result, message = fetch_order()
  File "/Volumes/Expansion/ohs/project/study/python/instahelp_web/save/../save/save_main.py", line 138, in fetch_order
    raise Exception(ex)
Exception: 'WebElement' object is not iterable

8867/2024-04-22 10:01:17/Traceback (most recent call last):
  File "/Volumes/Expansion/ohs/project/study/python/instahelp_web/save/../save/save_main.py", line 149, in agree_check
    for agree in filter_agree_elements:
TypeError: 'WebElement' object is not iterable

During handling of the above exception, another exception occurred:

Traceback (most recent call last):
  File "/Volumes/Expansion/ohs/project/study/python/instahelp_web/save/../save/save_main.py", line 134, in fetch_order
    agree_check()
  File "/Volumes/Expansion/ohs/project/study/python/instahelp_web/save/../save/save_main.py", line 154, in agree_check
    raise Exception(ex)
Exception: 'WebElement' object is not iterable

During handling of the above exception, another exception occurred:

Traceback (most recent call last):
  File "/Volumes/Expansion/ohs/project/study/python/instahelp_web/save/../save/save_main.py", line 111, in dashboard
    result, message = fetch_order()
  File "/Volumes/Expansion/ohs/project/study/python/instahelp_web/save/../save/save_main.py", line 138, in fetch_order
    raise Exception(ex)
Exception: 'WebElement' object is not iterable

8867/2024-04-22 10:03:27/Traceback (most recent call last):
  File "/Volumes/Expansion/ohs/project/study/python/instahelp_web/save/../save/save_main.py", line 150, in agree_check
    agree.set_attribute("aria-checked", "true")
AttributeError: 'WebElement' object has no attribute 'set_attribute'. Did you mean: 'get_attribute'?

During handling of the above exception, another exception occurred:

Traceback (most recent call last):
  File "/Volumes/Expansion/ohs/project/study/python/instahelp_web/save/../save/save_main.py", line 134, in fetch_order
    agree_check()
  File "/Volumes/Expansion/ohs/project/study/python/instahelp_web/save/../save/save_main.py", line 154, in agree_check
    raise Exception(ex)
Exception: 'WebElement' object has no attribute 'set_attribute'

During handling of the above exception, another exception occurred:

Traceback (most recent call last):
  File "/Volumes/Expansion/ohs/project/study/python/instahelp_web/save/../save/save_main.py", line 111, in dashboard
    result, message = fetch_order()
  File "/Volumes/Expansion/ohs/project/study/python/instahelp_web/save/../save/save_main.py", line 138, in fetch_order
    raise Exception(ex)
Exception: 'WebElement' object has no attribute 'set_attribute'

8867/2024-04-22 10:04:11/Traceback (most recent call last):
  File "/Volumes/Expansion/ohs/project/study/python/instahelp_web/save/../save/save_main.py", line 150, in agree_check
    agree.set_attribute("aria-checked", "true")
AttributeError: 'WebElement' object has no attribute 'set_attribute'. Did you mean: 'get_attribute'?

During handling of the above exception, another exception occurred:

Traceback (most recent call last):
  File "/Volumes/Expansion/ohs/project/study/python/instahelp_web/save/../save/save_main.py", line 134, in fetch_order
    agree_check()
  File "/Volumes/Expansion/ohs/project/study/python/instahelp_web/save/../save/save_main.py", line 154, in agree_check
    raise Exception(ex)
Exception: 'WebElement' object has no attribute 'set_attribute'

During handling of the above exception, another exception occurred:

Traceback (most recent call last):
  File "/Volumes/Expansion/ohs/project/study/python/instahelp_web/save/../save/save_main.py", line 111, in dashboard
    result, message = fetch_order()
  File "/Volumes/Expansion/ohs/project/study/python/instahelp_web/save/../save/save_main.py", line 138, in fetch_order
    raise Exception(ex)
Exception: 'WebElement' object has no attribute 'set_attribute'

8867/2024-04-22 10:05:44/Traceback (most recent call last):
  File "/Volumes/Expansion/ohs/project/study/python/instahelp_web/save/../save/save_main.py", line 164, in save
    save_element.click()
  File "/Volumes/Expansion/ohs/project/study/python/instahelp_web/venv/lib/python3.10/site-packages/selenium/webdriver/remote/webelement.py", line 94, in click
    self._execute(Command.CLICK_ELEMENT)
  File "/Volumes/Expansion/ohs/project/study/python/instahelp_web/venv/lib/python3.10/site-packages/selenium/webdriver/remote/webelement.py", line 395, in _execute
    return self._parent.execute(command, params)
  File "/Volumes/Expansion/ohs/project/study/python/instahelp_web/venv/lib/python3.10/site-packages/selenium/webdriver/remote/webdriver.py", line 347, in execute
    self.error_handler.check_response(response)
  File "/Volumes/Expansion/ohs/project/study/python/instahelp_web/venv/lib/python3.10/site-packages/selenium/webdriver/remote/errorhandler.py", line 229, in check_response
    raise exception_class(message, screen, stacktrace)
selenium.common.exceptions.ElementClickInterceptedException: Message: element click intercepted: Element <div>...</div> is not clickable at point (457, 620). Other element would receive the click: <div data-bloks-name="bk.components.Collection" class="wbloks_1 wbloks_93 wbloks_91" style="flex-grow: 1; display: block; pointer-events: auto;">...</div>
  (Session info: chrome=124.0.6367.61)
Stacktrace:
0   chromedriver                        0x0000000100f583e8 chromedriver + 4326376
1   chromedriver                        0x0000000100f508b0 chromedriver + 4294832
2   chromedriver                        0x0000000100b7c088 chromedriver + 278664
3   chromedriver                        0x0000000100bc4554 chromedriver + 574804
4   chromedriver                        0x0000000100bc2ad8 chromedriver + 568024
5   chromedriver                        0x0000000100bc0c58 chromedriver + 560216
6   chromedriver                        0x0000000100bc0188 chromedriver + 557448
7   chromedriver                        0x0000000100bb53ac chromedriver + 512940
8   chromedriver                        0x0000000100bb4dd0 chromedriver + 511440
9   chromedriver                        0x0000000100bf74f8 chromedriver + 783608
10  chromedriver                        0x0000000100bb34e4 chromedriver + 505060
11  chromedriver                        0x0000000100bb3f5c chromedriver + 507740
12  chromedriver                        0x0000000100f1b984 chromedriver + 4077956
13  chromedriver                        0x0000000100f2073c chromedriver + 4097852
14  chromedriver                        0x0000000100f02528 chromedriver + 3974440
15  chromedriver                        0x0000000100f21054 chromedriver + 4100180
16  chromedriver                        0x0000000100ef3b18 chromedriver + 3914520
17  chromedriver                        0x0000000100f4165c chromedriver + 4232796
18  chromedriver                        0x0000000100f417d8 chromedriver + 4233176
19  chromedriver                        0x0000000100f50524 chromedriver + 4293924
20  libsystem_pthread.dylib             0x000000018e07af94 _pthread_start + 136
21  libsystem_pthread.dylib             0x000000018e075d34 thread_start + 8


During handling of the above exception, another exception occurred:

Traceback (most recent call last):
  File "/Volumes/Expansion/ohs/project/study/python/instahelp_web/save/../save/save_main.py", line 135, in fetch_order
    result, message = save()
  File "/Volumes/Expansion/ohs/project/study/python/instahelp_web/save/../save/save_main.py", line 170, in save
    raise Exception(ex)
Exception: Message: element click intercepted: Element <div>...</div> is not clickable at point (457, 620). Other element would receive the click: <div data-bloks-name="bk.components.Collection" class="wbloks_1 wbloks_93 wbloks_91" style="flex-grow: 1; display: block; pointer-events: auto;">...</div>
  (Session info: chrome=124.0.6367.61)
Stacktrace:
0   chromedriver                        0x0000000100f583e8 chromedriver + 4326376
1   chromedriver                        0x0000000100f508b0 chromedriver + 4294832
2   chromedriver                        0x0000000100b7c088 chromedriver + 278664
3   chromedriver                        0x0000000100bc4554 chromedriver + 574804
4   chromedriver                        0x0000000100bc2ad8 chromedriver + 568024
5   chromedriver                        0x0000000100bc0c58 chromedriver + 560216
6   chromedriver                        0x0000000100bc0188 chromedriver + 557448
7   chromedriver                        0x0000000100bb53ac chromedriver + 512940
8   chromedriver                        0x0000000100bb4dd0 chromedriver + 511440
9   chromedriver                        0x0000000100bf74f8 chromedriver + 783608
10  chromedriver                        0x0000000100bb34e4 chromedriver + 505060
11  chromedriver                        0x0000000100bb3f5c chromedriver + 507740
12  chromedriver                        0x0000000100f1b984 chromedriver + 4077956
13  chromedriver                        0x0000000100f2073c chromedriver + 4097852
14  chromedriver                        0x0000000100f02528 chromedriver + 3974440
15  chromedriver                        0x0000000100f21054 chromedriver + 4100180
16  chromedriver                        0x0000000100ef3b18 chromedriver + 3914520
17  chromedriver                        0x0000000100f4165c chromedriver + 4232796
18  chromedriver                        0x0000000100f417d8 chromedriver + 4233176
19  chromedriver                        0x0000000100f50524 chromedriver + 4293924
20  libsystem_pthread.dylib             0x000000018e07af94 _pthread_start + 136
21  libsystem_pthread.dylib             0x000000018e075d34 thread_start + 8


During handling of the above exception, another exception occurred:

Traceback (most recent call last):
  File "/Volumes/Expansion/ohs/project/study/python/instahelp_web/save/../save/save_main.py", line 111, in dashboard
    result, message = fetch_order()
  File "/Volumes/Expansion/ohs/project/study/python/instahelp_web/save/../save/save_main.py", line 138, in fetch_order
    raise Exception(ex)
Exception: Message: element click intercepted: Element <div>...</div> is not clickable at point (457, 620). Other element would receive the click: <div data-bloks-name="bk.components.Collection" class="wbloks_1 wbloks_93 wbloks_91" style="flex-grow: 1; display: block; pointer-events: auto;">...</div>
  (Session info: chrome=124.0.6367.61)
Stacktrace:
0   chromedriver                        0x0000000100f583e8 chromedriver + 4326376
1   chromedriver                        0x0000000100f508b0 chromedriver + 4294832
2   chromedriver                        0x0000000100b7c088 chromedriver + 278664
3   chromedriver                        0x0000000100bc4554 chromedriver + 574804
4   chromedriver                        0x0000000100bc2ad8 chromedriver + 568024
5   chromedriver                        0x0000000100bc0c58 chromedriver + 560216
6   chromedriver                        0x0000000100bc0188 chromedriver + 557448
7   chromedriver                        0x0000000100bb53ac chromedriver + 512940
8   chromedriver                        0x0000000100bb4dd0 chromedriver + 511440
9   chromedriver                        0x0000000100bf74f8 chromedriver + 783608
10  chromedriver                        0x0000000100bb34e4 chromedriver + 505060
11  chromedriver                        0x0000000100bb3f5c chromedriver + 507740
12  chromedriver                        0x0000000100f1b984 chromedriver + 4077956
13  chromedriver                        0x0000000100f2073c chromedriver + 4097852
14  chromedriver                        0x0000000100f02528 chromedriver + 3974440
15  chromedriver                        0x0000000100f21054 chromedriver + 4100180
16  chromedriver                        0x0000000100ef3b18 chromedriver + 3914520
17  chromedriver                        0x0000000100f4165c chromedriver + 4232796
18  chromedriver                        0x0000000100f417d8 chromedriver + 4233176
19  chromedriver                        0x0000000100f50524 chromedriver + 4293924
20  libsystem_pthread.dylib             0x000000018e07af94 _pthread_start + 136
21  libsystem_pthread.dylib             0x000000018e075d34 thread_start + 8


8867/2024-04-22 10:06:40/Traceback (most recent call last):
  File "/Volumes/Expansion/ohs/project/study/python/instahelp_web/save/../save/save_main.py", line 163, in save
    save_element.click()
  File "/Volumes/Expansion/ohs/project/study/python/instahelp_web/venv/lib/python3.10/site-packages/selenium/webdriver/remote/webelement.py", line 94, in click
    self._execute(Command.CLICK_ELEMENT)
  File "/Volumes/Expansion/ohs/project/study/python/instahelp_web/venv/lib/python3.10/site-packages/selenium/webdriver/remote/webelement.py", line 395, in _execute
    return self._parent.execute(command, params)
  File "/Volumes/Expansion/ohs/project/study/python/instahelp_web/venv/lib/python3.10/site-packages/selenium/webdriver/remote/webdriver.py", line 347, in execute
    self.error_handler.check_response(response)
  File "/Volumes/Expansion/ohs/project/study/python/instahelp_web/venv/lib/python3.10/site-packages/selenium/webdriver/remote/errorhandler.py", line 229, in check_response
    raise exception_class(message, screen, stacktrace)
selenium.common.exceptions.ElementClickInterceptedException: Message: element click intercepted: Element <div>...</div> is not clickable at point (457, 620). Other element would receive the click: <div data-bloks-name="bk.components.Collection" class="wbloks_1 wbloks_93 wbloks_91" style="flex-grow: 1; display: block; pointer-events: auto;">...</div>
  (Session info: chrome=124.0.6367.61)
Stacktrace:
0   chromedriver                        0x00000001053e43e8 chromedriver + 4326376
1   chromedriver                        0x00000001053dc8b0 chromedriver + 4294832
2   chromedriver                        0x0000000105008088 chromedriver + 278664
3   chromedriver                        0x0000000105050554 chromedriver + 574804
4   chromedriver                        0x000000010504ead8 chromedriver + 568024
5   chromedriver                        0x000000010504cc58 chromedriver + 560216
6   chromedriver                        0x000000010504c188 chromedriver + 557448
7   chromedriver                        0x00000001050413ac chromedriver + 512940
8   chromedriver                        0x0000000105040dd0 chromedriver + 511440
9   chromedriver                        0x00000001050834f8 chromedriver + 783608
10  chromedriver                        0x000000010503f4e4 chromedriver + 505060
11  chromedriver                        0x000000010503ff5c chromedriver + 507740
12  chromedriver                        0x00000001053a7984 chromedriver + 4077956
13  chromedriver                        0x00000001053ac73c chromedriver + 4097852
14  chromedriver                        0x000000010538e528 chromedriver + 3974440
15  chromedriver                        0x00000001053ad054 chromedriver + 4100180
16  chromedriver                        0x000000010537fb18 chromedriver + 3914520
17  chromedriver                        0x00000001053cd65c chromedriver + 4232796
18  chromedriver                        0x00000001053cd7d8 chromedriver + 4233176
19  chromedriver                        0x00000001053dc524 chromedriver + 4293924
20  libsystem_pthread.dylib             0x000000018e07af94 _pthread_start + 136
21  libsystem_pthread.dylib             0x000000018e075d34 thread_start + 8


During handling of the above exception, another exception occurred:

Traceback (most recent call last):
  File "/Volumes/Expansion/ohs/project/study/python/instahelp_web/save/../save/save_main.py", line 135, in fetch_order
    result, message = save()
  File "/Volumes/Expansion/ohs/project/study/python/instahelp_web/save/../save/save_main.py", line 169, in save
    raise Exception(ex)
Exception: Message: element click intercepted: Element <div>...</div> is not clickable at point (457, 620). Other element would receive the click: <div data-bloks-name="bk.components.Collection" class="wbloks_1 wbloks_93 wbloks_91" style="flex-grow: 1; display: block; pointer-events: auto;">...</div>
  (Session info: chrome=124.0.6367.61)
Stacktrace:
0   chromedriver                        0x00000001053e43e8 chromedriver + 4326376
1   chromedriver                        0x00000001053dc8b0 chromedriver + 4294832
2   chromedriver                        0x0000000105008088 chromedriver + 278664
3   chromedriver                        0x0000000105050554 chromedriver + 574804
4   chromedriver                        0x000000010504ead8 chromedriver + 568024
5   chromedriver                        0x000000010504cc58 chromedriver + 560216
6   chromedriver                        0x000000010504c188 chromedriver + 557448
7   chromedriver                        0x00000001050413ac chromedriver + 512940
8   chromedriver                        0x0000000105040dd0 chromedriver + 511440
9   chromedriver                        0x00000001050834f8 chromedriver + 783608
10  chromedriver                        0x000000010503f4e4 chromedriver + 505060
11  chromedriver                        0x000000010503ff5c chromedriver + 507740
12  chromedriver                        0x00000001053a7984 chromedriver + 4077956
13  chromedriver                        0x00000001053ac73c chromedriver + 4097852
14  chromedriver                        0x000000010538e528 chromedriver + 3974440
15  chromedriver                        0x00000001053ad054 chromedriver + 4100180
16  chromedriver                        0x000000010537fb18 chromedriver + 3914520
17  chromedriver                        0x00000001053cd65c chromedriver + 4232796
18  chromedriver                        0x00000001053cd7d8 chromedriver + 4233176
19  chromedriver                        0x00000001053dc524 chromedriver + 4293924
20  libsystem_pthread.dylib             0x000000018e07af94 _pthread_start + 136
21  libsystem_pthread.dylib             0x000000018e075d34 thread_start + 8


During handling of the above exception, another exception occurred:

Traceback (most recent call last):
  File "/Volumes/Expansion/ohs/project/study/python/instahelp_web/save/../save/save_main.py", line 111, in dashboard
    result, message = fetch_order()
  File "/Volumes/Expansion/ohs/project/study/python/instahelp_web/save/../save/save_main.py", line 138, in fetch_order
    raise Exception(ex)
Exception: Message: element click intercepted: Element <div>...</div> is not clickable at point (457, 620). Other element would receive the click: <div data-bloks-name="bk.components.Collection" class="wbloks_1 wbloks_93 wbloks_91" style="flex-grow: 1; display: block; pointer-events: auto;">...</div>
  (Session info: chrome=124.0.6367.61)
Stacktrace:
0   chromedriver                        0x00000001053e43e8 chromedriver + 4326376
1   chromedriver                        0x00000001053dc8b0 chromedriver + 4294832
2   chromedriver                        0x0000000105008088 chromedriver + 278664
3   chromedriver                        0x0000000105050554 chromedriver + 574804
4   chromedriver                        0x000000010504ead8 chromedriver + 568024
5   chromedriver                        0x000000010504cc58 chromedriver + 560216
6   chromedriver                        0x000000010504c188 chromedriver + 557448
7   chromedriver                        0x00000001050413ac chromedriver + 512940
8   chromedriver                        0x0000000105040dd0 chromedriver + 511440
9   chromedriver                        0x00000001050834f8 chromedriver + 783608
10  chromedriver                        0x000000010503f4e4 chromedriver + 505060
11  chromedriver                        0x000000010503ff5c chromedriver + 507740
12  chromedriver                        0x00000001053a7984 chromedriver + 4077956
13  chromedriver                        0x00000001053ac73c chromedriver + 4097852
14  chromedriver                        0x000000010538e528 chromedriver + 3974440
15  chromedriver                        0x00000001053ad054 chromedriver + 4100180
16  chromedriver                        0x000000010537fb18 chromedriver + 3914520
17  chromedriver                        0x00000001053cd65c chromedriver + 4232796
18  chromedriver                        0x00000001053cd7d8 chromedriver + 4233176
19  chromedriver                        0x00000001053dc524 chromedriver + 4293924
20  libsystem_pthread.dylib             0x000000018e07af94 _pthread_start + 136
21  libsystem_pthread.dylib             0x000000018e075d34 thread_start + 8


8867/2024-04-22 10:15:41/Traceback (most recent call last):
  File "/Volumes/Expansion/ohs/project/study/python/instahelp_web/save/../save/save_main.py", line 134, in fetch_order
    if agree_check():
  File "/Volumes/Expansion/ohs/project/study/python/instahelp_web/save/../save/save_main.py", line 146, in agree_check
    agrees = common.find_elements("CLASS_NAME", "wbloks_1", driver)
TypeError: find_elements() missing 1 required positional argument: 'wait'

During handling of the above exception, another exception occurred:

Traceback (most recent call last):
  File "/Volumes/Expansion/ohs/project/study/python/instahelp_web/save/../save/save_main.py", line 111, in dashboard
    result, message = fetch_order()
  File "/Volumes/Expansion/ohs/project/study/python/instahelp_web/save/../save/save_main.py", line 140, in fetch_order
    raise Exception(ex)
Exception: find_elements() missing 1 required positional argument: 'wait'

8867/2024-04-22 10:16:38/Traceback (most recent call last):
  File "/Volumes/Expansion/ohs/project/study/python/instahelp_web/save/../save/save_main.py", line 180, in save
    save_element.click()
  File "/Volumes/Expansion/ohs/project/study/python/instahelp_web/venv/lib/python3.10/site-packages/selenium/webdriver/remote/webelement.py", line 94, in click
    self._execute(Command.CLICK_ELEMENT)
  File "/Volumes/Expansion/ohs/project/study/python/instahelp_web/venv/lib/python3.10/site-packages/selenium/webdriver/remote/webelement.py", line 395, in _execute
    return self._parent.execute(command, params)
  File "/Volumes/Expansion/ohs/project/study/python/instahelp_web/venv/lib/python3.10/site-packages/selenium/webdriver/remote/webdriver.py", line 347, in execute
    self.error_handler.check_response(response)
  File "/Volumes/Expansion/ohs/project/study/python/instahelp_web/venv/lib/python3.10/site-packages/selenium/webdriver/remote/errorhandler.py", line 229, in check_response
    raise exception_class(message, screen, stacktrace)
selenium.common.exceptions.ElementClickInterceptedException: Message: element click intercepted: Element <div>...</div> is not clickable at point (457, 620). Other element would receive the click: <div data-bloks-name="bk.components.Collection" class="wbloks_1 wbloks_93 wbloks_91" style="flex-grow: 1; display: block; pointer-events: auto;">...</div>
  (Session info: chrome=124.0.6367.61)
Stacktrace:
0   chromedriver                        0x00000001044f03e8 chromedriver + 4326376
1   chromedriver                        0x00000001044e88b0 chromedriver + 4294832
2   chromedriver                        0x0000000104114088 chromedriver + 278664
3   chromedriver                        0x000000010415c554 chromedriver + 574804
4   chromedriver                        0x000000010415aad8 chromedriver + 568024
5   chromedriver                        0x0000000104158c58 chromedriver + 560216
6   chromedriver                        0x0000000104158188 chromedriver + 557448
7   chromedriver                        0x000000010414d3ac chromedriver + 512940
8   chromedriver                        0x000000010414cdd0 chromedriver + 511440
9   chromedriver                        0x000000010418f4f8 chromedriver + 783608
10  chromedriver                        0x000000010414b4e4 chromedriver + 505060
11  chromedriver                        0x000000010414bf5c chromedriver + 507740
12  chromedriver                        0x00000001044b3984 chromedriver + 4077956
13  chromedriver                        0x00000001044b873c chromedriver + 4097852
14  chromedriver                        0x000000010449a528 chromedriver + 3974440
15  chromedriver                        0x00000001044b9054 chromedriver + 4100180
16  chromedriver                        0x000000010448bb18 chromedriver + 3914520
17  chromedriver                        0x00000001044d965c chromedriver + 4232796
18  chromedriver                        0x00000001044d97d8 chromedriver + 4233176
19  chromedriver                        0x00000001044e8524 chromedriver + 4293924
20  libsystem_pthread.dylib             0x000000018e07af94 _pthread_start + 136
21  libsystem_pthread.dylib             0x000000018e075d34 thread_start + 8


During handling of the above exception, another exception occurred:

Traceback (most recent call last):
  File "/Volumes/Expansion/ohs/project/study/python/instahelp_web/save/../save/save_main.py", line 138, in fetch_order
    result, message = save()
  File "/Volumes/Expansion/ohs/project/study/python/instahelp_web/save/../save/save_main.py", line 186, in save
    raise Exception(ex)
Exception: Message: element click intercepted: Element <div>...</div> is not clickable at point (457, 620). Other element would receive the click: <div data-bloks-name="bk.components.Collection" class="wbloks_1 wbloks_93 wbloks_91" style="flex-grow: 1; display: block; pointer-events: auto;">...</div>
  (Session info: chrome=124.0.6367.61)
Stacktrace:
0   chromedriver                        0x00000001044f03e8 chromedriver + 4326376
1   chromedriver                        0x00000001044e88b0 chromedriver + 4294832
2   chromedriver                        0x0000000104114088 chromedriver + 278664
3   chromedriver                        0x000000010415c554 chromedriver + 574804
4   chromedriver                        0x000000010415aad8 chromedriver + 568024
5   chromedriver                        0x0000000104158c58 chromedriver + 560216
6   chromedriver                        0x0000000104158188 chromedriver + 557448
7   chromedriver                        0x000000010414d3ac chromedriver + 512940
8   chromedriver                        0x000000010414cdd0 chromedriver + 511440
9   chromedriver                        0x000000010418f4f8 chromedriver + 783608
10  chromedriver                        0x000000010414b4e4 chromedriver + 505060
11  chromedriver                        0x000000010414bf5c chromedriver + 507740
12  chromedriver                        0x00000001044b3984 chromedriver + 4077956
13  chromedriver                        0x00000001044b873c chromedriver + 4097852
14  chromedriver                        0x000000010449a528 chromedriver + 3974440
15  chromedriver                        0x00000001044b9054 chromedriver + 4100180
16  chromedriver                        0x000000010448bb18 chromedriver + 3914520
17  chromedriver                        0x00000001044d965c chromedriver + 4232796
18  chromedriver                        0x00000001044d97d8 chromedriver + 4233176
19  chromedriver                        0x00000001044e8524 chromedriver + 4293924
20  libsystem_pthread.dylib             0x000000018e07af94 _pthread_start + 136
21  libsystem_pthread.dylib             0x000000018e075d34 thread_start + 8


During handling of the above exception, another exception occurred:

Traceback (most recent call last):
  File "/Volumes/Expansion/ohs/project/study/python/instahelp_web/save/../save/save_main.py", line 111, in dashboard
    result, message = fetch_order()
  File "/Volumes/Expansion/ohs/project/study/python/instahelp_web/save/../save/save_main.py", line 141, in fetch_order
    raise Exception(ex)
Exception: Message: element click intercepted: Element <div>...</div> is not clickable at point (457, 620). Other element would receive the click: <div data-bloks-name="bk.components.Collection" class="wbloks_1 wbloks_93 wbloks_91" style="flex-grow: 1; display: block; pointer-events: auto;">...</div>
  (Session info: chrome=124.0.6367.61)
Stacktrace:
0   chromedriver                        0x00000001044f03e8 chromedriver + 4326376
1   chromedriver                        0x00000001044e88b0 chromedriver + 4294832
2   chromedriver                        0x0000000104114088 chromedriver + 278664
3   chromedriver                        0x000000010415c554 chromedriver + 574804
4   chromedriver                        0x000000010415aad8 chromedriver + 568024
5   chromedriver                        0x0000000104158c58 chromedriver + 560216
6   chromedriver                        0x0000000104158188 chromedriver + 557448
7   chromedriver                        0x000000010414d3ac chromedriver + 512940
8   chromedriver                        0x000000010414cdd0 chromedriver + 511440
9   chromedriver                        0x000000010418f4f8 chromedriver + 783608
10  chromedriver                        0x000000010414b4e4 chromedriver + 505060
11  chromedriver                        0x000000010414bf5c chromedriver + 507740
12  chromedriver                        0x00000001044b3984 chromedriver + 4077956
13  chromedriver                        0x00000001044b873c chromedriver + 4097852
14  chromedriver                        0x000000010449a528 chromedriver + 3974440
15  chromedriver                        0x00000001044b9054 chromedriver + 4100180
16  chromedriver                        0x000000010448bb18 chromedriver + 3914520
17  chromedriver                        0x00000001044d965c chromedriver + 4232796
18  chromedriver                        0x00000001044d97d8 chromedriver + 4233176
19  chromedriver                        0x00000001044e8524 chromedriver + 4293924
20  libsystem_pthread.dylib             0x000000018e07af94 _pthread_start + 136
21  libsystem_pthread.dylib             0x000000018e075d34 thread_start + 8


8867/2024-04-22 10:18:42/Traceback (most recent call last):
  File "/Volumes/Expansion/ohs/project/study/python/instahelp_web/save/../save/save_main.py", line 135, in fetch_order
    if agree_check():
  File "/Volumes/Expansion/ohs/project/study/python/instahelp_web/save/../save/save_main.py", line 147, in agree_check
    agrees = common.find_elements("CLASS_NAME", "wbloks_1", driver, wait)
  File "/Volumes/Expansion/ohs/project/study/python/instahelp_web/save/../common/fun.py", line 153, in find_elements
    return wait.until(EC.presence_of_all_elements_located((By.CLASS_NAME, selector_name)))
  File "/Volumes/Expansion/ohs/project/study/python/instahelp_web/venv/lib/python3.10/site-packages/selenium/webdriver/support/wait.py", line 105, in until
    raise TimeoutException(message, screen, stacktrace)
selenium.common.exceptions.TimeoutException: Message: 


During handling of the above exception, another exception occurred:

Traceback (most recent call last):
  File "/Volumes/Expansion/ohs/project/study/python/instahelp_web/save/../save/save_main.py", line 111, in dashboard
    result, message = fetch_order()
  File "/Volumes/Expansion/ohs/project/study/python/instahelp_web/save/../save/save_main.py", line 141, in fetch_order
    raise Exception(ex)
Exception: Message: 


8867/2024-04-22 10:22:14/Traceback (most recent call last):
  File "/Volumes/Expansion/ohs/project/study/python/instahelp_web/save/../save/save_main.py", line 135, in fetch_order
    if agree_check():
  File "/Volumes/Expansion/ohs/project/study/python/instahelp_web/save/../save/save_main.py", line 148, in agree_check
    agrees = common.find_elements("CLASS_NAME", "wbloks_1", driver, wait)
  File "/Volumes/Expansion/ohs/project/study/python/instahelp_web/save/../common/fun.py", line 153, in find_elements
    return wait.until(EC.presence_of_all_elements_located((By.CLASS_NAME, selector_name)))
  File "/Volumes/Expansion/ohs/project/study/python/instahelp_web/venv/lib/python3.10/site-packages/selenium/webdriver/support/wait.py", line 105, in until
    raise TimeoutException(message, screen, stacktrace)
selenium.common.exceptions.TimeoutException: Message: 


During handling of the above exception, another exception occurred:

Traceback (most recent call last):
  File "/Volumes/Expansion/ohs/project/study/python/instahelp_web/save/../save/save_main.py", line 111, in dashboard
    result, message = fetch_order()
  File "/Volumes/Expansion/ohs/project/study/python/instahelp_web/save/../save/save_main.py", line 141, in fetch_order
    raise Exception(ex)
Exception: Message: 


8867/2024-04-22 10:23:39/Traceback (most recent call last):
  File "/Volumes/Expansion/ohs/project/study/python/instahelp_web/save/../save/save_main.py", line 135, in fetch_order
    if agree_check():
  File "/Volumes/Expansion/ohs/project/study/python/instahelp_web/save/../save/save_main.py", line 148, in agree_check
    chk1 = len(common.find_elements("CLASS_NAME", "wbloks_1", driver, wait))
  File "/Volumes/Expansion/ohs/project/study/python/instahelp_web/save/../common/fun.py", line 153, in find_elements
    return wait.until(EC.presence_of_all_elements_located((By.CLASS_NAME, selector_name)))
  File "/Volumes/Expansion/ohs/project/study/python/instahelp_web/venv/lib/python3.10/site-packages/selenium/webdriver/support/wait.py", line 105, in until
    raise TimeoutException(message, screen, stacktrace)
selenium.common.exceptions.TimeoutException: Message: 


During handling of the above exception, another exception occurred:

Traceback (most recent call last):
  File "/Volumes/Expansion/ohs/project/study/python/instahelp_web/save/../save/save_main.py", line 111, in dashboard
    result, message = fetch_order()
  File "/Volumes/Expansion/ohs/project/study/python/instahelp_web/save/../save/save_main.py", line 141, in fetch_order
    raise Exception(ex)
Exception: Message: 


6153/2024-04-22 10:31:25/Traceback (most recent call last):
  File "/Volumes/Expansion/ohs/project/study/python/instahelp_web/save/../common/fun.py", line 278, in getRemains
    return int(res['remains'])
KeyError: 'remains'

During handling of the above exception, another exception occurred:

Traceback (most recent call last):
  File "/Volumes/Expansion/ohs/project/study/python/instahelp_web/save/../save/save_main.py", line 100, in dashboard
    remains = common.getRemains(order_id)
  File "/Volumes/Expansion/ohs/project/study/python/instahelp_web/save/../common/fun.py", line 280, in getRemains
    raise Exception('퍼팩트 패널  남은개수 가져오기 에러')
Exception: 퍼팩트 패널  남은개수 가져오기 에러

6153/2024-04-22 10:31:25/Traceback (most recent call last):
  File "/Volumes/Expansion/ohs/project/study/python/instahelp_web/save/../common/fun.py", line 278, in getRemains
    return int(res['remains'])
KeyError: 'remains'

During handling of the above exception, another exception occurred:

Traceback (most recent call last):
  File "/Volumes/Expansion/ohs/project/study/python/instahelp_web/save/../save/save_main.py", line 100, in dashboard
    remains = common.getRemains(order_id)
  File "/Volumes/Expansion/ohs/project/study/python/instahelp_web/save/../common/fun.py", line 280, in getRemains
    raise Exception('퍼팩트 패널  남은개수 가져오기 에러')
Exception: 퍼팩트 패널  남은개수 가져오기 에러

6153/2024-04-22 10:31:25/Traceback (most recent call last):
  File "/Volumes/Expansion/ohs/project/study/python/instahelp_web/save/../common/fun.py", line 278, in getRemains
    return int(res['remains'])
KeyError: 'remains'

During handling of the above exception, another exception occurred:

Traceback (most recent call last):
  File "/Volumes/Expansion/ohs/project/study/python/instahelp_web/save/../save/save_main.py", line 100, in dashboard
    remains = common.getRemains(order_id)
  File "/Volumes/Expansion/ohs/project/study/python/instahelp_web/save/../common/fun.py", line 280, in getRemains
    raise Exception('퍼팩트 패널  남은개수 가져오기 에러')
Exception: 퍼팩트 패널  남은개수 가져오기 에러

6153/2024-04-22 10:31:26/Traceback (most recent call last):
  File "/Volumes/Expansion/ohs/project/study/python/instahelp_web/save/../common/fun.py", line 278, in getRemains
    return int(res['remains'])
KeyError: 'remains'

During handling of the above exception, another exception occurred:

Traceback (most recent call last):
  File "/Volumes/Expansion/ohs/project/study/python/instahelp_web/save/../save/save_main.py", line 100, in dashboard
    remains = common.getRemains(order_id)
  File "/Volumes/Expansion/ohs/project/study/python/instahelp_web/save/../common/fun.py", line 280, in getRemains
    raise Exception('퍼팩트 패널  남은개수 가져오기 에러')
Exception: 퍼팩트 패널  남은개수 가져오기 에러

6153/2024-04-22 10:31:26/Traceback (most recent call last):
  File "/Volumes/Expansion/ohs/project/study/python/instahelp_web/save/../common/fun.py", line 278, in getRemains
    return int(res['remains'])
KeyError: 'remains'

During handling of the above exception, another exception occurred:

Traceback (most recent call last):
  File "/Volumes/Expansion/ohs/project/study/python/instahelp_web/save/../save/save_main.py", line 100, in dashboard
    remains = common.getRemains(order_id)
  File "/Volumes/Expansion/ohs/project/study/python/instahelp_web/save/../common/fun.py", line 280, in getRemains
    raise Exception('퍼팩트 패널  남은개수 가져오기 에러')
Exception: 퍼팩트 패널  남은개수 가져오기 에러

6153/2024-04-22 10:31:27/Traceback (most recent call last):
  File "/Volumes/Expansion/ohs/project/study/python/instahelp_web/save/../common/fun.py", line 278, in getRemains
    return int(res['remains'])
KeyError: 'remains'

During handling of the above exception, another exception occurred:

Traceback (most recent call last):
  File "/Volumes/Expansion/ohs/project/study/python/instahelp_web/save/../save/save_main.py", line 100, in dashboard
    remains = common.getRemains(order_id)
  File "/Volumes/Expansion/ohs/project/study/python/instahelp_web/save/../common/fun.py", line 280, in getRemains
    raise Exception('퍼팩트 패널  남은개수 가져오기 에러')
Exception: 퍼팩트 패널  남은개수 가져오기 에러

6153/2024-04-22 10:31:27/Traceback (most recent call last):
  File "/Volumes/Expansion/ohs/project/study/python/instahelp_web/save/../common/fun.py", line 278, in getRemains
    return int(res['remains'])
KeyError: 'remains'

During handling of the above exception, another exception occurred:

Traceback (most recent call last):
  File "/Volumes/Expansion/ohs/project/study/python/instahelp_web/save/../save/save_main.py", line 100, in dashboard
    remains = common.getRemains(order_id)
  File "/Volumes/Expansion/ohs/project/study/python/instahelp_web/save/../common/fun.py", line 280, in getRemains
    raise Exception('퍼팩트 패널  남은개수 가져오기 에러')
Exception: 퍼팩트 패널  남은개수 가져오기 에러

6154/2024-04-22 10:34:35/Traceback (most recent call last):
  File "/Volumes/Expansion/ohs/project/study/python/instahelp_web/save/../common/fun.py", line 280, in getRemains
    return int(res['remains'])
KeyError: 'remains'

During handling of the above exception, another exception occurred:

Traceback (most recent call last):
  File "/Volumes/Expansion/ohs/project/study/python/instahelp_web/save/../save/save_main.py", line 100, in dashboard
    remains = common.getRemains(order_id)
  File "/Volumes/Expansion/ohs/project/study/python/instahelp_web/save/../common/fun.py", line 282, in getRemains
    raise Exception('퍼팩트 패널  남은개수 가져오기 에러')
Exception: 퍼팩트 패널  남은개수 가져오기 에러

6156/2024-04-22 10:55:55/Traceback (most recent call last):
  File "/Volumes/Expansion/ohs/project/study/python/instahelp_web/save/../common/fun.py", line 280, in getRemains
    return int(res['remains'])
KeyError: 'remains'

During handling of the above exception, another exception occurred:

Traceback (most recent call last):
  File "/Volumes/Expansion/ohs/project/study/python/instahelp_web/save/../save/save_main.py", line 100, in dashboard
    remains = common.getRemains(order_id)
  File "/Volumes/Expansion/ohs/project/study/python/instahelp_web/save/../common/fun.py", line 282, in getRemains
    raise Exception('퍼팩트 패널  남은개수 가져오기 에러')
Exception: 퍼팩트 패널  남은개수 가져오기 에러

6157/2024-04-22 10:56:52/Traceback (most recent call last):
  File "/Volumes/Expansion/ohs/project/study/python/instahelp_web/save/../common/fun.py", line 280, in getRemains
    return int(res['remains'])
KeyError: 'remains'

During handling of the above exception, another exception occurred:

Traceback (most recent call last):
  File "/Volumes/Expansion/ohs/project/study/python/instahelp_web/save/../save/save_main.py", line 100, in dashboard
    remains = common.getRemains(order_id)
  File "/Volumes/Expansion/ohs/project/study/python/instahelp_web/save/../common/fun.py", line 282, in getRemains
    raise Exception('퍼팩트 패널  남은개수 가져오기 에러')
Exception: 퍼팩트 패널  남은개수 가져오기 에러

6158/2024-04-22 10:57:27/Traceback (most recent call last):
  File "/Volumes/Expansion/ohs/project/study/python/instahelp_web/save/../common/fun.py", line 280, in getRemains
    return int(res['remains'])
KeyError: 'remains'

During handling of the above exception, another exception occurred:

Traceback (most recent call last):
  File "/Volumes/Expansion/ohs/project/study/python/instahelp_web/save/../save/save_main.py", line 100, in dashboard
    remains = common.getRemains(order_id)
  File "/Volumes/Expansion/ohs/project/study/python/instahelp_web/save/../common/fun.py", line 282, in getRemains
    raise Exception('퍼팩트 패널  남은개수 가져오기 에러')
Exception: 퍼팩트 패널  남은개수 가져오기 에러

6159/2024-04-22 10:59:23/Traceback (most recent call last):
  File "/Volumes/Expansion/ohs/project/study/python/instahelp_web/save/../common/fun.py", line 281, in getRemains
    return int(res['remains'])
KeyError: 'remains'

During handling of the above exception, another exception occurred:

Traceback (most recent call last):
  File "/Volumes/Expansion/ohs/project/study/python/instahelp_web/save/../save/save_main.py", line 100, in dashboard
    remains = common.getRemains(order_id)
  File "/Volumes/Expansion/ohs/project/study/python/instahelp_web/save/../common/fun.py", line 283, in getRemains
    raise Exception('퍼팩트 패널  남은개수 가져오기 에러')
Exception: 퍼팩트 패널  남은개수 가져오기 에러

6160/2024-04-22 11:01:08/Traceback (most recent call last):
  File "/Volumes/Expansion/ohs/project/study/python/instahelp_web/save/../common/fun.py", line 278, in getRemains
    return int(res['remains'])
KeyError: 'remains'

During handling of the above exception, another exception occurred:

Traceback (most recent call last):
  File "/Volumes/Expansion/ohs/project/study/python/instahelp_web/save/../save/save_main.py", line 100, in dashboard
    remains = common.getRemains(order_id)
  File "/Volumes/Expansion/ohs/project/study/python/instahelp_web/save/../common/fun.py", line 280, in getRemains
    raise Exception('퍼팩트 패널  남은개수 가져오기 에러')
Exception: 퍼팩트 패널  남은개수 가져오기 에러

8867/2024-04-22 11:12:20/Traceback (most recent call last):
  File "/Volumes/Expansion/ohs/project/study/python/instahelp_web/save/../save/save_main.py", line 244, in mainFun
    return setup()
  File "/Volumes/Expansion/ohs/project/study/python/instahelp_web/save/../save/save_main.py", line 73, in setup
    return dashboard()
  File "/Volumes/Expansion/ohs/project/study/python/instahelp_web/save/../save/save_main.py", line 89, in dashboard
    is_login = common.is_display("ID", "loginForm", driver)
  File "/Volumes/Expansion/ohs/project/study/python/instahelp_web/save/../common/fun.py", line 200, in is_display
    count = len(driver.find_elements(By.ID, selector_name))
  File "/Volumes/Expansion/ohs/project/study/python/instahelp_web/venv/lib/python3.10/site-packages/selenium/webdriver/remote/webdriver.py", line 771, in find_elements
    return self.execute(Command.FIND_ELEMENTS, {"using": by, "value": value})["value"] or []
  File "/Volumes/Expansion/ohs/project/study/python/instahelp_web/venv/lib/python3.10/site-packages/selenium/webdriver/remote/webdriver.py", line 347, in execute
    self.error_handler.check_response(response)
  File "/Volumes/Expansion/ohs/project/study/python/instahelp_web/venv/lib/python3.10/site-packages/selenium/webdriver/remote/errorhandler.py", line 229, in check_response
    raise exception_class(message, screen, stacktrace)
selenium.common.exceptions.NoSuchWindowException: Message: no such window: target window already closed
from unknown error: web view not found
  (Session info: chrome=124.0.6367.61)
Stacktrace:
0   chromedriver                        0x00000001008503e8 chromedriver + 4326376
1   chromedriver                        0x00000001008488b0 chromedriver + 4294832
2   chromedriver                        0x0000000100474088 chromedriver + 278664
3   chromedriver                        0x000000010044f270 chromedriver + 127600
4   chromedriver                        0x00000001004db9ac chromedriver + 702892
5   chromedriver                        0x00000001004eec0c chromedriver + 781324
6   chromedriver                        0x00000001004ab4e4 chromedriver + 505060
7   chromedriver                        0x00000001004abf5c chromedriver + 507740
8   chromedriver                        0x0000000100813984 chromedriver + 4077956
9   chromedriver                        0x000000010081873c chromedriver + 4097852
10  chromedriver                        0x00000001007fa528 chromedriver + 3974440
11  chromedriver                        0x0000000100819054 chromedriver + 4100180
12  chromedriver                        0x00000001007ebb18 chromedriver + 3914520
13  chromedriver                        0x000000010083965c chromedriver + 4232796
14  chromedriver                        0x00000001008397d8 chromedriver + 4233176
15  chromedriver                        0x0000000100848524 chromedriver + 4293924
16  libsystem_pthread.dylib             0x000000018e07af94 _pthread_start + 136
17  libsystem_pthread.dylib             0x000000018e075d34 thread_start + 8


8867/2024-04-22 11:23:07/Traceback (most recent call last):
  File "/Volumes/Expansion/ohs/project/study/python/instahelp_web/save/../save/save_main.py", line 185, in save
    save_element = common.find_element("CSS_SELECTOR", ".x1gslohp>.x6s0dn4>.x11i5rnm>div", driver, wait)
  File "/Volumes/Expansion/ohs/project/study/python/instahelp_web/save/../common/fun.py", line 136, in find_element
    return wait.until(EC.presence_of_element_located((By.CSS_SELECTOR, selector_name)))
  File "/Volumes/Expansion/ohs/project/study/python/instahelp_web/venv/lib/python3.10/site-packages/selenium/webdriver/support/wait.py", line 105, in until
    raise TimeoutException(message, screen, stacktrace)
selenium.common.exceptions.TimeoutException: Message: 
Stacktrace:
0   chromedriver                        0x00000001026d43e8 chromedriver + 4326376
1   chromedriver                        0x00000001026cc8b0 chromedriver + 4294832
2   chromedriver                        0x00000001022f8088 chromedriver + 278664
3   chromedriver                        0x000000010233aa80 chromedriver + 551552
4   chromedriver                        0x00000001023734f8 chromedriver + 783608
5   chromedriver                        0x000000010232f4e4 chromedriver + 505060
6   chromedriver                        0x000000010232ff5c chromedriver + 507740
7   chromedriver                        0x0000000102697984 chromedriver + 4077956
8   chromedriver                        0x000000010269c73c chromedriver + 4097852
9   chromedriver                        0x000000010267e528 chromedriver + 3974440
10  chromedriver                        0x000000010269d054 chromedriver + 4100180
11  chromedriver                        0x000000010266fb18 chromedriver + 3914520
12  chromedriver                        0x00000001026bd65c chromedriver + 4232796
13  chromedriver                        0x00000001026bd7d8 chromedriver + 4233176
14  chromedriver                        0x00000001026cc524 chromedriver + 4293924
15  libsystem_pthread.dylib             0x000000018e07af94 _pthread_start + 136
16  libsystem_pthread.dylib             0x000000018e075d34 thread_start + 8


During handling of the above exception, another exception occurred:

Traceback (most recent call last):
  File "/Volumes/Expansion/ohs/project/study/python/instahelp_web/save/../save/save_main.py", line 139, in fetch_order
    result, message = save()
  File "/Volumes/Expansion/ohs/project/study/python/instahelp_web/save/../save/save_main.py", line 196, in save
    raise Exception(ex)
Exception: Message: 
Stacktrace:
0   chromedriver                        0x00000001026d43e8 chromedriver + 4326376
1   chromedriver                        0x00000001026cc8b0 chromedriver + 4294832
2   chromedriver                        0x00000001022f8088 chromedriver + 278664
3   chromedriver                        0x000000010233aa80 chromedriver + 551552
4   chromedriver                        0x00000001023734f8 chromedriver + 783608
5   chromedriver                        0x000000010232f4e4 chromedriver + 505060
6   chromedriver                        0x000000010232ff5c chromedriver + 507740
7   chromedriver                        0x0000000102697984 chromedriver + 4077956
8   chromedriver                        0x000000010269c73c chromedriver + 4097852
9   chromedriver                        0x000000010267e528 chromedriver + 3974440
10  chromedriver                        0x000000010269d054 chromedriver + 4100180
11  chromedriver                        0x000000010266fb18 chromedriver + 3914520
12  chromedriver                        0x00000001026bd65c chromedriver + 4232796
13  chromedriver                        0x00000001026bd7d8 chromedriver + 4233176
14  chromedriver                        0x00000001026cc524 chromedriver + 4293924
15  libsystem_pthread.dylib             0x000000018e07af94 _pthread_start + 136
16  libsystem_pthread.dylib             0x000000018e075d34 thread_start + 8


During handling of the above exception, another exception occurred:

Traceback (most recent call last):
  File "/Volumes/Expansion/ohs/project/study/python/instahelp_web/save/../save/save_main.py", line 112, in dashboard
    result, message = fetch_order()
  File "/Volumes/Expansion/ohs/project/study/python/instahelp_web/save/../save/save_main.py", line 142, in fetch_order
    raise Exception(ex)
Exception: Message: 
Stacktrace:
0   chromedriver                        0x00000001026d43e8 chromedriver + 4326376
1   chromedriver                        0x00000001026cc8b0 chromedriver + 4294832
2   chromedriver                        0x00000001022f8088 chromedriver + 278664
3   chromedriver                        0x000000010233aa80 chromedriver + 551552
4   chromedriver                        0x00000001023734f8 chromedriver + 783608
5   chromedriver                        0x000000010232f4e4 chromedriver + 505060
6   chromedriver                        0x000000010232ff5c chromedriver + 507740
7   chromedriver                        0x0000000102697984 chromedriver + 4077956
8   chromedriver                        0x000000010269c73c chromedriver + 4097852
9   chromedriver                        0x000000010267e528 chromedriver + 3974440
10  chromedriver                        0x000000010269d054 chromedriver + 4100180
11  chromedriver                        0x000000010266fb18 chromedriver + 3914520
12  chromedriver                        0x00000001026bd65c chromedriver + 4232796
13  chromedriver                        0x00000001026bd7d8 chromedriver + 4233176
14  chromedriver                        0x00000001026cc524 chromedriver + 4293924
15  libsystem_pthread.dylib             0x000000018e07af94 _pthread_start + 136
16  libsystem_pthread.dylib             0x000000018e075d34 thread_start + 8


8867/2024-04-22 11:25:09/Traceback (most recent call last):
  File "/Volumes/Expansion/ohs/project/study/python/instahelp_web/save/../save/save_main.py", line 186, in save
    save_element = common.find_element("CSS_SELECTOR", ".x1gslohp>.x6s0dn4>.x11i5rnm>div", driver, wait)
  File "/Volumes/Expansion/ohs/project/study/python/instahelp_web/save/../common/fun.py", line 136, in find_element
    return wait.until(EC.presence_of_element_located((By.CSS_SELECTOR, selector_name)))
  File "/Volumes/Expansion/ohs/project/study/python/instahelp_web/venv/lib/python3.10/site-packages/selenium/webdriver/support/wait.py", line 105, in until
    raise TimeoutException(message, screen, stacktrace)
selenium.common.exceptions.TimeoutException: Message: 
Stacktrace:
0   chromedriver                        0x0000000102e803e8 chromedriver + 4326376
1   chromedriver                        0x0000000102e788b0 chromedriver + 4294832
2   chromedriver                        0x0000000102aa4088 chromedriver + 278664
3   chromedriver                        0x0000000102ae6a80 chromedriver + 551552
4   chromedriver                        0x0000000102b1f4f8 chromedriver + 783608
5   chromedriver                        0x0000000102adb4e4 chromedriver + 505060
6   chromedriver                        0x0000000102adbf5c chromedriver + 507740
7   chromedriver                        0x0000000102e43984 chromedriver + 4077956
8   chromedriver                        0x0000000102e4873c chromedriver + 4097852
9   chromedriver                        0x0000000102e2a528 chromedriver + 3974440
10  chromedriver                        0x0000000102e49054 chromedriver + 4100180
11  chromedriver                        0x0000000102e1bb18 chromedriver + 3914520
12  chromedriver                        0x0000000102e6965c chromedriver + 4232796
13  chromedriver                        0x0000000102e697d8 chromedriver + 4233176
14  chromedriver                        0x0000000102e78524 chromedriver + 4293924
15  libsystem_pthread.dylib             0x000000018e07af94 _pthread_start + 136
16  libsystem_pthread.dylib             0x000000018e075d34 thread_start + 8


During handling of the above exception, another exception occurred:

Traceback (most recent call last):
  File "/Volumes/Expansion/ohs/project/study/python/instahelp_web/save/../save/save_main.py", line 139, in fetch_order
    result, message = save()
  File "/Volumes/Expansion/ohs/project/study/python/instahelp_web/save/../save/save_main.py", line 198, in save
    raise Exception(ex)
Exception: Message: 
Stacktrace:
0   chromedriver                        0x0000000102e803e8 chromedriver + 4326376
1   chromedriver                        0x0000000102e788b0 chromedriver + 4294832
2   chromedriver                        0x0000000102aa4088 chromedriver + 278664
3   chromedriver                        0x0000000102ae6a80 chromedriver + 551552
4   chromedriver                        0x0000000102b1f4f8 chromedriver + 783608
5   chromedriver                        0x0000000102adb4e4 chromedriver + 505060
6   chromedriver                        0x0000000102adbf5c chromedriver + 507740
7   chromedriver                        0x0000000102e43984 chromedriver + 4077956
8   chromedriver                        0x0000000102e4873c chromedriver + 4097852
9   chromedriver                        0x0000000102e2a528 chromedriver + 3974440
10  chromedriver                        0x0000000102e49054 chromedriver + 4100180
11  chromedriver                        0x0000000102e1bb18 chromedriver + 3914520
12  chromedriver                        0x0000000102e6965c chromedriver + 4232796
13  chromedriver                        0x0000000102e697d8 chromedriver + 4233176
14  chromedriver                        0x0000000102e78524 chromedriver + 4293924
15  libsystem_pthread.dylib             0x000000018e07af94 _pthread_start + 136
16  libsystem_pthread.dylib             0x000000018e075d34 thread_start + 8


During handling of the above exception, another exception occurred:

Traceback (most recent call last):
  File "/Volumes/Expansion/ohs/project/study/python/instahelp_web/save/../save/save_main.py", line 112, in dashboard
    result, message = fetch_order()
  File "/Volumes/Expansion/ohs/project/study/python/instahelp_web/save/../save/save_main.py", line 142, in fetch_order
    raise Exception(ex)
Exception: Message: 
Stacktrace:
0   chromedriver                        0x0000000102e803e8 chromedriver + 4326376
1   chromedriver                        0x0000000102e788b0 chromedriver + 4294832
2   chromedriver                        0x0000000102aa4088 chromedriver + 278664
3   chromedriver                        0x0000000102ae6a80 chromedriver + 551552
4   chromedriver                        0x0000000102b1f4f8 chromedriver + 783608
5   chromedriver                        0x0000000102adb4e4 chromedriver + 505060
6   chromedriver                        0x0000000102adbf5c chromedriver + 507740
7   chromedriver                        0x0000000102e43984 chromedriver + 4077956
8   chromedriver                        0x0000000102e4873c chromedriver + 4097852
9   chromedriver                        0x0000000102e2a528 chromedriver + 3974440
10  chromedriver                        0x0000000102e49054 chromedriver + 4100180
11  chromedriver                        0x0000000102e1bb18 chromedriver + 3914520
12  chromedriver                        0x0000000102e6965c chromedriver + 4232796
13  chromedriver                        0x0000000102e697d8 chromedriver + 4233176
14  chromedriver                        0x0000000102e78524 chromedriver + 4293924
15  libsystem_pthread.dylib             0x000000018e07af94 _pthread_start + 136
16  libsystem_pthread.dylib             0x000000018e075d34 thread_start + 8


8867/2024-04-22 11:25:58/Traceback (most recent call last):
  File "/Volumes/Expansion/ohs/project/study/python/instahelp_web/save/../save/save_main.py", line 187, in save
    save_element = common.find_element("CSS_SELECTOR", ".x1gslohp>.x6s0dn4>.x11i5rnm>div", driver, wait)
  File "/Volumes/Expansion/ohs/project/study/python/instahelp_web/save/../common/fun.py", line 136, in find_element
    return wait.until(EC.presence_of_element_located((By.CSS_SELECTOR, selector_name)))
  File "/Volumes/Expansion/ohs/project/study/python/instahelp_web/venv/lib/python3.10/site-packages/selenium/webdriver/support/wait.py", line 105, in until
    raise TimeoutException(message, screen, stacktrace)
selenium.common.exceptions.TimeoutException: Message: 
Stacktrace:
0   chromedriver                        0x00000001045303e8 chromedriver + 4326376
1   chromedriver                        0x00000001045288b0 chromedriver + 4294832
2   chromedriver                        0x0000000104154088 chromedriver + 278664
3   chromedriver                        0x0000000104196a80 chromedriver + 551552
4   chromedriver                        0x00000001041cf4f8 chromedriver + 783608
5   chromedriver                        0x000000010418b4e4 chromedriver + 505060
6   chromedriver                        0x000000010418bf5c chromedriver + 507740
7   chromedriver                        0x00000001044f3984 chromedriver + 4077956
8   chromedriver                        0x00000001044f873c chromedriver + 4097852
9   chromedriver                        0x00000001044da528 chromedriver + 3974440
10  chromedriver                        0x00000001044f9054 chromedriver + 4100180
11  chromedriver                        0x00000001044cbb18 chromedriver + 3914520
12  chromedriver                        0x000000010451965c chromedriver + 4232796
13  chromedriver                        0x00000001045197d8 chromedriver + 4233176
14  chromedriver                        0x0000000104528524 chromedriver + 4293924
15  libsystem_pthread.dylib             0x000000018e07af94 _pthread_start + 136
16  libsystem_pthread.dylib             0x000000018e075d34 thread_start + 8


During handling of the above exception, another exception occurred:

Traceback (most recent call last):
  File "/Volumes/Expansion/ohs/project/study/python/instahelp_web/save/../save/save_main.py", line 140, in fetch_order
    result, message = save()
  File "/Volumes/Expansion/ohs/project/study/python/instahelp_web/save/../save/save_main.py", line 199, in save
    raise Exception(ex)
Exception: Message: 
Stacktrace:
0   chromedriver                        0x00000001045303e8 chromedriver + 4326376
1   chromedriver                        0x00000001045288b0 chromedriver + 4294832
2   chromedriver                        0x0000000104154088 chromedriver + 278664
3   chromedriver                        0x0000000104196a80 chromedriver + 551552
4   chromedriver                        0x00000001041cf4f8 chromedriver + 783608
5   chromedriver                        0x000000010418b4e4 chromedriver + 505060
6   chromedriver                        0x000000010418bf5c chromedriver + 507740
7   chromedriver                        0x00000001044f3984 chromedriver + 4077956
8   chromedriver                        0x00000001044f873c chromedriver + 4097852
9   chromedriver                        0x00000001044da528 chromedriver + 3974440
10  chromedriver                        0x00000001044f9054 chromedriver + 4100180
11  chromedriver                        0x00000001044cbb18 chromedriver + 3914520
12  chromedriver                        0x000000010451965c chromedriver + 4232796
13  chromedriver                        0x00000001045197d8 chromedriver + 4233176
14  chromedriver                        0x0000000104528524 chromedriver + 4293924
15  libsystem_pthread.dylib             0x000000018e07af94 _pthread_start + 136
16  libsystem_pthread.dylib             0x000000018e075d34 thread_start + 8


During handling of the above exception, another exception occurred:

Traceback (most recent call last):
  File "/Volumes/Expansion/ohs/project/study/python/instahelp_web/save/../save/save_main.py", line 112, in dashboard
    result, message = fetch_order()
  File "/Volumes/Expansion/ohs/project/study/python/instahelp_web/save/../save/save_main.py", line 143, in fetch_order
    raise Exception(ex)
Exception: Message: 
Stacktrace:
0   chromedriver                        0x00000001045303e8 chromedriver + 4326376
1   chromedriver                        0x00000001045288b0 chromedriver + 4294832
2   chromedriver                        0x0000000104154088 chromedriver + 278664
3   chromedriver                        0x0000000104196a80 chromedriver + 551552
4   chromedriver                        0x00000001041cf4f8 chromedriver + 783608
5   chromedriver                        0x000000010418b4e4 chromedriver + 505060
6   chromedriver                        0x000000010418bf5c chromedriver + 507740
7   chromedriver                        0x00000001044f3984 chromedriver + 4077956
8   chromedriver                        0x00000001044f873c chromedriver + 4097852
9   chromedriver                        0x00000001044da528 chromedriver + 3974440
10  chromedriver                        0x00000001044f9054 chromedriver + 4100180
11  chromedriver                        0x00000001044cbb18 chromedriver + 3914520
12  chromedriver                        0x000000010451965c chromedriver + 4232796
13  chromedriver                        0x00000001045197d8 chromedriver + 4233176
14  chromedriver                        0x0000000104528524 chromedriver + 4293924
15  libsystem_pthread.dylib             0x000000018e07af94 _pthread_start + 136
16  libsystem_pthread.dylib             0x000000018e075d34 thread_start + 8


6166/2024-04-22 13:30:02/Traceback (most recent call last):
  File "/Volumes/Expansion/ohs/project/study/python/instahelp_web/save/../save/save_main.py", line 191, in save
    save_element.click()
  File "/Volumes/Expansion/ohs/project/study/python/instahelp_web/venv/lib/python3.10/site-packages/selenium/webdriver/remote/webelement.py", line 94, in click
    self._execute(Command.CLICK_ELEMENT)
  File "/Volumes/Expansion/ohs/project/study/python/instahelp_web/venv/lib/python3.10/site-packages/selenium/webdriver/remote/webelement.py", line 395, in _execute
    return self._parent.execute(command, params)
  File "/Volumes/Expansion/ohs/project/study/python/instahelp_web/venv/lib/python3.10/site-packages/selenium/webdriver/remote/webdriver.py", line 347, in execute
    self.error_handler.check_response(response)
  File "/Volumes/Expansion/ohs/project/study/python/instahelp_web/venv/lib/python3.10/site-packages/selenium/webdriver/remote/errorhandler.py", line 229, in check_response
    raise exception_class(message, screen, stacktrace)
selenium.common.exceptions.ElementClickInterceptedException: Message: element click intercepted: Element <div>...</div> is not clickable at point (407, 570). Other element would receive the click: <div data-bloks-name="bk.components.Collection" class="wbloks_1 wbloks_93 wbloks_91" style="flex-grow: 1; display: block; pointer-events: auto;">...</div>
  (Session info: chrome-headless-shell=124.0.6367.61)
Stacktrace:
0   chromedriver                        0x00000001010903e8 chromedriver + 4326376
1   chromedriver                        0x00000001010888b0 chromedriver + 4294832
2   chromedriver                        0x0000000100cb4088 chromedriver + 278664
3   chromedriver                        0x0000000100cfc554 chromedriver + 574804
4   chromedriver                        0x0000000100cfaad8 chromedriver + 568024
5   chromedriver                        0x0000000100cf8c58 chromedriver + 560216
6   chromedriver                        0x0000000100cf8188 chromedriver + 557448
7   chromedriver                        0x0000000100ced3ac chromedriver + 512940
8   chromedriver                        0x0000000100cecdd0 chromedriver + 511440
9   chromedriver                        0x0000000100d2f4f8 chromedriver + 783608
10  chromedriver                        0x0000000100ceb4e4 chromedriver + 505060
11  chromedriver                        0x0000000100cebf5c chromedriver + 507740
12  chromedriver                        0x0000000101053984 chromedriver + 4077956
13  chromedriver                        0x000000010105873c chromedriver + 4097852
14  chromedriver                        0x000000010103a528 chromedriver + 3974440
15  chromedriver                        0x0000000101059054 chromedriver + 4100180
16  chromedriver                        0x000000010102bb18 chromedriver + 3914520
17  chromedriver                        0x000000010107965c chromedriver + 4232796
18  chromedriver                        0x00000001010797d8 chromedriver + 4233176
19  chromedriver                        0x0000000101088524 chromedriver + 4293924
20  libsystem_pthread.dylib             0x000000018e07af94 _pthread_start + 136
21  libsystem_pthread.dylib             0x000000018e075d34 thread_start + 8


During handling of the above exception, another exception occurred:

Traceback (most recent call last):
  File "/Volumes/Expansion/ohs/project/study/python/instahelp_web/save/../save/save_main.py", line 140, in fetch_order
    result, message = save()
  File "/Volumes/Expansion/ohs/project/study/python/instahelp_web/save/../save/save_main.py", line 197, in save
    raise Exception(ex)
Exception: Message: element click intercepted: Element <div>...</div> is not clickable at point (407, 570). Other element would receive the click: <div data-bloks-name="bk.components.Collection" class="wbloks_1 wbloks_93 wbloks_91" style="flex-grow: 1; display: block; pointer-events: auto;">...</div>
  (Session info: chrome-headless-shell=124.0.6367.61)
Stacktrace:
0   chromedriver                        0x00000001010903e8 chromedriver + 4326376
1   chromedriver                        0x00000001010888b0 chromedriver + 4294832
2   chromedriver                        0x0000000100cb4088 chromedriver + 278664
3   chromedriver                        0x0000000100cfc554 chromedriver + 574804
4   chromedriver                        0x0000000100cfaad8 chromedriver + 568024
5   chromedriver                        0x0000000100cf8c58 chromedriver + 560216
6   chromedriver                        0x0000000100cf8188 chromedriver + 557448
7   chromedriver                        0x0000000100ced3ac chromedriver + 512940
8   chromedriver                        0x0000000100cecdd0 chromedriver + 511440
9   chromedriver                        0x0000000100d2f4f8 chromedriver + 783608
10  chromedriver                        0x0000000100ceb4e4 chromedriver + 505060
11  chromedriver                        0x0000000100cebf5c chromedriver + 507740
12  chromedriver                        0x0000000101053984 chromedriver + 4077956
13  chromedriver                        0x000000010105873c chromedriver + 4097852
14  chromedriver                        0x000000010103a528 chromedriver + 3974440
15  chromedriver                        0x0000000101059054 chromedriver + 4100180
16  chromedriver                        0x000000010102bb18 chromedriver + 3914520
17  chromedriver                        0x000000010107965c chromedriver + 4232796
18  chromedriver                        0x00000001010797d8 chromedriver + 4233176
19  chromedriver                        0x0000000101088524 chromedriver + 4293924
20  libsystem_pthread.dylib             0x000000018e07af94 _pthread_start + 136
21  libsystem_pthread.dylib             0x000000018e075d34 thread_start + 8


During handling of the above exception, another exception occurred:

Traceback (most recent call last):
  File "/Volumes/Expansion/ohs/project/study/python/instahelp_web/save/../save/save_main.py", line 113, in dashboard
    result, message = fetch_order()
  File "/Volumes/Expansion/ohs/project/study/python/instahelp_web/save/../save/save_main.py", line 143, in fetch_order
    raise Exception(ex)
Exception: Message: element click intercepted: Element <div>...</div> is not clickable at point (407, 570). Other element would receive the click: <div data-bloks-name="bk.components.Collection" class="wbloks_1 wbloks_93 wbloks_91" style="flex-grow: 1; display: block; pointer-events: auto;">...</div>
  (Session info: chrome-headless-shell=124.0.6367.61)
Stacktrace:
0   chromedriver                        0x00000001010903e8 chromedriver + 4326376
1   chromedriver                        0x00000001010888b0 chromedriver + 4294832
2   chromedriver                        0x0000000100cb4088 chromedriver + 278664
3   chromedriver                        0x0000000100cfc554 chromedriver + 574804
4   chromedriver                        0x0000000100cfaad8 chromedriver + 568024
5   chromedriver                        0x0000000100cf8c58 chromedriver + 560216
6   chromedriver                        0x0000000100cf8188 chromedriver + 557448
7   chromedriver                        0x0000000100ced3ac chromedriver + 512940
8   chromedriver                        0x0000000100cecdd0 chromedriver + 511440
9   chromedriver                        0x0000000100d2f4f8 chromedriver + 783608
10  chromedriver                        0x0000000100ceb4e4 chromedriver + 505060
11  chromedriver                        0x0000000100cebf5c chromedriver + 507740
12  chromedriver                        0x0000000101053984 chromedriver + 4077956
13  chromedriver                        0x000000010105873c chromedriver + 4097852
14  chromedriver                        0x000000010103a528 chromedriver + 3974440
15  chromedriver                        0x0000000101059054 chromedriver + 4100180
16  chromedriver                        0x000000010102bb18 chromedriver + 3914520
17  chromedriver                        0x000000010107965c chromedriver + 4232796
18  chromedriver                        0x00000001010797d8 chromedriver + 4233176
19  chromedriver                        0x0000000101088524 chromedriver + 4293924
20  libsystem_pthread.dylib             0x000000018e07af94 _pthread_start + 136
21  libsystem_pthread.dylib             0x000000018e075d34 thread_start + 8


6166/2024-04-22 13:30:09/Traceback (most recent call last):
  File "/Volumes/Expansion/ohs/project/study/python/instahelp_web/save/../save/save_main.py", line 187, in save
    save_element = common.find_element("CSS_SELECTOR", ".x1gslohp>.x6s0dn4>.x11i5rnm>div", driver, wait)
  File "/Volumes/Expansion/ohs/project/study/python/instahelp_web/save/../common/fun.py", line 136, in find_element
    return wait.until(EC.presence_of_element_located((By.CSS_SELECTOR, selector_name)))
  File "/Volumes/Expansion/ohs/project/study/python/instahelp_web/venv/lib/python3.10/site-packages/selenium/webdriver/support/wait.py", line 105, in until
    raise TimeoutException(message, screen, stacktrace)
selenium.common.exceptions.TimeoutException: Message: 
Stacktrace:
0   chromedriver                        0x00000001032883e8 chromedriver + 4326376
1   chromedriver                        0x00000001032808b0 chromedriver + 4294832
2   chromedriver                        0x0000000102eac088 chromedriver + 278664
3   chromedriver                        0x0000000102eeea80 chromedriver + 551552
4   chromedriver                        0x0000000102f274f8 chromedriver + 783608
5   chromedriver                        0x0000000102ee34e4 chromedriver + 505060
6   chromedriver                        0x0000000102ee3f5c chromedriver + 507740
7   chromedriver                        0x000000010324b984 chromedriver + 4077956
8   chromedriver                        0x000000010325073c chromedriver + 4097852
9   chromedriver                        0x0000000103232528 chromedriver + 3974440
10  chromedriver                        0x0000000103251054 chromedriver + 4100180
11  chromedriver                        0x0000000103223b18 chromedriver + 3914520
12  chromedriver                        0x000000010327165c chromedriver + 4232796
13  chromedriver                        0x00000001032717d8 chromedriver + 4233176
14  chromedriver                        0x0000000103280524 chromedriver + 4293924
15  libsystem_pthread.dylib             0x000000018e07af94 _pthread_start + 136
16  libsystem_pthread.dylib             0x000000018e075d34 thread_start + 8


During handling of the above exception, another exception occurred:

Traceback (most recent call last):
  File "/Volumes/Expansion/ohs/project/study/python/instahelp_web/save/../save/save_main.py", line 140, in fetch_order
    result, message = save()
  File "/Volumes/Expansion/ohs/project/study/python/instahelp_web/save/../save/save_main.py", line 197, in save
    raise Exception(ex)
Exception: Message: 
Stacktrace:
0   chromedriver                        0x00000001032883e8 chromedriver + 4326376
1   chromedriver                        0x00000001032808b0 chromedriver + 4294832
2   chromedriver                        0x0000000102eac088 chromedriver + 278664
3   chromedriver                        0x0000000102eeea80 chromedriver + 551552
4   chromedriver                        0x0000000102f274f8 chromedriver + 783608
5   chromedriver                        0x0000000102ee34e4 chromedriver + 505060
6   chromedriver                        0x0000000102ee3f5c chromedriver + 507740
7   chromedriver                        0x000000010324b984 chromedriver + 4077956
8   chromedriver                        0x000000010325073c chromedriver + 4097852
9   chromedriver                        0x0000000103232528 chromedriver + 3974440
10  chromedriver                        0x0000000103251054 chromedriver + 4100180
11  chromedriver                        0x0000000103223b18 chromedriver + 3914520
12  chromedriver                        0x000000010327165c chromedriver + 4232796
13  chromedriver                        0x00000001032717d8 chromedriver + 4233176
14  chromedriver                        0x0000000103280524 chromedriver + 4293924
15  libsystem_pthread.dylib             0x000000018e07af94 _pthread_start + 136
16  libsystem_pthread.dylib             0x000000018e075d34 thread_start + 8


During handling of the above exception, another exception occurred:

Traceback (most recent call last):
  File "/Volumes/Expansion/ohs/project/study/python/instahelp_web/save/../save/save_main.py", line 113, in dashboard
    result, message = fetch_order()
  File "/Volumes/Expansion/ohs/project/study/python/instahelp_web/save/../save/save_main.py", line 143, in fetch_order
    raise Exception(ex)
Exception: Message: 
Stacktrace:
0   chromedriver                        0x00000001032883e8 chromedriver + 4326376
1   chromedriver                        0x00000001032808b0 chromedriver + 4294832
2   chromedriver                        0x0000000102eac088 chromedriver + 278664
3   chromedriver                        0x0000000102eeea80 chromedriver + 551552
4   chromedriver                        0x0000000102f274f8 chromedriver + 783608
5   chromedriver                        0x0000000102ee34e4 chromedriver + 505060
6   chromedriver                        0x0000000102ee3f5c chromedriver + 507740
7   chromedriver                        0x000000010324b984 chromedriver + 4077956
8   chromedriver                        0x000000010325073c chromedriver + 4097852
9   chromedriver                        0x0000000103232528 chromedriver + 3974440
10  chromedriver                        0x0000000103251054 chromedriver + 4100180
11  chromedriver                        0x0000000103223b18 chromedriver + 3914520
12  chromedriver                        0x000000010327165c chromedriver + 4232796
13  chromedriver                        0x00000001032717d8 chromedriver + 4233176
14  chromedriver                        0x0000000103280524 chromedriver + 4293924
15  libsystem_pthread.dylib             0x000000018e07af94 _pthread_start + 136
16  libsystem_pthread.dylib             0x000000018e075d34 thread_start + 8


8867/2024-04-22 13:35:54/Traceback (most recent call last):
  File "/Volumes/Expansion/ohs/project/study/python/instahelp_web/save/../save/save_main.py", line 193, in save
    if find_svg:
UnboundLocalError: local variable 'find_svg' referenced before assignment

During handling of the above exception, another exception occurred:

Traceback (most recent call last):
  File "/Volumes/Expansion/ohs/project/study/python/instahelp_web/save/../save/save_main.py", line 140, in fetch_order
    result, message = save()
  File "/Volumes/Expansion/ohs/project/study/python/instahelp_web/save/../save/save_main.py", line 200, in save
    raise Exception(ex)
Exception: local variable 'find_svg' referenced before assignment

During handling of the above exception, another exception occurred:

Traceback (most recent call last):
  File "/Volumes/Expansion/ohs/project/study/python/instahelp_web/save/../save/save_main.py", line 113, in dashboard
    result, message = fetch_order()
  File "/Volumes/Expansion/ohs/project/study/python/instahelp_web/save/../save/save_main.py", line 143, in fetch_order
    raise Exception(ex)
Exception: local variable 'find_svg' referenced before assignment

8867/2024-04-22 13:36:31/Traceback (most recent call last):
  File "/Volumes/Expansion/ohs/project/study/python/instahelp_web/save/../save/save_main.py", line 191, in save
    print(find_svg)
UnboundLocalError: local variable 'find_svg' referenced before assignment

During handling of the above exception, another exception occurred:

Traceback (most recent call last):
  File "/Volumes/Expansion/ohs/project/study/python/instahelp_web/save/../save/save_main.py", line 140, in fetch_order
    result, message = save()
  File "/Volumes/Expansion/ohs/project/study/python/instahelp_web/save/../save/save_main.py", line 200, in save
    raise Exception(ex)
Exception: local variable 'find_svg' referenced before assignment

During handling of the above exception, another exception occurred:

Traceback (most recent call last):
  File "/Volumes/Expansion/ohs/project/study/python/instahelp_web/save/../save/save_main.py", line 113, in dashboard
    result, message = fetch_order()
  File "/Volumes/Expansion/ohs/project/study/python/instahelp_web/save/../save/save_main.py", line 143, in fetch_order
    raise Exception(ex)
Exception: local variable 'find_svg' referenced before assignment

8867/2024-04-22 13:37:09/Traceback (most recent call last):
  File "/Volumes/Expansion/ohs/project/study/python/instahelp_web/save/../save/save_main.py", line 193, in save
    print(find_svg)
UnboundLocalError: local variable 'find_svg' referenced before assignment

During handling of the above exception, another exception occurred:

Traceback (most recent call last):
  File "/Volumes/Expansion/ohs/project/study/python/instahelp_web/save/../save/save_main.py", line 140, in fetch_order
    result, message = save()
  File "/Volumes/Expansion/ohs/project/study/python/instahelp_web/save/../save/save_main.py", line 202, in save
    raise Exception(ex)
Exception: local variable 'find_svg' referenced before assignment

During handling of the above exception, another exception occurred:

Traceback (most recent call last):
  File "/Volumes/Expansion/ohs/project/study/python/instahelp_web/save/../save/save_main.py", line 113, in dashboard
    result, message = fetch_order()
  File "/Volumes/Expansion/ohs/project/study/python/instahelp_web/save/../save/save_main.py", line 143, in fetch_order
    raise Exception(ex)
Exception: local variable 'find_svg' referenced before assignment

8867/2024-04-22 13:38:05/Traceback (most recent call last):
  File "/Volumes/Expansion/ohs/project/study/python/instahelp_web/save/../save/save_main.py", line 194, in save
    find_svg.click()
  File "/Volumes/Expansion/ohs/project/study/python/instahelp_web/venv/lib/python3.10/site-packages/selenium/webdriver/remote/webelement.py", line 94, in click
    self._execute(Command.CLICK_ELEMENT)
  File "/Volumes/Expansion/ohs/project/study/python/instahelp_web/venv/lib/python3.10/site-packages/selenium/webdriver/remote/webelement.py", line 395, in _execute
    return self._parent.execute(command, params)
  File "/Volumes/Expansion/ohs/project/study/python/instahelp_web/venv/lib/python3.10/site-packages/selenium/webdriver/remote/webdriver.py", line 347, in execute
    self.error_handler.check_response(response)
  File "/Volumes/Expansion/ohs/project/study/python/instahelp_web/venv/lib/python3.10/site-packages/selenium/webdriver/remote/errorhandler.py", line 229, in check_response
    raise exception_class(message, screen, stacktrace)
selenium.common.exceptions.ElementClickInterceptedException: Message: element click intercepted: Element <svg aria-label="Save" class="x1lliihq x1n2onr6 x5n08af" fill="currentColor" height="24" role="img" viewBox="0 0 24 24" width="24">...</svg> is not clickable at point (407, 570). Other element would receive the click: <div data-bloks-name="bk.components.Collection" class="wbloks_1 wbloks_93 wbloks_91" style="flex-grow: 1; display: block; pointer-events: auto;">...</div>
  (Session info: chrome-headless-shell=124.0.6367.61)
Stacktrace:
0   chromedriver                        0x00000001011ec3e8 chromedriver + 4326376
1   chromedriver                        0x00000001011e48b0 chromedriver + 4294832
2   chromedriver                        0x0000000100e10088 chromedriver + 278664
3   chromedriver                        0x0000000100e58554 chromedriver + 574804
4   chromedriver                        0x0000000100e56ad8 chromedriver + 568024
5   chromedriver                        0x0000000100e54c58 chromedriver + 560216
6   chromedriver                        0x0000000100e54188 chromedriver + 557448
7   chromedriver                        0x0000000100e493ac chromedriver + 512940
8   chromedriver                        0x0000000100e48dd0 chromedriver + 511440
9   chromedriver                        0x0000000100e8b4f8 chromedriver + 783608
10  chromedriver                        0x0000000100e474e4 chromedriver + 505060
11  chromedriver                        0x0000000100e47f5c chromedriver + 507740
12  chromedriver                        0x00000001011af984 chromedriver + 4077956
13  chromedriver                        0x00000001011b473c chromedriver + 4097852
14  chromedriver                        0x0000000101196528 chromedriver + 3974440
15  chromedriver                        0x00000001011b5054 chromedriver + 4100180
16  chromedriver                        0x0000000101187b18 chromedriver + 3914520
17  chromedriver                        0x00000001011d565c chromedriver + 4232796
18  chromedriver                        0x00000001011d57d8 chromedriver + 4233176
19  chromedriver                        0x00000001011e4524 chromedriver + 4293924
20  libsystem_pthread.dylib             0x000000018e07af94 _pthread_start + 136
21  libsystem_pthread.dylib             0x000000018e075d34 thread_start + 8


During handling of the above exception, another exception occurred:

Traceback (most recent call last):
  File "/Volumes/Expansion/ohs/project/study/python/instahelp_web/save/../save/save_main.py", line 140, in fetch_order
    result, message = save()
  File "/Volumes/Expansion/ohs/project/study/python/instahelp_web/save/../save/save_main.py", line 200, in save
    raise Exception(ex)
Exception: Message: element click intercepted: Element <svg aria-label="Save" class="x1lliihq x1n2onr6 x5n08af" fill="currentColor" height="24" role="img" viewBox="0 0 24 24" width="24">...</svg> is not clickable at point (407, 570). Other element would receive the click: <div data-bloks-name="bk.components.Collection" class="wbloks_1 wbloks_93 wbloks_91" style="flex-grow: 1; display: block; pointer-events: auto;">...</div>
  (Session info: chrome-headless-shell=124.0.6367.61)
Stacktrace:
0   chromedriver                        0x00000001011ec3e8 chromedriver + 4326376
1   chromedriver                        0x00000001011e48b0 chromedriver + 4294832
2   chromedriver                        0x0000000100e10088 chromedriver + 278664
3   chromedriver                        0x0000000100e58554 chromedriver + 574804
4   chromedriver                        0x0000000100e56ad8 chromedriver + 568024
5   chromedriver                        0x0000000100e54c58 chromedriver + 560216
6   chromedriver                        0x0000000100e54188 chromedriver + 557448
7   chromedriver                        0x0000000100e493ac chromedriver + 512940
8   chromedriver                        0x0000000100e48dd0 chromedriver + 511440
9   chromedriver                        0x0000000100e8b4f8 chromedriver + 783608
10  chromedriver                        0x0000000100e474e4 chromedriver + 505060
11  chromedriver                        0x0000000100e47f5c chromedriver + 507740
12  chromedriver                        0x00000001011af984 chromedriver + 4077956
13  chromedriver                        0x00000001011b473c chromedriver + 4097852
14  chromedriver                        0x0000000101196528 chromedriver + 3974440
15  chromedriver                        0x00000001011b5054 chromedriver + 4100180
16  chromedriver                        0x0000000101187b18 chromedriver + 3914520
17  chromedriver                        0x00000001011d565c chromedriver + 4232796
18  chromedriver                        0x00000001011d57d8 chromedriver + 4233176
19  chromedriver                        0x00000001011e4524 chromedriver + 4293924
20  libsystem_pthread.dylib             0x000000018e07af94 _pthread_start + 136
21  libsystem_pthread.dylib             0x000000018e075d34 thread_start + 8


During handling of the above exception, another exception occurred:

Traceback (most recent call last):
  File "/Volumes/Expansion/ohs/project/study/python/instahelp_web/save/../save/save_main.py", line 113, in dashboard
    result, message = fetch_order()
  File "/Volumes/Expansion/ohs/project/study/python/instahelp_web/save/../save/save_main.py", line 143, in fetch_order
    raise Exception(ex)
Exception: Message: element click intercepted: Element <svg aria-label="Save" class="x1lliihq x1n2onr6 x5n08af" fill="currentColor" height="24" role="img" viewBox="0 0 24 24" width="24">...</svg> is not clickable at point (407, 570). Other element would receive the click: <div data-bloks-name="bk.components.Collection" class="wbloks_1 wbloks_93 wbloks_91" style="flex-grow: 1; display: block; pointer-events: auto;">...</div>
  (Session info: chrome-headless-shell=124.0.6367.61)
Stacktrace:
0   chromedriver                        0x00000001011ec3e8 chromedriver + 4326376
1   chromedriver                        0x00000001011e48b0 chromedriver + 4294832
2   chromedriver                        0x0000000100e10088 chromedriver + 278664
3   chromedriver                        0x0000000100e58554 chromedriver + 574804
4   chromedriver                        0x0000000100e56ad8 chromedriver + 568024
5   chromedriver                        0x0000000100e54c58 chromedriver + 560216
6   chromedriver                        0x0000000100e54188 chromedriver + 557448
7   chromedriver                        0x0000000100e493ac chromedriver + 512940
8   chromedriver                        0x0000000100e48dd0 chromedriver + 511440
9   chromedriver                        0x0000000100e8b4f8 chromedriver + 783608
10  chromedriver                        0x0000000100e474e4 chromedriver + 505060
11  chromedriver                        0x0000000100e47f5c chromedriver + 507740
12  chromedriver                        0x00000001011af984 chromedriver + 4077956
13  chromedriver                        0x00000001011b473c chromedriver + 4097852
14  chromedriver                        0x0000000101196528 chromedriver + 3974440
15  chromedriver                        0x00000001011b5054 chromedriver + 4100180
16  chromedriver                        0x0000000101187b18 chromedriver + 3914520
17  chromedriver                        0x00000001011d565c chromedriver + 4232796
18  chromedriver                        0x00000001011d57d8 chromedriver + 4233176
19  chromedriver                        0x00000001011e4524 chromedriver + 4293924
20  libsystem_pthread.dylib             0x000000018e07af94 _pthread_start + 136
21  libsystem_pthread.dylib             0x000000018e075d34 thread_start + 8


8867/2024-04-22 13:42:24/Traceback (most recent call last):
  File "/Volumes/Expansion/ohs/project/study/python/instahelp_web/save/../save/save_main.py", line 191, in save
    find_svg = common.find_element("CSS_SELECTOR",
  File "/Volumes/Expansion/ohs/project/study/python/instahelp_web/save/../common/fun.py", line 136, in find_element
    return wait.until(EC.presence_of_element_located((By.CSS_SELECTOR, selector_name)))
  File "/Volumes/Expansion/ohs/project/study/python/instahelp_web/venv/lib/python3.10/site-packages/selenium/webdriver/support/wait.py", line 105, in until
    raise TimeoutException(message, screen, stacktrace)
selenium.common.exceptions.TimeoutException: Message: 
Stacktrace:
0   chromedriver                        0x00000001024883e8 chromedriver + 4326376
1   chromedriver                        0x00000001024808b0 chromedriver + 4294832
2   chromedriver                        0x00000001020ac088 chromedriver + 278664
3   chromedriver                        0x00000001020eea80 chromedriver + 551552
4   chromedriver                        0x00000001021274f8 chromedriver + 783608
5   chromedriver                        0x00000001020e34e4 chromedriver + 505060
6   chromedriver                        0x00000001020e3f5c chromedriver + 507740
7   chromedriver                        0x000000010244b984 chromedriver + 4077956
8   chromedriver                        0x000000010245073c chromedriver + 4097852
9   chromedriver                        0x0000000102432528 chromedriver + 3974440
10  chromedriver                        0x0000000102451054 chromedriver + 4100180
11  chromedriver                        0x0000000102423b18 chromedriver + 3914520
12  chromedriver                        0x000000010247165c chromedriver + 4232796
13  chromedriver                        0x00000001024717d8 chromedriver + 4233176
14  chromedriver                        0x0000000102480524 chromedriver + 4293924
15  libsystem_pthread.dylib             0x000000018e07af94 _pthread_start + 136
16  libsystem_pthread.dylib             0x000000018e075d34 thread_start + 8


During handling of the above exception, another exception occurred:

Traceback (most recent call last):
  File "/Volumes/Expansion/ohs/project/study/python/instahelp_web/save/../save/save_main.py", line 140, in fetch_order
    result, message = save()
  File "/Volumes/Expansion/ohs/project/study/python/instahelp_web/save/../save/save_main.py", line 202, in save
    raise Exception(ex)
Exception: Message: 
Stacktrace:
0   chromedriver                        0x00000001024883e8 chromedriver + 4326376
1   chromedriver                        0x00000001024808b0 chromedriver + 4294832
2   chromedriver                        0x00000001020ac088 chromedriver + 278664
3   chromedriver                        0x00000001020eea80 chromedriver + 551552
4   chromedriver                        0x00000001021274f8 chromedriver + 783608
5   chromedriver                        0x00000001020e34e4 chromedriver + 505060
6   chromedriver                        0x00000001020e3f5c chromedriver + 507740
7   chromedriver                        0x000000010244b984 chromedriver + 4077956
8   chromedriver                        0x000000010245073c chromedriver + 4097852
9   chromedriver                        0x0000000102432528 chromedriver + 3974440
10  chromedriver                        0x0000000102451054 chromedriver + 4100180
11  chromedriver                        0x0000000102423b18 chromedriver + 3914520
12  chromedriver                        0x000000010247165c chromedriver + 4232796
13  chromedriver                        0x00000001024717d8 chromedriver + 4233176
14  chromedriver                        0x0000000102480524 chromedriver + 4293924
15  libsystem_pthread.dylib             0x000000018e07af94 _pthread_start + 136
16  libsystem_pthread.dylib             0x000000018e075d34 thread_start + 8


During handling of the above exception, another exception occurred:

Traceback (most recent call last):
  File "/Volumes/Expansion/ohs/project/study/python/instahelp_web/save/../save/save_main.py", line 113, in dashboard
    result, message = fetch_order()
  File "/Volumes/Expansion/ohs/project/study/python/instahelp_web/save/../save/save_main.py", line 143, in fetch_order
    raise Exception(ex)
Exception: Message: 
Stacktrace:
0   chromedriver                        0x00000001024883e8 chromedriver + 4326376
1   chromedriver                        0x00000001024808b0 chromedriver + 4294832
2   chromedriver                        0x00000001020ac088 chromedriver + 278664
3   chromedriver                        0x00000001020eea80 chromedriver + 551552
4   chromedriver                        0x00000001021274f8 chromedriver + 783608
5   chromedriver                        0x00000001020e34e4 chromedriver + 505060
6   chromedriver                        0x00000001020e3f5c chromedriver + 507740
7   chromedriver                        0x000000010244b984 chromedriver + 4077956
8   chromedriver                        0x000000010245073c chromedriver + 4097852
9   chromedriver                        0x0000000102432528 chromedriver + 3974440
10  chromedriver                        0x0000000102451054 chromedriver + 4100180
11  chromedriver                        0x0000000102423b18 chromedriver + 3914520
12  chromedriver                        0x000000010247165c chromedriver + 4232796
13  chromedriver                        0x00000001024717d8 chromedriver + 4233176
14  chromedriver                        0x0000000102480524 chromedriver + 4293924
15  libsystem_pthread.dylib             0x000000018e07af94 _pthread_start + 136
16  libsystem_pthread.dylib             0x000000018e075d34 thread_start + 8


8867/2024-04-22 13:45:21/Traceback (most recent call last):
  File "/Volumes/Expansion/ohs/project/study/python/instahelp_web/save/../save/save_main.py", line 194, in save
    find_svg.parent.click()
AttributeError: 'WebDriver' object has no attribute 'click'

During handling of the above exception, another exception occurred:

Traceback (most recent call last):
  File "/Volumes/Expansion/ohs/project/study/python/instahelp_web/save/../save/save_main.py", line 140, in fetch_order
    result, message = save()
  File "/Volumes/Expansion/ohs/project/study/python/instahelp_web/save/../save/save_main.py", line 200, in save
    raise Exception(ex)
Exception: 'WebDriver' object has no attribute 'click'

During handling of the above exception, another exception occurred:

Traceback (most recent call last):
  File "/Volumes/Expansion/ohs/project/study/python/instahelp_web/save/../save/save_main.py", line 113, in dashboard
    result, message = fetch_order()
  File "/Volumes/Expansion/ohs/project/study/python/instahelp_web/save/../save/save_main.py", line 143, in fetch_order
    raise Exception(ex)
Exception: 'WebDriver' object has no attribute 'click'

8867/2024-04-22 13:45:55/Traceback (most recent call last):
  File "/Volumes/Expansion/ohs/project/study/python/instahelp_web/save/../save/save_main.py", line 196, in save
    find_svg.parent.click()
AttributeError: 'WebDriver' object has no attribute 'click'

During handling of the above exception, another exception occurred:

Traceback (most recent call last):
  File "/Volumes/Expansion/ohs/project/study/python/instahelp_web/save/../save/save_main.py", line 140, in fetch_order
    result, message = save()
  File "/Volumes/Expansion/ohs/project/study/python/instahelp_web/save/../save/save_main.py", line 202, in save
    raise Exception(ex)
Exception: 'WebDriver' object has no attribute 'click'

During handling of the above exception, another exception occurred:

Traceback (most recent call last):
  File "/Volumes/Expansion/ohs/project/study/python/instahelp_web/save/../save/save_main.py", line 113, in dashboard
    result, message = fetch_order()
  File "/Volumes/Expansion/ohs/project/study/python/instahelp_web/save/../save/save_main.py", line 143, in fetch_order
    raise Exception(ex)
Exception: 'WebDriver' object has no attribute 'click'

8867/2024-04-22 13:46:39/Traceback (most recent call last):
  File "/Volumes/Expansion/ohs/project/study/python/instahelp_web/save/../save/save_main.py", line 195, in save
    print(find_svg.parent.text)
AttributeError: 'WebDriver' object has no attribute 'text'

During handling of the above exception, another exception occurred:

Traceback (most recent call last):
  File "/Volumes/Expansion/ohs/project/study/python/instahelp_web/save/../save/save_main.py", line 140, in fetch_order
    result, message = save()
  File "/Volumes/Expansion/ohs/project/study/python/instahelp_web/save/../save/save_main.py", line 202, in save
    raise Exception(ex)
Exception: 'WebDriver' object has no attribute 'text'

During handling of the above exception, another exception occurred:

Traceback (most recent call last):
  File "/Volumes/Expansion/ohs/project/study/python/instahelp_web/save/../save/save_main.py", line 113, in dashboard
    result, message = fetch_order()
  File "/Volumes/Expansion/ohs/project/study/python/instahelp_web/save/../save/save_main.py", line 143, in fetch_order
    raise Exception(ex)
Exception: 'WebDriver' object has no attribute 'text'

8867/2024-04-22 13:53:24/Traceback (most recent call last):
  File "/Volumes/Expansion/ohs/project/study/python/instahelp_web/save/../save/save_main.py", line 195, in save
    find_svg.find_element(By.XPATH, "..").click()
  File "/Volumes/Expansion/ohs/project/study/python/instahelp_web/venv/lib/python3.10/site-packages/selenium/webdriver/remote/webelement.py", line 94, in click
    self._execute(Command.CLICK_ELEMENT)
  File "/Volumes/Expansion/ohs/project/study/python/instahelp_web/venv/lib/python3.10/site-packages/selenium/webdriver/remote/webelement.py", line 395, in _execute
    return self._parent.execute(command, params)
  File "/Volumes/Expansion/ohs/project/study/python/instahelp_web/venv/lib/python3.10/site-packages/selenium/webdriver/remote/webdriver.py", line 347, in execute
    self.error_handler.check_response(response)
  File "/Volumes/Expansion/ohs/project/study/python/instahelp_web/venv/lib/python3.10/site-packages/selenium/webdriver/remote/errorhandler.py", line 229, in check_response
    raise exception_class(message, screen, stacktrace)
selenium.common.exceptions.ElementClickInterceptedException: Message: element click intercepted: Element <div class="x6s0dn4 x78zum5 xdt5ytf xl56j7k">...</div> is not clickable at point (407, 570). Other element would receive the click: <div data-bloks-name="bk.components.Collection" class="wbloks_1 wbloks_93 wbloks_91" style="flex-grow: 1; display: block; pointer-events: auto;">...</div>
  (Session info: chrome-headless-shell=124.0.6367.61)
Stacktrace:
0   chromedriver                        0x00000001029a43e8 chromedriver + 4326376
1   chromedriver                        0x000000010299c8b0 chromedriver + 4294832
2   chromedriver                        0x00000001025c8088 chromedriver + 278664
3   chromedriver                        0x0000000102610554 chromedriver + 574804
4   chromedriver                        0x000000010260ead8 chromedriver + 568024
5   chromedriver                        0x000000010260cc58 chromedriver + 560216
6   chromedriver                        0x000000010260c188 chromedriver + 557448
7   chromedriver                        0x00000001026013ac chromedriver + 512940
8   chromedriver                        0x0000000102600dd0 chromedriver + 511440
9   chromedriver                        0x00000001026434f8 chromedriver + 783608
10  chromedriver                        0x00000001025ff4e4 chromedriver + 505060
11  chromedriver                        0x00000001025fff5c chromedriver + 507740
12  chromedriver                        0x0000000102967984 chromedriver + 4077956
13  chromedriver                        0x000000010296c73c chromedriver + 4097852
14  chromedriver                        0x000000010294e528 chromedriver + 3974440
15  chromedriver                        0x000000010296d054 chromedriver + 4100180
16  chromedriver                        0x000000010293fb18 chromedriver + 3914520
17  chromedriver                        0x000000010298d65c chromedriver + 4232796
18  chromedriver                        0x000000010298d7d8 chromedriver + 4233176
19  chromedriver                        0x000000010299c524 chromedriver + 4293924
20  libsystem_pthread.dylib             0x000000018e07af94 _pthread_start + 136
21  libsystem_pthread.dylib             0x000000018e075d34 thread_start + 8


During handling of the above exception, another exception occurred:

Traceback (most recent call last):
  File "/Volumes/Expansion/ohs/project/study/python/instahelp_web/save/../save/save_main.py", line 140, in fetch_order
    result, message = save()
  File "/Volumes/Expansion/ohs/project/study/python/instahelp_web/save/../save/save_main.py", line 201, in save
    raise Exception(ex)
Exception: Message: element click intercepted: Element <div class="x6s0dn4 x78zum5 xdt5ytf xl56j7k">...</div> is not clickable at point (407, 570). Other element would receive the click: <div data-bloks-name="bk.components.Collection" class="wbloks_1 wbloks_93 wbloks_91" style="flex-grow: 1; display: block; pointer-events: auto;">...</div>
  (Session info: chrome-headless-shell=124.0.6367.61)
Stacktrace:
0   chromedriver                        0x00000001029a43e8 chromedriver + 4326376
1   chromedriver                        0x000000010299c8b0 chromedriver + 4294832
2   chromedriver                        0x00000001025c8088 chromedriver + 278664
3   chromedriver                        0x0000000102610554 chromedriver + 574804
4   chromedriver                        0x000000010260ead8 chromedriver + 568024
5   chromedriver                        0x000000010260cc58 chromedriver + 560216
6   chromedriver                        0x000000010260c188 chromedriver + 557448
7   chromedriver                        0x00000001026013ac chromedriver + 512940
8   chromedriver                        0x0000000102600dd0 chromedriver + 511440
9   chromedriver                        0x00000001026434f8 chromedriver + 783608
10  chromedriver                        0x00000001025ff4e4 chromedriver + 505060
11  chromedriver                        0x00000001025fff5c chromedriver + 507740
12  chromedriver                        0x0000000102967984 chromedriver + 4077956
13  chromedriver                        0x000000010296c73c chromedriver + 4097852
14  chromedriver                        0x000000010294e528 chromedriver + 3974440
15  chromedriver                        0x000000010296d054 chromedriver + 4100180
16  chromedriver                        0x000000010293fb18 chromedriver + 3914520
17  chromedriver                        0x000000010298d65c chromedriver + 4232796
18  chromedriver                        0x000000010298d7d8 chromedriver + 4233176
19  chromedriver                        0x000000010299c524 chromedriver + 4293924
20  libsystem_pthread.dylib             0x000000018e07af94 _pthread_start + 136
21  libsystem_pthread.dylib             0x000000018e075d34 thread_start + 8


During handling of the above exception, another exception occurred:

Traceback (most recent call last):
  File "/Volumes/Expansion/ohs/project/study/python/instahelp_web/save/../save/save_main.py", line 113, in dashboard
    result, message = fetch_order()
  File "/Volumes/Expansion/ohs/project/study/python/instahelp_web/save/../save/save_main.py", line 143, in fetch_order
    raise Exception(ex)
Exception: Message: element click intercepted: Element <div class="x6s0dn4 x78zum5 xdt5ytf xl56j7k">...</div> is not clickable at point (407, 570). Other element would receive the click: <div data-bloks-name="bk.components.Collection" class="wbloks_1 wbloks_93 wbloks_91" style="flex-grow: 1; display: block; pointer-events: auto;">...</div>
  (Session info: chrome-headless-shell=124.0.6367.61)
Stacktrace:
0   chromedriver                        0x00000001029a43e8 chromedriver + 4326376
1   chromedriver                        0x000000010299c8b0 chromedriver + 4294832
2   chromedriver                        0x00000001025c8088 chromedriver + 278664
3   chromedriver                        0x0000000102610554 chromedriver + 574804
4   chromedriver                        0x000000010260ead8 chromedriver + 568024
5   chromedriver                        0x000000010260cc58 chromedriver + 560216
6   chromedriver                        0x000000010260c188 chromedriver + 557448
7   chromedriver                        0x00000001026013ac chromedriver + 512940
8   chromedriver                        0x0000000102600dd0 chromedriver + 511440
9   chromedriver                        0x00000001026434f8 chromedriver + 783608
10  chromedriver                        0x00000001025ff4e4 chromedriver + 505060
11  chromedriver                        0x00000001025fff5c chromedriver + 507740
12  chromedriver                        0x0000000102967984 chromedriver + 4077956
13  chromedriver                        0x000000010296c73c chromedriver + 4097852
14  chromedriver                        0x000000010294e528 chromedriver + 3974440
15  chromedriver                        0x000000010296d054 chromedriver + 4100180
16  chromedriver                        0x000000010293fb18 chromedriver + 3914520
17  chromedriver                        0x000000010298d65c chromedriver + 4232796
18  chromedriver                        0x000000010298d7d8 chromedriver + 4233176
19  chromedriver                        0x000000010299c524 chromedriver + 4293924
20  libsystem_pthread.dylib             0x000000018e07af94 _pthread_start + 136
21  libsystem_pthread.dylib             0x000000018e075d34 thread_start + 8


8867/2024-04-22 13:59:38/Traceback (most recent call last):
  File "/Volumes/Expansion/ohs/project/study/python/instahelp_web/save/../save/save_main.py", line 205, in save
    common.find_element("CLASS_NAME", "x11i5rnm x1gryazu", driver, wait).click()
  File "/Volumes/Expansion/ohs/project/study/python/instahelp_web/save/../common/fun.py", line 134, in find_element
    return wait.until(EC.presence_of_element_located((By.CLASS_NAME, selector_name)))
  File "/Volumes/Expansion/ohs/project/study/python/instahelp_web/venv/lib/python3.10/site-packages/selenium/webdriver/support/wait.py", line 105, in until
    raise TimeoutException(message, screen, stacktrace)
selenium.common.exceptions.TimeoutException: Message: 
Stacktrace:
0   chromedriver                        0x00000001044943e8 chromedriver + 4326376
1   chromedriver                        0x000000010448c8b0 chromedriver + 4294832
2   chromedriver                        0x00000001040b8088 chromedriver + 278664
3   chromedriver                        0x00000001040faa80 chromedriver + 551552
4   chromedriver                        0x00000001041334f8 chromedriver + 783608
5   chromedriver                        0x00000001040ef4e4 chromedriver + 505060
6   chromedriver                        0x00000001040eff5c chromedriver + 507740
7   chromedriver                        0x0000000104457984 chromedriver + 4077956
8   chromedriver                        0x000000010445c73c chromedriver + 4097852
9   chromedriver                        0x000000010443e528 chromedriver + 3974440
10  chromedriver                        0x000000010445d054 chromedriver + 4100180
11  chromedriver                        0x000000010442fb18 chromedriver + 3914520
12  chromedriver                        0x000000010447d65c chromedriver + 4232796
13  chromedriver                        0x000000010447d7d8 chromedriver + 4233176
14  chromedriver                        0x000000010448c524 chromedriver + 4293924
15  libsystem_pthread.dylib             0x000000018e07af94 _pthread_start + 136
16  libsystem_pthread.dylib             0x000000018e075d34 thread_start + 8


During handling of the above exception, another exception occurred:

Traceback (most recent call last):
  File "/Volumes/Expansion/ohs/project/study/python/instahelp_web/save/../save/save_main.py", line 140, in fetch_order
    result, message = save()
  File "/Volumes/Expansion/ohs/project/study/python/instahelp_web/save/../save/save_main.py", line 211, in save
    raise Exception(ex)
Exception: Message: 
Stacktrace:
0   chromedriver                        0x00000001044943e8 chromedriver + 4326376
1   chromedriver                        0x000000010448c8b0 chromedriver + 4294832
2   chromedriver                        0x00000001040b8088 chromedriver + 278664
3   chromedriver                        0x00000001040faa80 chromedriver + 551552
4   chromedriver                        0x00000001041334f8 chromedriver + 783608
5   chromedriver                        0x00000001040ef4e4 chromedriver + 505060
6   chromedriver                        0x00000001040eff5c chromedriver + 507740
7   chromedriver                        0x0000000104457984 chromedriver + 4077956
8   chromedriver                        0x000000010445c73c chromedriver + 4097852
9   chromedriver                        0x000000010443e528 chromedriver + 3974440
10  chromedriver                        0x000000010445d054 chromedriver + 4100180
11  chromedriver                        0x000000010442fb18 chromedriver + 3914520
12  chromedriver                        0x000000010447d65c chromedriver + 4232796
13  chromedriver                        0x000000010447d7d8 chromedriver + 4233176
14  chromedriver                        0x000000010448c524 chromedriver + 4293924
15  libsystem_pthread.dylib             0x000000018e07af94 _pthread_start + 136
16  libsystem_pthread.dylib             0x000000018e075d34 thread_start + 8


During handling of the above exception, another exception occurred:

Traceback (most recent call last):
  File "/Volumes/Expansion/ohs/project/study/python/instahelp_web/save/../save/save_main.py", line 113, in dashboard
    result, message = fetch_order()
  File "/Volumes/Expansion/ohs/project/study/python/instahelp_web/save/../save/save_main.py", line 143, in fetch_order
    raise Exception(ex)
Exception: Message: 
Stacktrace:
0   chromedriver                        0x00000001044943e8 chromedriver + 4326376
1   chromedriver                        0x000000010448c8b0 chromedriver + 4294832
2   chromedriver                        0x00000001040b8088 chromedriver + 278664
3   chromedriver                        0x00000001040faa80 chromedriver + 551552
4   chromedriver                        0x00000001041334f8 chromedriver + 783608
5   chromedriver                        0x00000001040ef4e4 chromedriver + 505060
6   chromedriver                        0x00000001040eff5c chromedriver + 507740
7   chromedriver                        0x0000000104457984 chromedriver + 4077956
8   chromedriver                        0x000000010445c73c chromedriver + 4097852
9   chromedriver                        0x000000010443e528 chromedriver + 3974440
10  chromedriver                        0x000000010445d054 chromedriver + 4100180
11  chromedriver                        0x000000010442fb18 chromedriver + 3914520
12  chromedriver                        0x000000010447d65c chromedriver + 4232796
13  chromedriver                        0x000000010447d7d8 chromedriver + 4233176
14  chromedriver                        0x000000010448c524 chromedriver + 4293924
15  libsystem_pthread.dylib             0x000000018e07af94 _pthread_start + 136
16  libsystem_pthread.dylib             0x000000018e075d34 thread_start + 8


6167/2024-04-22 14:03:51/Traceback (most recent call last):
  File "/Volumes/Expansion/ohs/project/study/python/instahelp_web/save/../save/save_main.py", line 187, in save
    save_element = common.find_element("CSS_SELECTOR", ".x1gslohp>.x6s0dn4>.x11i5rnm>div", driver, wait)
  File "/Volumes/Expansion/ohs/project/study/python/instahelp_web/save/../common/fun.py", line 136, in find_element
    return wait.until(EC.presence_of_element_located((By.CSS_SELECTOR, selector_name)))
  File "/Volumes/Expansion/ohs/project/study/python/instahelp_web/venv/lib/python3.10/site-packages/selenium/webdriver/support/wait.py", line 105, in until
    raise TimeoutException(message, screen, stacktrace)
selenium.common.exceptions.TimeoutException: Message: 
Stacktrace:
0   chromedriver                        0x0000000100d783e8 chromedriver + 4326376
1   chromedriver                        0x0000000100d708b0 chromedriver + 4294832
2   chromedriver                        0x000000010099c088 chromedriver + 278664
3   chromedriver                        0x00000001009dea80 chromedriver + 551552
4   chromedriver                        0x0000000100a174f8 chromedriver + 783608
5   chromedriver                        0x00000001009d34e4 chromedriver + 505060
6   chromedriver                        0x00000001009d3f5c chromedriver + 507740
7   chromedriver                        0x0000000100d3b984 chromedriver + 4077956
8   chromedriver                        0x0000000100d4073c chromedriver + 4097852
9   chromedriver                        0x0000000100d22528 chromedriver + 3974440
10  chromedriver                        0x0000000100d41054 chromedriver + 4100180
11  chromedriver                        0x0000000100d13b18 chromedriver + 3914520
12  chromedriver                        0x0000000100d6165c chromedriver + 4232796
13  chromedriver                        0x0000000100d617d8 chromedriver + 4233176
14  chromedriver                        0x0000000100d70524 chromedriver + 4293924
15  libsystem_pthread.dylib             0x000000018e07af94 _pthread_start + 136
16  libsystem_pthread.dylib             0x000000018e075d34 thread_start + 8


During handling of the above exception, another exception occurred:

Traceback (most recent call last):
  File "/Volumes/Expansion/ohs/project/study/python/instahelp_web/save/../save/save_main.py", line 140, in fetch_order
    result, message = save()
  File "/Volumes/Expansion/ohs/project/study/python/instahelp_web/save/../save/save_main.py", line 197, in save
    raise Exception(ex)
Exception: Message: 
Stacktrace:
0   chromedriver                        0x0000000100d783e8 chromedriver + 4326376
1   chromedriver                        0x0000000100d708b0 chromedriver + 4294832
2   chromedriver                        0x000000010099c088 chromedriver + 278664
3   chromedriver                        0x00000001009dea80 chromedriver + 551552
4   chromedriver                        0x0000000100a174f8 chromedriver + 783608
5   chromedriver                        0x00000001009d34e4 chromedriver + 505060
6   chromedriver                        0x00000001009d3f5c chromedriver + 507740
7   chromedriver                        0x0000000100d3b984 chromedriver + 4077956
8   chromedriver                        0x0000000100d4073c chromedriver + 4097852
9   chromedriver                        0x0000000100d22528 chromedriver + 3974440
10  chromedriver                        0x0000000100d41054 chromedriver + 4100180
11  chromedriver                        0x0000000100d13b18 chromedriver + 3914520
12  chromedriver                        0x0000000100d6165c chromedriver + 4232796
13  chromedriver                        0x0000000100d617d8 chromedriver + 4233176
14  chromedriver                        0x0000000100d70524 chromedriver + 4293924
15  libsystem_pthread.dylib             0x000000018e07af94 _pthread_start + 136
16  libsystem_pthread.dylib             0x000000018e075d34 thread_start + 8


During handling of the above exception, another exception occurred:

Traceback (most recent call last):
  File "/Volumes/Expansion/ohs/project/study/python/instahelp_web/save/../save/save_main.py", line 113, in dashboard
    result, message = fetch_order()
  File "/Volumes/Expansion/ohs/project/study/python/instahelp_web/save/../save/save_main.py", line 143, in fetch_order
    raise Exception(ex)
Exception: Message: 
Stacktrace:
0   chromedriver                        0x0000000100d783e8 chromedriver + 4326376
1   chromedriver                        0x0000000100d708b0 chromedriver + 4294832
2   chromedriver                        0x000000010099c088 chromedriver + 278664
3   chromedriver                        0x00000001009dea80 chromedriver + 551552
4   chromedriver                        0x0000000100a174f8 chromedriver + 783608
5   chromedriver                        0x00000001009d34e4 chromedriver + 505060
6   chromedriver                        0x00000001009d3f5c chromedriver + 507740
7   chromedriver                        0x0000000100d3b984 chromedriver + 4077956
8   chromedriver                        0x0000000100d4073c chromedriver + 4097852
9   chromedriver                        0x0000000100d22528 chromedriver + 3974440
10  chromedriver                        0x0000000100d41054 chromedriver + 4100180
11  chromedriver                        0x0000000100d13b18 chromedriver + 3914520
12  chromedriver                        0x0000000100d6165c chromedriver + 4232796
13  chromedriver                        0x0000000100d617d8 chromedriver + 4233176
14  chromedriver                        0x0000000100d70524 chromedriver + 4293924
15  libsystem_pthread.dylib             0x000000018e07af94 _pthread_start + 136
16  libsystem_pthread.dylib             0x000000018e075d34 thread_start + 8


6167/2024-04-22 14:03:51/Traceback (most recent call last):
  File "/Volumes/Expansion/ohs/project/study/python/instahelp_web/save/../save/save_main.py", line 187, in save
    save_element = common.find_element("CSS_SELECTOR", ".x1gslohp>.x6s0dn4>.x11i5rnm>div", driver, wait)
  File "/Volumes/Expansion/ohs/project/study/python/instahelp_web/save/../common/fun.py", line 136, in find_element
    return wait.until(EC.presence_of_element_located((By.CSS_SELECTOR, selector_name)))
  File "/Volumes/Expansion/ohs/project/study/python/instahelp_web/venv/lib/python3.10/site-packages/selenium/webdriver/support/wait.py", line 105, in until
    raise TimeoutException(message, screen, stacktrace)
selenium.common.exceptions.TimeoutException: Message: 
Stacktrace:
0   chromedriver                        0x00000001028e43e8 chromedriver + 4326376
1   chromedriver                        0x00000001028dc8b0 chromedriver + 4294832
2   chromedriver                        0x0000000102508088 chromedriver + 278664
3   chromedriver                        0x000000010254aa80 chromedriver + 551552
4   chromedriver                        0x00000001025834f8 chromedriver + 783608
5   chromedriver                        0x000000010253f4e4 chromedriver + 505060
6   chromedriver                        0x000000010253ff5c chromedriver + 507740
7   chromedriver                        0x00000001028a7984 chromedriver + 4077956
8   chromedriver                        0x00000001028ac73c chromedriver + 4097852
9   chromedriver                        0x000000010288e528 chromedriver + 3974440
10  chromedriver                        0x00000001028ad054 chromedriver + 4100180
11  chromedriver                        0x000000010287fb18 chromedriver + 3914520
12  chromedriver                        0x00000001028cd65c chromedriver + 4232796
13  chromedriver                        0x00000001028cd7d8 chromedriver + 4233176
14  chromedriver                        0x00000001028dc524 chromedriver + 4293924
15  libsystem_pthread.dylib             0x000000018e07af94 _pthread_start + 136
16  libsystem_pthread.dylib             0x000000018e075d34 thread_start + 8


During handling of the above exception, another exception occurred:

Traceback (most recent call last):
  File "/Volumes/Expansion/ohs/project/study/python/instahelp_web/save/../save/save_main.py", line 140, in fetch_order
    result, message = save()
  File "/Volumes/Expansion/ohs/project/study/python/instahelp_web/save/../save/save_main.py", line 197, in save
    raise Exception(ex)
Exception: Message: 
Stacktrace:
0   chromedriver                        0x00000001028e43e8 chromedriver + 4326376
1   chromedriver                        0x00000001028dc8b0 chromedriver + 4294832
2   chromedriver                        0x0000000102508088 chromedriver + 278664
3   chromedriver                        0x000000010254aa80 chromedriver + 551552
4   chromedriver                        0x00000001025834f8 chromedriver + 783608
5   chromedriver                        0x000000010253f4e4 chromedriver + 505060
6   chromedriver                        0x000000010253ff5c chromedriver + 507740
7   chromedriver                        0x00000001028a7984 chromedriver + 4077956
8   chromedriver                        0x00000001028ac73c chromedriver + 4097852
9   chromedriver                        0x000000010288e528 chromedriver + 3974440
10  chromedriver                        0x00000001028ad054 chromedriver + 4100180
11  chromedriver                        0x000000010287fb18 chromedriver + 3914520
12  chromedriver                        0x00000001028cd65c chromedriver + 4232796
13  chromedriver                        0x00000001028cd7d8 chromedriver + 4233176
14  chromedriver                        0x00000001028dc524 chromedriver + 4293924
15  libsystem_pthread.dylib             0x000000018e07af94 _pthread_start + 136
16  libsystem_pthread.dylib             0x000000018e075d34 thread_start + 8


During handling of the above exception, another exception occurred:

Traceback (most recent call last):
  File "/Volumes/Expansion/ohs/project/study/python/instahelp_web/save/../save/save_main.py", line 113, in dashboard
    result, message = fetch_order()
  File "/Volumes/Expansion/ohs/project/study/python/instahelp_web/save/../save/save_main.py", line 143, in fetch_order
    raise Exception(ex)
Exception: Message: 
Stacktrace:
0   chromedriver                        0x00000001028e43e8 chromedriver + 4326376
1   chromedriver                        0x00000001028dc8b0 chromedriver + 4294832
2   chromedriver                        0x0000000102508088 chromedriver + 278664
3   chromedriver                        0x000000010254aa80 chromedriver + 551552
4   chromedriver                        0x00000001025834f8 chromedriver + 783608
5   chromedriver                        0x000000010253f4e4 chromedriver + 505060
6   chromedriver                        0x000000010253ff5c chromedriver + 507740
7   chromedriver                        0x00000001028a7984 chromedriver + 4077956
8   chromedriver                        0x00000001028ac73c chromedriver + 4097852
9   chromedriver                        0x000000010288e528 chromedriver + 3974440
10  chromedriver                        0x00000001028ad054 chromedriver + 4100180
11  chromedriver                        0x000000010287fb18 chromedriver + 3914520
12  chromedriver                        0x00000001028cd65c chromedriver + 4232796
13  chromedriver                        0x00000001028cd7d8 chromedriver + 4233176
14  chromedriver                        0x00000001028dc524 chromedriver + 4293924
15  libsystem_pthread.dylib             0x000000018e07af94 _pthread_start + 136
16  libsystem_pthread.dylib             0x000000018e075d34 thread_start + 8


6167/2024-04-22 14:03:52/Traceback (most recent call last):
  File "/Volumes/Expansion/ohs/project/study/python/instahelp_web/save/../save/save_main.py", line 187, in save
    save_element = common.find_element("CSS_SELECTOR", ".x1gslohp>.x6s0dn4>.x11i5rnm>div", driver, wait)
  File "/Volumes/Expansion/ohs/project/study/python/instahelp_web/save/../common/fun.py", line 136, in find_element
    return wait.until(EC.presence_of_element_located((By.CSS_SELECTOR, selector_name)))
  File "/Volumes/Expansion/ohs/project/study/python/instahelp_web/venv/lib/python3.10/site-packages/selenium/webdriver/support/wait.py", line 105, in until
    raise TimeoutException(message, screen, stacktrace)
selenium.common.exceptions.TimeoutException: Message: 
Stacktrace:
0   chromedriver                        0x00000001050b43e8 chromedriver + 4326376
1   chromedriver                        0x00000001050ac8b0 chromedriver + 4294832
2   chromedriver                        0x0000000104cd8088 chromedriver + 278664
3   chromedriver                        0x0000000104d1aa80 chromedriver + 551552
4   chromedriver                        0x0000000104d534f8 chromedriver + 783608
5   chromedriver                        0x0000000104d0f4e4 chromedriver + 505060
6   chromedriver                        0x0000000104d0ff5c chromedriver + 507740
7   chromedriver                        0x0000000105077984 chromedriver + 4077956
8   chromedriver                        0x000000010507c73c chromedriver + 4097852
9   chromedriver                        0x000000010505e528 chromedriver + 3974440
10  chromedriver                        0x000000010507d054 chromedriver + 4100180
11  chromedriver                        0x000000010504fb18 chromedriver + 3914520
12  chromedriver                        0x000000010509d65c chromedriver + 4232796
13  chromedriver                        0x000000010509d7d8 chromedriver + 4233176
14  chromedriver                        0x00000001050ac524 chromedriver + 4293924
15  libsystem_pthread.dylib             0x000000018e07af94 _pthread_start + 136
16  libsystem_pthread.dylib             0x000000018e075d34 thread_start + 8


During handling of the above exception, another exception occurred:

Traceback (most recent call last):
  File "/Volumes/Expansion/ohs/project/study/python/instahelp_web/save/../save/save_main.py", line 140, in fetch_order
    result, message = save()
  File "/Volumes/Expansion/ohs/project/study/python/instahelp_web/save/../save/save_main.py", line 197, in save
    raise Exception(ex)
Exception: Message: 
Stacktrace:
0   chromedriver                        0x00000001050b43e8 chromedriver + 4326376
1   chromedriver                        0x00000001050ac8b0 chromedriver + 4294832
2   chromedriver                        0x0000000104cd8088 chromedriver + 278664
3   chromedriver                        0x0000000104d1aa80 chromedriver + 551552
4   chromedriver                        0x0000000104d534f8 chromedriver + 783608
5   chromedriver                        0x0000000104d0f4e4 chromedriver + 505060
6   chromedriver                        0x0000000104d0ff5c chromedriver + 507740
7   chromedriver                        0x0000000105077984 chromedriver + 4077956
8   chromedriver                        0x000000010507c73c chromedriver + 4097852
9   chromedriver                        0x000000010505e528 chromedriver + 3974440
10  chromedriver                        0x000000010507d054 chromedriver + 4100180
11  chromedriver                        0x000000010504fb18 chromedriver + 3914520
12  chromedriver                        0x000000010509d65c chromedriver + 4232796
13  chromedriver                        0x000000010509d7d8 chromedriver + 4233176
14  chromedriver                        0x00000001050ac524 chromedriver + 4293924
15  libsystem_pthread.dylib             0x000000018e07af94 _pthread_start + 136
16  libsystem_pthread.dylib             0x000000018e075d34 thread_start + 8


During handling of the above exception, another exception occurred:

Traceback (most recent call last):
  File "/Volumes/Expansion/ohs/project/study/python/instahelp_web/save/../save/save_main.py", line 113, in dashboard
    result, message = fetch_order()
  File "/Volumes/Expansion/ohs/project/study/python/instahelp_web/save/../save/save_main.py", line 143, in fetch_order
    raise Exception(ex)
Exception: Message: 
Stacktrace:
0   chromedriver                        0x00000001050b43e8 chromedriver + 4326376
1   chromedriver                        0x00000001050ac8b0 chromedriver + 4294832
2   chromedriver                        0x0000000104cd8088 chromedriver + 278664
3   chromedriver                        0x0000000104d1aa80 chromedriver + 551552
4   chromedriver                        0x0000000104d534f8 chromedriver + 783608
5   chromedriver                        0x0000000104d0f4e4 chromedriver + 505060
6   chromedriver                        0x0000000104d0ff5c chromedriver + 507740
7   chromedriver                        0x0000000105077984 chromedriver + 4077956
8   chromedriver                        0x000000010507c73c chromedriver + 4097852
9   chromedriver                        0x000000010505e528 chromedriver + 3974440
10  chromedriver                        0x000000010507d054 chromedriver + 4100180
11  chromedriver                        0x000000010504fb18 chromedriver + 3914520
12  chromedriver                        0x000000010509d65c chromedriver + 4232796
13  chromedriver                        0x000000010509d7d8 chromedriver + 4233176
14  chromedriver                        0x00000001050ac524 chromedriver + 4293924
15  libsystem_pthread.dylib             0x000000018e07af94 _pthread_start + 136
16  libsystem_pthread.dylib             0x000000018e075d34 thread_start + 8


6167/2024-04-22 14:03:57/Traceback (most recent call last):
  File "/Volumes/Expansion/ohs/project/study/python/instahelp_web/save/../save/save_main.py", line 192, in save
    save_element.click()
  File "/Volumes/Expansion/ohs/project/study/python/instahelp_web/venv/lib/python3.10/site-packages/selenium/webdriver/remote/webelement.py", line 94, in click
    self._execute(Command.CLICK_ELEMENT)
  File "/Volumes/Expansion/ohs/project/study/python/instahelp_web/venv/lib/python3.10/site-packages/selenium/webdriver/remote/webelement.py", line 395, in _execute
    return self._parent.execute(command, params)
  File "/Volumes/Expansion/ohs/project/study/python/instahelp_web/venv/lib/python3.10/site-packages/selenium/webdriver/remote/webdriver.py", line 347, in execute
    self.error_handler.check_response(response)
  File "/Volumes/Expansion/ohs/project/study/python/instahelp_web/venv/lib/python3.10/site-packages/selenium/webdriver/remote/errorhandler.py", line 229, in check_response
    raise exception_class(message, screen, stacktrace)
selenium.common.exceptions.ElementClickInterceptedException: Message: element click intercepted: Element <div>...</div> is not clickable at point (407, 570). Other element would receive the click: <div data-bloks-name="bk.components.Collection" class="wbloks_1 wbloks_93 wbloks_91" style="flex-grow: 1; display: block; pointer-events: auto;">...</div>
  (Session info: chrome-headless-shell=124.0.6367.61)
Stacktrace:
0   chromedriver                        0x0000000104ed43e8 chromedriver + 4326376
1   chromedriver                        0x0000000104ecc8b0 chromedriver + 4294832
2   chromedriver                        0x0000000104af8088 chromedriver + 278664
3   chromedriver                        0x0000000104b40554 chromedriver + 574804
4   chromedriver                        0x0000000104b3ead8 chromedriver + 568024
5   chromedriver                        0x0000000104b3cc58 chromedriver + 560216
6   chromedriver                        0x0000000104b3c188 chromedriver + 557448
7   chromedriver                        0x0000000104b313ac chromedriver + 512940
8   chromedriver                        0x0000000104b30dd0 chromedriver + 511440
9   chromedriver                        0x0000000104b734f8 chromedriver + 783608
10  chromedriver                        0x0000000104b2f4e4 chromedriver + 505060
11  chromedriver                        0x0000000104b2ff5c chromedriver + 507740
12  chromedriver                        0x0000000104e97984 chromedriver + 4077956
13  chromedriver                        0x0000000104e9c73c chromedriver + 4097852
14  chromedriver                        0x0000000104e7e528 chromedriver + 3974440
15  chromedriver                        0x0000000104e9d054 chromedriver + 4100180
16  chromedriver                        0x0000000104e6fb18 chromedriver + 3914520
17  chromedriver                        0x0000000104ebd65c chromedriver + 4232796
18  chromedriver                        0x0000000104ebd7d8 chromedriver + 4233176
19  chromedriver                        0x0000000104ecc524 chromedriver + 4293924
20  libsystem_pthread.dylib             0x000000018e07af94 _pthread_start + 136
21  libsystem_pthread.dylib             0x000000018e075d34 thread_start + 8


During handling of the above exception, another exception occurred:

Traceback (most recent call last):
  File "/Volumes/Expansion/ohs/project/study/python/instahelp_web/save/../save/save_main.py", line 140, in fetch_order
    result, message = save()
  File "/Volumes/Expansion/ohs/project/study/python/instahelp_web/save/../save/save_main.py", line 197, in save
    raise Exception(ex)
Exception: Message: element click intercepted: Element <div>...</div> is not clickable at point (407, 570). Other element would receive the click: <div data-bloks-name="bk.components.Collection" class="wbloks_1 wbloks_93 wbloks_91" style="flex-grow: 1; display: block; pointer-events: auto;">...</div>
  (Session info: chrome-headless-shell=124.0.6367.61)
Stacktrace:
0   chromedriver                        0x0000000104ed43e8 chromedriver + 4326376
1   chromedriver                        0x0000000104ecc8b0 chromedriver + 4294832
2   chromedriver                        0x0000000104af8088 chromedriver + 278664
3   chromedriver                        0x0000000104b40554 chromedriver + 574804
4   chromedriver                        0x0000000104b3ead8 chromedriver + 568024
5   chromedriver                        0x0000000104b3cc58 chromedriver + 560216
6   chromedriver                        0x0000000104b3c188 chromedriver + 557448
7   chromedriver                        0x0000000104b313ac chromedriver + 512940
8   chromedriver                        0x0000000104b30dd0 chromedriver + 511440
9   chromedriver                        0x0000000104b734f8 chromedriver + 783608
10  chromedriver                        0x0000000104b2f4e4 chromedriver + 505060
11  chromedriver                        0x0000000104b2ff5c chromedriver + 507740
12  chromedriver                        0x0000000104e97984 chromedriver + 4077956
13  chromedriver                        0x0000000104e9c73c chromedriver + 4097852
14  chromedriver                        0x0000000104e7e528 chromedriver + 3974440
15  chromedriver                        0x0000000104e9d054 chromedriver + 4100180
16  chromedriver                        0x0000000104e6fb18 chromedriver + 3914520
17  chromedriver                        0x0000000104ebd65c chromedriver + 4232796
18  chromedriver                        0x0000000104ebd7d8 chromedriver + 4233176
19  chromedriver                        0x0000000104ecc524 chromedriver + 4293924
20  libsystem_pthread.dylib             0x000000018e07af94 _pthread_start + 136
21  libsystem_pthread.dylib             0x000000018e075d34 thread_start + 8


During handling of the above exception, another exception occurred:

Traceback (most recent call last):
  File "/Volumes/Expansion/ohs/project/study/python/instahelp_web/save/../save/save_main.py", line 113, in dashboard
    result, message = fetch_order()
  File "/Volumes/Expansion/ohs/project/study/python/instahelp_web/save/../save/save_main.py", line 143, in fetch_order
    raise Exception(ex)
Exception: Message: element click intercepted: Element <div>...</div> is not clickable at point (407, 570). Other element would receive the click: <div data-bloks-name="bk.components.Collection" class="wbloks_1 wbloks_93 wbloks_91" style="flex-grow: 1; display: block; pointer-events: auto;">...</div>
  (Session info: chrome-headless-shell=124.0.6367.61)
Stacktrace:
0   chromedriver                        0x0000000104ed43e8 chromedriver + 4326376
1   chromedriver                        0x0000000104ecc8b0 chromedriver + 4294832
2   chromedriver                        0x0000000104af8088 chromedriver + 278664
3   chromedriver                        0x0000000104b40554 chromedriver + 574804
4   chromedriver                        0x0000000104b3ead8 chromedriver + 568024
5   chromedriver                        0x0000000104b3cc58 chromedriver + 560216
6   chromedriver                        0x0000000104b3c188 chromedriver + 557448
7   chromedriver                        0x0000000104b313ac chromedriver + 512940
8   chromedriver                        0x0000000104b30dd0 chromedriver + 511440
9   chromedriver                        0x0000000104b734f8 chromedriver + 783608
10  chromedriver                        0x0000000104b2f4e4 chromedriver + 505060
11  chromedriver                        0x0000000104b2ff5c chromedriver + 507740
12  chromedriver                        0x0000000104e97984 chromedriver + 4077956
13  chromedriver                        0x0000000104e9c73c chromedriver + 4097852
14  chromedriver                        0x0000000104e7e528 chromedriver + 3974440
15  chromedriver                        0x0000000104e9d054 chromedriver + 4100180
16  chromedriver                        0x0000000104e6fb18 chromedriver + 3914520
17  chromedriver                        0x0000000104ebd65c chromedriver + 4232796
18  chromedriver                        0x0000000104ebd7d8 chromedriver + 4233176
19  chromedriver                        0x0000000104ecc524 chromedriver + 4293924
20  libsystem_pthread.dylib             0x000000018e07af94 _pthread_start + 136
21  libsystem_pthread.dylib             0x000000018e075d34 thread_start + 8


6167/2024-04-22 14:04:05/Traceback (most recent call last):
  File "/Volumes/Expansion/ohs/project/study/python/instahelp_web/save/../save/save_main.py", line 187, in save
    save_element = common.find_element("CSS_SELECTOR", ".x1gslohp>.x6s0dn4>.x11i5rnm>div", driver, wait)
  File "/Volumes/Expansion/ohs/project/study/python/instahelp_web/save/../common/fun.py", line 136, in find_element
    return wait.until(EC.presence_of_element_located((By.CSS_SELECTOR, selector_name)))
  File "/Volumes/Expansion/ohs/project/study/python/instahelp_web/venv/lib/python3.10/site-packages/selenium/webdriver/support/wait.py", line 105, in until
    raise TimeoutException(message, screen, stacktrace)
selenium.common.exceptions.TimeoutException: Message: 
Stacktrace:
0   chromedriver                        0x00000001049743e8 chromedriver + 4326376
1   chromedriver                        0x000000010496c8b0 chromedriver + 4294832
2   chromedriver                        0x0000000104598088 chromedriver + 278664
3   chromedriver                        0x00000001045daa80 chromedriver + 551552
4   chromedriver                        0x00000001046134f8 chromedriver + 783608
5   chromedriver                        0x00000001045cf4e4 chromedriver + 505060
6   chromedriver                        0x00000001045cff5c chromedriver + 507740
7   chromedriver                        0x0000000104937984 chromedriver + 4077956
8   chromedriver                        0x000000010493c73c chromedriver + 4097852
9   chromedriver                        0x000000010491e528 chromedriver + 3974440
10  chromedriver                        0x000000010493d054 chromedriver + 4100180
11  chromedriver                        0x000000010490fb18 chromedriver + 3914520
12  chromedriver                        0x000000010495d65c chromedriver + 4232796
13  chromedriver                        0x000000010495d7d8 chromedriver + 4233176
14  chromedriver                        0x000000010496c524 chromedriver + 4293924
15  libsystem_pthread.dylib             0x000000018e07af94 _pthread_start + 136
16  libsystem_pthread.dylib             0x000000018e075d34 thread_start + 8


During handling of the above exception, another exception occurred:

Traceback (most recent call last):
  File "/Volumes/Expansion/ohs/project/study/python/instahelp_web/save/../save/save_main.py", line 140, in fetch_order
    result, message = save()
  File "/Volumes/Expansion/ohs/project/study/python/instahelp_web/save/../save/save_main.py", line 197, in save
    raise Exception(ex)
Exception: Message: 
Stacktrace:
0   chromedriver                        0x00000001049743e8 chromedriver + 4326376
1   chromedriver                        0x000000010496c8b0 chromedriver + 4294832
2   chromedriver                        0x0000000104598088 chromedriver + 278664
3   chromedriver                        0x00000001045daa80 chromedriver + 551552
4   chromedriver                        0x00000001046134f8 chromedriver + 783608
5   chromedriver                        0x00000001045cf4e4 chromedriver + 505060
6   chromedriver                        0x00000001045cff5c chromedriver + 507740
7   chromedriver                        0x0000000104937984 chromedriver + 4077956
8   chromedriver                        0x000000010493c73c chromedriver + 4097852
9   chromedriver                        0x000000010491e528 chromedriver + 3974440
10  chromedriver                        0x000000010493d054 chromedriver + 4100180
11  chromedriver                        0x000000010490fb18 chromedriver + 3914520
12  chromedriver                        0x000000010495d65c chromedriver + 4232796
13  chromedriver                        0x000000010495d7d8 chromedriver + 4233176
14  chromedriver                        0x000000010496c524 chromedriver + 4293924
15  libsystem_pthread.dylib             0x000000018e07af94 _pthread_start + 136
16  libsystem_pthread.dylib             0x000000018e075d34 thread_start + 8


During handling of the above exception, another exception occurred:

Traceback (most recent call last):
  File "/Volumes/Expansion/ohs/project/study/python/instahelp_web/save/../save/save_main.py", line 113, in dashboard
    result, message = fetch_order()
  File "/Volumes/Expansion/ohs/project/study/python/instahelp_web/save/../save/save_main.py", line 143, in fetch_order
    raise Exception(ex)
Exception: Message: 
Stacktrace:
0   chromedriver                        0x00000001049743e8 chromedriver + 4326376
1   chromedriver                        0x000000010496c8b0 chromedriver + 4294832
2   chromedriver                        0x0000000104598088 chromedriver + 278664
3   chromedriver                        0x00000001045daa80 chromedriver + 551552
4   chromedriver                        0x00000001046134f8 chromedriver + 783608
5   chromedriver                        0x00000001045cf4e4 chromedriver + 505060
6   chromedriver                        0x00000001045cff5c chromedriver + 507740
7   chromedriver                        0x0000000104937984 chromedriver + 4077956
8   chromedriver                        0x000000010493c73c chromedriver + 4097852
9   chromedriver                        0x000000010491e528 chromedriver + 3974440
10  chromedriver                        0x000000010493d054 chromedriver + 4100180
11  chromedriver                        0x000000010490fb18 chromedriver + 3914520
12  chromedriver                        0x000000010495d65c chromedriver + 4232796
13  chromedriver                        0x000000010495d7d8 chromedriver + 4233176
14  chromedriver                        0x000000010496c524 chromedriver + 4293924
15  libsystem_pthread.dylib             0x000000018e07af94 _pthread_start + 136
16  libsystem_pthread.dylib             0x000000018e075d34 thread_start + 8


6168/2024-04-22 14:05:54/Traceback (most recent call last):
  File "/Volumes/Expansion/ohs/project/study/python/instahelp_web/save/../save/save_main.py", line 187, in save
    save_element = common.find_element("CSS_SELECTOR", ".x1gslohp>.x6s0dn4>.x11i5rnm>div", driver, wait)
  File "/Volumes/Expansion/ohs/project/study/python/instahelp_web/save/../common/fun.py", line 136, in find_element
    return wait.until(EC.presence_of_element_located((By.CSS_SELECTOR, selector_name)))
  File "/Volumes/Expansion/ohs/project/study/python/instahelp_web/venv/lib/python3.10/site-packages/selenium/webdriver/support/wait.py", line 105, in until
    raise TimeoutException(message, screen, stacktrace)
selenium.common.exceptions.TimeoutException: Message: 
Stacktrace:
0   chromedriver                        0x0000000104f503e8 chromedriver + 4326376
1   chromedriver                        0x0000000104f488b0 chromedriver + 4294832
2   chromedriver                        0x0000000104b74088 chromedriver + 278664
3   chromedriver                        0x0000000104bb6a80 chromedriver + 551552
4   chromedriver                        0x0000000104bef4f8 chromedriver + 783608
5   chromedriver                        0x0000000104bab4e4 chromedriver + 505060
6   chromedriver                        0x0000000104babf5c chromedriver + 507740
7   chromedriver                        0x0000000104f13984 chromedriver + 4077956
8   chromedriver                        0x0000000104f1873c chromedriver + 4097852
9   chromedriver                        0x0000000104efa528 chromedriver + 3974440
10  chromedriver                        0x0000000104f19054 chromedriver + 4100180
11  chromedriver                        0x0000000104eebb18 chromedriver + 3914520
12  chromedriver                        0x0000000104f3965c chromedriver + 4232796
13  chromedriver                        0x0000000104f397d8 chromedriver + 4233176
14  chromedriver                        0x0000000104f48524 chromedriver + 4293924
15  libsystem_pthread.dylib             0x000000018e07af94 _pthread_start + 136
16  libsystem_pthread.dylib             0x000000018e075d34 thread_start + 8


During handling of the above exception, another exception occurred:

Traceback (most recent call last):
  File "/Volumes/Expansion/ohs/project/study/python/instahelp_web/save/../save/save_main.py", line 140, in fetch_order
    result, message = save()
  File "/Volumes/Expansion/ohs/project/study/python/instahelp_web/save/../save/save_main.py", line 197, in save
    raise Exception(ex)
Exception: Message: 
Stacktrace:
0   chromedriver                        0x0000000104f503e8 chromedriver + 4326376
1   chromedriver                        0x0000000104f488b0 chromedriver + 4294832
2   chromedriver                        0x0000000104b74088 chromedriver + 278664
3   chromedriver                        0x0000000104bb6a80 chromedriver + 551552
4   chromedriver                        0x0000000104bef4f8 chromedriver + 783608
5   chromedriver                        0x0000000104bab4e4 chromedriver + 505060
6   chromedriver                        0x0000000104babf5c chromedriver + 507740
7   chromedriver                        0x0000000104f13984 chromedriver + 4077956
8   chromedriver                        0x0000000104f1873c chromedriver + 4097852
9   chromedriver                        0x0000000104efa528 chromedriver + 3974440
10  chromedriver                        0x0000000104f19054 chromedriver + 4100180
11  chromedriver                        0x0000000104eebb18 chromedriver + 3914520
12  chromedriver                        0x0000000104f3965c chromedriver + 4232796
13  chromedriver                        0x0000000104f397d8 chromedriver + 4233176
14  chromedriver                        0x0000000104f48524 chromedriver + 4293924
15  libsystem_pthread.dylib             0x000000018e07af94 _pthread_start + 136
16  libsystem_pthread.dylib             0x000000018e075d34 thread_start + 8


During handling of the above exception, another exception occurred:

Traceback (most recent call last):
  File "/Volumes/Expansion/ohs/project/study/python/instahelp_web/save/../save/save_main.py", line 113, in dashboard
    result, message = fetch_order()
  File "/Volumes/Expansion/ohs/project/study/python/instahelp_web/save/../save/save_main.py", line 143, in fetch_order
    raise Exception(ex)
Exception: Message: 
Stacktrace:
0   chromedriver                        0x0000000104f503e8 chromedriver + 4326376
1   chromedriver                        0x0000000104f488b0 chromedriver + 4294832
2   chromedriver                        0x0000000104b74088 chromedriver + 278664
3   chromedriver                        0x0000000104bb6a80 chromedriver + 551552
4   chromedriver                        0x0000000104bef4f8 chromedriver + 783608
5   chromedriver                        0x0000000104bab4e4 chromedriver + 505060
6   chromedriver                        0x0000000104babf5c chromedriver + 507740
7   chromedriver                        0x0000000104f13984 chromedriver + 4077956
8   chromedriver                        0x0000000104f1873c chromedriver + 4097852
9   chromedriver                        0x0000000104efa528 chromedriver + 3974440
10  chromedriver                        0x0000000104f19054 chromedriver + 4100180
11  chromedriver                        0x0000000104eebb18 chromedriver + 3914520
12  chromedriver                        0x0000000104f3965c chromedriver + 4232796
13  chromedriver                        0x0000000104f397d8 chromedriver + 4233176
14  chromedriver                        0x0000000104f48524 chromedriver + 4293924
15  libsystem_pthread.dylib             0x000000018e07af94 _pthread_start + 136
16  libsystem_pthread.dylib             0x000000018e075d34 thread_start + 8


6168/2024-04-22 14:05:54/Traceback (most recent call last):
  File "/Volumes/Expansion/ohs/project/study/python/instahelp_web/save/../save/save_main.py", line 187, in save
    save_element = common.find_element("CSS_SELECTOR", ".x1gslohp>.x6s0dn4>.x11i5rnm>div", driver, wait)
  File "/Volumes/Expansion/ohs/project/study/python/instahelp_web/save/../common/fun.py", line 136, in find_element
    return wait.until(EC.presence_of_element_located((By.CSS_SELECTOR, selector_name)))
  File "/Volumes/Expansion/ohs/project/study/python/instahelp_web/venv/lib/python3.10/site-packages/selenium/webdriver/support/wait.py", line 105, in until
    raise TimeoutException(message, screen, stacktrace)
selenium.common.exceptions.TimeoutException: Message: 
Stacktrace:
0   chromedriver                        0x00000001045203e8 chromedriver + 4326376
1   chromedriver                        0x00000001045188b0 chromedriver + 4294832
2   chromedriver                        0x0000000104144088 chromedriver + 278664
3   chromedriver                        0x0000000104186a80 chromedriver + 551552
4   chromedriver                        0x00000001041bf4f8 chromedriver + 783608
5   chromedriver                        0x000000010417b4e4 chromedriver + 505060
6   chromedriver                        0x000000010417bf5c chromedriver + 507740
7   chromedriver                        0x00000001044e3984 chromedriver + 4077956
8   chromedriver                        0x00000001044e873c chromedriver + 4097852
9   chromedriver                        0x00000001044ca528 chromedriver + 3974440
10  chromedriver                        0x00000001044e9054 chromedriver + 4100180
11  chromedriver                        0x00000001044bbb18 chromedriver + 3914520
12  chromedriver                        0x000000010450965c chromedriver + 4232796
13  chromedriver                        0x00000001045097d8 chromedriver + 4233176
14  chromedriver                        0x0000000104518524 chromedriver + 4293924
15  libsystem_pthread.dylib             0x000000018e07af94 _pthread_start + 136
16  libsystem_pthread.dylib             0x000000018e075d34 thread_start + 8


During handling of the above exception, another exception occurred:

Traceback (most recent call last):
  File "/Volumes/Expansion/ohs/project/study/python/instahelp_web/save/../save/save_main.py", line 140, in fetch_order
    result, message = save()
  File "/Volumes/Expansion/ohs/project/study/python/instahelp_web/save/../save/save_main.py", line 197, in save
    raise Exception(ex)
Exception: Message: 
Stacktrace:
0   chromedriver                        0x00000001045203e8 chromedriver + 4326376
1   chromedriver                        0x00000001045188b0 chromedriver + 4294832
2   chromedriver                        0x0000000104144088 chromedriver + 278664
3   chromedriver                        0x0000000104186a80 chromedriver + 551552
4   chromedriver                        0x00000001041bf4f8 chromedriver + 783608
5   chromedriver                        0x000000010417b4e4 chromedriver + 505060
6   chromedriver                        0x000000010417bf5c chromedriver + 507740
7   chromedriver                        0x00000001044e3984 chromedriver + 4077956
8   chromedriver                        0x00000001044e873c chromedriver + 4097852
9   chromedriver                        0x00000001044ca528 chromedriver + 3974440
10  chromedriver                        0x00000001044e9054 chromedriver + 4100180
11  chromedriver                        0x00000001044bbb18 chromedriver + 3914520
12  chromedriver                        0x000000010450965c chromedriver + 4232796
13  chromedriver                        0x00000001045097d8 chromedriver + 4233176
14  chromedriver                        0x0000000104518524 chromedriver + 4293924
15  libsystem_pthread.dylib             0x000000018e07af94 _pthread_start + 136
16  libsystem_pthread.dylib             0x000000018e075d34 thread_start + 8


During handling of the above exception, another exception occurred:

Traceback (most recent call last):
  File "/Volumes/Expansion/ohs/project/study/python/instahelp_web/save/../save/save_main.py", line 113, in dashboard
    result, message = fetch_order()
  File "/Volumes/Expansion/ohs/project/study/python/instahelp_web/save/../save/save_main.py", line 143, in fetch_order
    raise Exception(ex)
Exception: Message: 
Stacktrace:
0   chromedriver                        0x00000001045203e8 chromedriver + 4326376
1   chromedriver                        0x00000001045188b0 chromedriver + 4294832
2   chromedriver                        0x0000000104144088 chromedriver + 278664
3   chromedriver                        0x0000000104186a80 chromedriver + 551552
4   chromedriver                        0x00000001041bf4f8 chromedriver + 783608
5   chromedriver                        0x000000010417b4e4 chromedriver + 505060
6   chromedriver                        0x000000010417bf5c chromedriver + 507740
7   chromedriver                        0x00000001044e3984 chromedriver + 4077956
8   chromedriver                        0x00000001044e873c chromedriver + 4097852
9   chromedriver                        0x00000001044ca528 chromedriver + 3974440
10  chromedriver                        0x00000001044e9054 chromedriver + 4100180
11  chromedriver                        0x00000001044bbb18 chromedriver + 3914520
12  chromedriver                        0x000000010450965c chromedriver + 4232796
13  chromedriver                        0x00000001045097d8 chromedriver + 4233176
14  chromedriver                        0x0000000104518524 chromedriver + 4293924
15  libsystem_pthread.dylib             0x000000018e07af94 _pthread_start + 136
16  libsystem_pthread.dylib             0x000000018e075d34 thread_start + 8


6168/2024-04-22 14:05:55/Traceback (most recent call last):
  File "/Volumes/Expansion/ohs/project/study/python/instahelp_web/save/../save/save_main.py", line 187, in save
    save_element = common.find_element("CSS_SELECTOR", ".x1gslohp>.x6s0dn4>.x11i5rnm>div", driver, wait)
  File "/Volumes/Expansion/ohs/project/study/python/instahelp_web/save/../common/fun.py", line 136, in find_element
    return wait.until(EC.presence_of_element_located((By.CSS_SELECTOR, selector_name)))
  File "/Volumes/Expansion/ohs/project/study/python/instahelp_web/venv/lib/python3.10/site-packages/selenium/webdriver/support/wait.py", line 105, in until
    raise TimeoutException(message, screen, stacktrace)
selenium.common.exceptions.TimeoutException: Message: 
Stacktrace:
0   chromedriver                        0x00000001028b03e8 chromedriver + 4326376
1   chromedriver                        0x00000001028a88b0 chromedriver + 4294832
2   chromedriver                        0x00000001024d4088 chromedriver + 278664
3   chromedriver                        0x0000000102516a80 chromedriver + 551552
4   chromedriver                        0x000000010254f4f8 chromedriver + 783608
5   chromedriver                        0x000000010250b4e4 chromedriver + 505060
6   chromedriver                        0x000000010250bf5c chromedriver + 507740
7   chromedriver                        0x0000000102873984 chromedriver + 4077956
8   chromedriver                        0x000000010287873c chromedriver + 4097852
9   chromedriver                        0x000000010285a528 chromedriver + 3974440
10  chromedriver                        0x0000000102879054 chromedriver + 4100180
11  chromedriver                        0x000000010284bb18 chromedriver + 3914520
12  chromedriver                        0x000000010289965c chromedriver + 4232796
13  chromedriver                        0x00000001028997d8 chromedriver + 4233176
14  chromedriver                        0x00000001028a8524 chromedriver + 4293924
15  libsystem_pthread.dylib             0x000000018e07af94 _pthread_start + 136
16  libsystem_pthread.dylib             0x000000018e075d34 thread_start + 8


During handling of the above exception, another exception occurred:

Traceback (most recent call last):
  File "/Volumes/Expansion/ohs/project/study/python/instahelp_web/save/../save/save_main.py", line 140, in fetch_order
    result, message = save()
  File "/Volumes/Expansion/ohs/project/study/python/instahelp_web/save/../save/save_main.py", line 197, in save
    raise Exception(ex)
Exception: Message: 
Stacktrace:
0   chromedriver                        0x00000001028b03e8 chromedriver + 4326376
1   chromedriver                        0x00000001028a88b0 chromedriver + 4294832
2   chromedriver                        0x00000001024d4088 chromedriver + 278664
3   chromedriver                        0x0000000102516a80 chromedriver + 551552
4   chromedriver                        0x000000010254f4f8 chromedriver + 783608
5   chromedriver                        0x000000010250b4e4 chromedriver + 505060
6   chromedriver                        0x000000010250bf5c chromedriver + 507740
7   chromedriver                        0x0000000102873984 chromedriver + 4077956
8   chromedriver                        0x000000010287873c chromedriver + 4097852
9   chromedriver                        0x000000010285a528 chromedriver + 3974440
10  chromedriver                        0x0000000102879054 chromedriver + 4100180
11  chromedriver                        0x000000010284bb18 chromedriver + 3914520
12  chromedriver                        0x000000010289965c chromedriver + 4232796
13  chromedriver                        0x00000001028997d8 chromedriver + 4233176
14  chromedriver                        0x00000001028a8524 chromedriver + 4293924
15  libsystem_pthread.dylib             0x000000018e07af94 _pthread_start + 136
16  libsystem_pthread.dylib             0x000000018e075d34 thread_start + 8


During handling of the above exception, another exception occurred:

Traceback (most recent call last):
  File "/Volumes/Expansion/ohs/project/study/python/instahelp_web/save/../save/save_main.py", line 113, in dashboard
    result, message = fetch_order()
  File "/Volumes/Expansion/ohs/project/study/python/instahelp_web/save/../save/save_main.py", line 143, in fetch_order
    raise Exception(ex)
Exception: Message: 
Stacktrace:
0   chromedriver                        0x00000001028b03e8 chromedriver + 4326376
1   chromedriver                        0x00000001028a88b0 chromedriver + 4294832
2   chromedriver                        0x00000001024d4088 chromedriver + 278664
3   chromedriver                        0x0000000102516a80 chromedriver + 551552
4   chromedriver                        0x000000010254f4f8 chromedriver + 783608
5   chromedriver                        0x000000010250b4e4 chromedriver + 505060
6   chromedriver                        0x000000010250bf5c chromedriver + 507740
7   chromedriver                        0x0000000102873984 chromedriver + 4077956
8   chromedriver                        0x000000010287873c chromedriver + 4097852
9   chromedriver                        0x000000010285a528 chromedriver + 3974440
10  chromedriver                        0x0000000102879054 chromedriver + 4100180
11  chromedriver                        0x000000010284bb18 chromedriver + 3914520
12  chromedriver                        0x000000010289965c chromedriver + 4232796
13  chromedriver                        0x00000001028997d8 chromedriver + 4233176
14  chromedriver                        0x00000001028a8524 chromedriver + 4293924
15  libsystem_pthread.dylib             0x000000018e07af94 _pthread_start + 136
16  libsystem_pthread.dylib             0x000000018e075d34 thread_start + 8


6168/2024-04-22 14:06:03/Traceback (most recent call last):
  File "/Volumes/Expansion/ohs/project/study/python/instahelp_web/save/../save/save_main.py", line 192, in save
    save_element.click()
  File "/Volumes/Expansion/ohs/project/study/python/instahelp_web/venv/lib/python3.10/site-packages/selenium/webdriver/remote/webelement.py", line 94, in click
    self._execute(Command.CLICK_ELEMENT)
  File "/Volumes/Expansion/ohs/project/study/python/instahelp_web/venv/lib/python3.10/site-packages/selenium/webdriver/remote/webelement.py", line 395, in _execute
    return self._parent.execute(command, params)
  File "/Volumes/Expansion/ohs/project/study/python/instahelp_web/venv/lib/python3.10/site-packages/selenium/webdriver/remote/webdriver.py", line 347, in execute
    self.error_handler.check_response(response)
  File "/Volumes/Expansion/ohs/project/study/python/instahelp_web/venv/lib/python3.10/site-packages/selenium/webdriver/remote/errorhandler.py", line 229, in check_response
    raise exception_class(message, screen, stacktrace)
selenium.common.exceptions.ElementClickInterceptedException: Message: element click intercepted: Element <div>...</div> is not clickable at point (407, 570). Other element would receive the click: <div data-bloks-name="bk.components.Collection" class="wbloks_1 wbloks_93 wbloks_91" style="flex-grow: 1; display: block; pointer-events: auto;">...</div>
  (Session info: chrome-headless-shell=124.0.6367.61)
Stacktrace:
0   chromedriver                        0x0000000104bb03e8 chromedriver + 4326376
1   chromedriver                        0x0000000104ba88b0 chromedriver + 4294832
2   chromedriver                        0x00000001047d4088 chromedriver + 278664
3   chromedriver                        0x000000010481c554 chromedriver + 574804
4   chromedriver                        0x000000010481aad8 chromedriver + 568024
5   chromedriver                        0x0000000104818c58 chromedriver + 560216
6   chromedriver                        0x0000000104818188 chromedriver + 557448
7   chromedriver                        0x000000010480d3ac chromedriver + 512940
8   chromedriver                        0x000000010480cdd0 chromedriver + 511440
9   chromedriver                        0x000000010484f4f8 chromedriver + 783608
10  chromedriver                        0x000000010480b4e4 chromedriver + 505060
11  chromedriver                        0x000000010480bf5c chromedriver + 507740
12  chromedriver                        0x0000000104b73984 chromedriver + 4077956
13  chromedriver                        0x0000000104b7873c chromedriver + 4097852
14  chromedriver                        0x0000000104b5a528 chromedriver + 3974440
15  chromedriver                        0x0000000104b79054 chromedriver + 4100180
16  chromedriver                        0x0000000104b4bb18 chromedriver + 3914520
17  chromedriver                        0x0000000104b9965c chromedriver + 4232796
18  chromedriver                        0x0000000104b997d8 chromedriver + 4233176
19  chromedriver                        0x0000000104ba8524 chromedriver + 4293924
20  libsystem_pthread.dylib             0x000000018e07af94 _pthread_start + 136
21  libsystem_pthread.dylib             0x000000018e075d34 thread_start + 8


During handling of the above exception, another exception occurred:

Traceback (most recent call last):
  File "/Volumes/Expansion/ohs/project/study/python/instahelp_web/save/../save/save_main.py", line 140, in fetch_order
    result, message = save()
  File "/Volumes/Expansion/ohs/project/study/python/instahelp_web/save/../save/save_main.py", line 197, in save
    raise Exception(ex)
Exception: Message: element click intercepted: Element <div>...</div> is not clickable at point (407, 570). Other element would receive the click: <div data-bloks-name="bk.components.Collection" class="wbloks_1 wbloks_93 wbloks_91" style="flex-grow: 1; display: block; pointer-events: auto;">...</div>
  (Session info: chrome-headless-shell=124.0.6367.61)
Stacktrace:
0   chromedriver                        0x0000000104bb03e8 chromedriver + 4326376
1   chromedriver                        0x0000000104ba88b0 chromedriver + 4294832
2   chromedriver                        0x00000001047d4088 chromedriver + 278664
3   chromedriver                        0x000000010481c554 chromedriver + 574804
4   chromedriver                        0x000000010481aad8 chromedriver + 568024
5   chromedriver                        0x0000000104818c58 chromedriver + 560216
6   chromedriver                        0x0000000104818188 chromedriver + 557448
7   chromedriver                        0x000000010480d3ac chromedriver + 512940
8   chromedriver                        0x000000010480cdd0 chromedriver + 511440
9   chromedriver                        0x000000010484f4f8 chromedriver + 783608
10  chromedriver                        0x000000010480b4e4 chromedriver + 505060
11  chromedriver                        0x000000010480bf5c chromedriver + 507740
12  chromedriver                        0x0000000104b73984 chromedriver + 4077956
13  chromedriver                        0x0000000104b7873c chromedriver + 4097852
14  chromedriver                        0x0000000104b5a528 chromedriver + 3974440
15  chromedriver                        0x0000000104b79054 chromedriver + 4100180
16  chromedriver                        0x0000000104b4bb18 chromedriver + 3914520
17  chromedriver                        0x0000000104b9965c chromedriver + 4232796
18  chromedriver                        0x0000000104b997d8 chromedriver + 4233176
19  chromedriver                        0x0000000104ba8524 chromedriver + 4293924
20  libsystem_pthread.dylib             0x000000018e07af94 _pthread_start + 136
21  libsystem_pthread.dylib             0x000000018e075d34 thread_start + 8


During handling of the above exception, another exception occurred:

Traceback (most recent call last):
  File "/Volumes/Expansion/ohs/project/study/python/instahelp_web/save/../save/save_main.py", line 113, in dashboard
    result, message = fetch_order()
  File "/Volumes/Expansion/ohs/project/study/python/instahelp_web/save/../save/save_main.py", line 143, in fetch_order
    raise Exception(ex)
Exception: Message: element click intercepted: Element <div>...</div> is not clickable at point (407, 570). Other element would receive the click: <div data-bloks-name="bk.components.Collection" class="wbloks_1 wbloks_93 wbloks_91" style="flex-grow: 1; display: block; pointer-events: auto;">...</div>
  (Session info: chrome-headless-shell=124.0.6367.61)
Stacktrace:
0   chromedriver                        0x0000000104bb03e8 chromedriver + 4326376
1   chromedriver                        0x0000000104ba88b0 chromedriver + 4294832
2   chromedriver                        0x00000001047d4088 chromedriver + 278664
3   chromedriver                        0x000000010481c554 chromedriver + 574804
4   chromedriver                        0x000000010481aad8 chromedriver + 568024
5   chromedriver                        0x0000000104818c58 chromedriver + 560216
6   chromedriver                        0x0000000104818188 chromedriver + 557448
7   chromedriver                        0x000000010480d3ac chromedriver + 512940
8   chromedriver                        0x000000010480cdd0 chromedriver + 511440
9   chromedriver                        0x000000010484f4f8 chromedriver + 783608
10  chromedriver                        0x000000010480b4e4 chromedriver + 505060
11  chromedriver                        0x000000010480bf5c chromedriver + 507740
12  chromedriver                        0x0000000104b73984 chromedriver + 4077956
13  chromedriver                        0x0000000104b7873c chromedriver + 4097852
14  chromedriver                        0x0000000104b5a528 chromedriver + 3974440
15  chromedriver                        0x0000000104b79054 chromedriver + 4100180
16  chromedriver                        0x0000000104b4bb18 chromedriver + 3914520
17  chromedriver                        0x0000000104b9965c chromedriver + 4232796
18  chromedriver                        0x0000000104b997d8 chromedriver + 4233176
19  chromedriver                        0x0000000104ba8524 chromedriver + 4293924
20  libsystem_pthread.dylib             0x000000018e07af94 _pthread_start + 136
21  libsystem_pthread.dylib             0x000000018e075d34 thread_start + 8


6168/2024-04-22 14:06:10/Traceback (most recent call last):
  File "/Volumes/Expansion/ohs/project/study/python/instahelp_web/save/../save/save_main.py", line 187, in save
    save_element = common.find_element("CSS_SELECTOR", ".x1gslohp>.x6s0dn4>.x11i5rnm>div", driver, wait)
  File "/Volumes/Expansion/ohs/project/study/python/instahelp_web/save/../common/fun.py", line 136, in find_element
    return wait.until(EC.presence_of_element_located((By.CSS_SELECTOR, selector_name)))
  File "/Volumes/Expansion/ohs/project/study/python/instahelp_web/venv/lib/python3.10/site-packages/selenium/webdriver/support/wait.py", line 105, in until
    raise TimeoutException(message, screen, stacktrace)
selenium.common.exceptions.TimeoutException: Message: 
Stacktrace:
0   chromedriver                        0x0000000104e003e8 chromedriver + 4326376
1   chromedriver                        0x0000000104df88b0 chromedriver + 4294832
2   chromedriver                        0x0000000104a24088 chromedriver + 278664
3   chromedriver                        0x0000000104a66a80 chromedriver + 551552
4   chromedriver                        0x0000000104a9f4f8 chromedriver + 783608
5   chromedriver                        0x0000000104a5b4e4 chromedriver + 505060
6   chromedriver                        0x0000000104a5bf5c chromedriver + 507740
7   chromedriver                        0x0000000104dc3984 chromedriver + 4077956
8   chromedriver                        0x0000000104dc873c chromedriver + 4097852
9   chromedriver                        0x0000000104daa528 chromedriver + 3974440
10  chromedriver                        0x0000000104dc9054 chromedriver + 4100180
11  chromedriver                        0x0000000104d9bb18 chromedriver + 3914520
12  chromedriver                        0x0000000104de965c chromedriver + 4232796
13  chromedriver                        0x0000000104de97d8 chromedriver + 4233176
14  chromedriver                        0x0000000104df8524 chromedriver + 4293924
15  libsystem_pthread.dylib             0x000000018e07af94 _pthread_start + 136
16  libsystem_pthread.dylib             0x000000018e075d34 thread_start + 8


During handling of the above exception, another exception occurred:

Traceback (most recent call last):
  File "/Volumes/Expansion/ohs/project/study/python/instahelp_web/save/../save/save_main.py", line 140, in fetch_order
    result, message = save()
  File "/Volumes/Expansion/ohs/project/study/python/instahelp_web/save/../save/save_main.py", line 197, in save
    raise Exception(ex)
Exception: Message: 
Stacktrace:
0   chromedriver                        0x0000000104e003e8 chromedriver + 4326376
1   chromedriver                        0x0000000104df88b0 chromedriver + 4294832
2   chromedriver                        0x0000000104a24088 chromedriver + 278664
3   chromedriver                        0x0000000104a66a80 chromedriver + 551552
4   chromedriver                        0x0000000104a9f4f8 chromedriver + 783608
5   chromedriver                        0x0000000104a5b4e4 chromedriver + 505060
6   chromedriver                        0x0000000104a5bf5c chromedriver + 507740
7   chromedriver                        0x0000000104dc3984 chromedriver + 4077956
8   chromedriver                        0x0000000104dc873c chromedriver + 4097852
9   chromedriver                        0x0000000104daa528 chromedriver + 3974440
10  chromedriver                        0x0000000104dc9054 chromedriver + 4100180
11  chromedriver                        0x0000000104d9bb18 chromedriver + 3914520
12  chromedriver                        0x0000000104de965c chromedriver + 4232796
13  chromedriver                        0x0000000104de97d8 chromedriver + 4233176
14  chromedriver                        0x0000000104df8524 chromedriver + 4293924
15  libsystem_pthread.dylib             0x000000018e07af94 _pthread_start + 136
16  libsystem_pthread.dylib             0x000000018e075d34 thread_start + 8


During handling of the above exception, another exception occurred:

Traceback (most recent call last):
  File "/Volumes/Expansion/ohs/project/study/python/instahelp_web/save/../save/save_main.py", line 113, in dashboard
    result, message = fetch_order()
  File "/Volumes/Expansion/ohs/project/study/python/instahelp_web/save/../save/save_main.py", line 143, in fetch_order
    raise Exception(ex)
Exception: Message: 
Stacktrace:
0   chromedriver                        0x0000000104e003e8 chromedriver + 4326376
1   chromedriver                        0x0000000104df88b0 chromedriver + 4294832
2   chromedriver                        0x0000000104a24088 chromedriver + 278664
3   chromedriver                        0x0000000104a66a80 chromedriver + 551552
4   chromedriver                        0x0000000104a9f4f8 chromedriver + 783608
5   chromedriver                        0x0000000104a5b4e4 chromedriver + 505060
6   chromedriver                        0x0000000104a5bf5c chromedriver + 507740
7   chromedriver                        0x0000000104dc3984 chromedriver + 4077956
8   chromedriver                        0x0000000104dc873c chromedriver + 4097852
9   chromedriver                        0x0000000104daa528 chromedriver + 3974440
10  chromedriver                        0x0000000104dc9054 chromedriver + 4100180
11  chromedriver                        0x0000000104d9bb18 chromedriver + 3914520
12  chromedriver                        0x0000000104de965c chromedriver + 4232796
13  chromedriver                        0x0000000104de97d8 chromedriver + 4233176
14  chromedriver                        0x0000000104df8524 chromedriver + 4293924
15  libsystem_pthread.dylib             0x000000018e07af94 _pthread_start + 136
16  libsystem_pthread.dylib             0x000000018e075d34 thread_start + 8


6169/2024-04-22 14:07:31/Traceback (most recent call last):
  File "/Volumes/Expansion/ohs/project/study/python/instahelp_web/save/../save/save_main.py", line 160, in agree_active
    agree_elements = common.find_elements("TAG_NAME", "input", driver, wait)
  File "/Volumes/Expansion/ohs/project/study/python/instahelp_web/save/../common/fun.py", line 151, in find_elements
    return wait.until(EC.presence_of_all_elements_located((By.TAG_NAME, selector_name)))
  File "/Volumes/Expansion/ohs/project/study/python/instahelp_web/venv/lib/python3.10/site-packages/selenium/webdriver/support/wait.py", line 105, in until
    raise TimeoutException(message, screen, stacktrace)
selenium.common.exceptions.TimeoutException: Message: 


During handling of the above exception, another exception occurred:

Traceback (most recent call last):
  File "/Volumes/Expansion/ohs/project/study/python/instahelp_web/save/../save/save_main.py", line 138, in fetch_order
    agree_active()
  File "/Volumes/Expansion/ohs/project/study/python/instahelp_web/save/../save/save_main.py", line 179, in agree_active
    raise Exception(ex)
Exception: Message: 


During handling of the above exception, another exception occurred:

Traceback (most recent call last):
  File "/Volumes/Expansion/ohs/project/study/python/instahelp_web/save/../save/save_main.py", line 113, in dashboard
    result, message = fetch_order()
  File "/Volumes/Expansion/ohs/project/study/python/instahelp_web/save/../save/save_main.py", line 143, in fetch_order
    raise Exception(ex)
Exception: Message: 


6169/2024-04-22 14:07:31/Traceback (most recent call last):
  File "/Volumes/Expansion/ohs/project/study/python/instahelp_web/save/../save/save_main.py", line 187, in save
    save_element = common.find_element("CSS_SELECTOR", ".x1gslohp>.x6s0dn4>.x11i5rnm>div", driver, wait)
  File "/Volumes/Expansion/ohs/project/study/python/instahelp_web/save/../common/fun.py", line 136, in find_element
    return wait.until(EC.presence_of_element_located((By.CSS_SELECTOR, selector_name)))
  File "/Volumes/Expansion/ohs/project/study/python/instahelp_web/venv/lib/python3.10/site-packages/selenium/webdriver/support/wait.py", line 105, in until
    raise TimeoutException(message, screen, stacktrace)
selenium.common.exceptions.TimeoutException: Message: 
Stacktrace:
0   chromedriver                        0x00000001028383e8 chromedriver + 4326376
1   chromedriver                        0x00000001028308b0 chromedriver + 4294832
2   chromedriver                        0x000000010245c088 chromedriver + 278664
3   chromedriver                        0x000000010249ea80 chromedriver + 551552
4   chromedriver                        0x00000001024d74f8 chromedriver + 783608
5   chromedriver                        0x00000001024934e4 chromedriver + 505060
6   chromedriver                        0x0000000102493f5c chromedriver + 507740
7   chromedriver                        0x00000001027fb984 chromedriver + 4077956
8   chromedriver                        0x000000010280073c chromedriver + 4097852
9   chromedriver                        0x00000001027e2528 chromedriver + 3974440
10  chromedriver                        0x0000000102801054 chromedriver + 4100180
11  chromedriver                        0x00000001027d3b18 chromedriver + 3914520
12  chromedriver                        0x000000010282165c chromedriver + 4232796
13  chromedriver                        0x00000001028217d8 chromedriver + 4233176
14  chromedriver                        0x0000000102830524 chromedriver + 4293924
15  libsystem_pthread.dylib             0x000000018e07af94 _pthread_start + 136
16  libsystem_pthread.dylib             0x000000018e075d34 thread_start + 8


During handling of the above exception, another exception occurred:

Traceback (most recent call last):
  File "/Volumes/Expansion/ohs/project/study/python/instahelp_web/save/../save/save_main.py", line 140, in fetch_order
    result, message = save()
  File "/Volumes/Expansion/ohs/project/study/python/instahelp_web/save/../save/save_main.py", line 197, in save
    raise Exception(ex)
Exception: Message: 
Stacktrace:
0   chromedriver                        0x00000001028383e8 chromedriver + 4326376
1   chromedriver                        0x00000001028308b0 chromedriver + 4294832
2   chromedriver                        0x000000010245c088 chromedriver + 278664
3   chromedriver                        0x000000010249ea80 chromedriver + 551552
4   chromedriver                        0x00000001024d74f8 chromedriver + 783608
5   chromedriver                        0x00000001024934e4 chromedriver + 505060
6   chromedriver                        0x0000000102493f5c chromedriver + 507740
7   chromedriver                        0x00000001027fb984 chromedriver + 4077956
8   chromedriver                        0x000000010280073c chromedriver + 4097852
9   chromedriver                        0x00000001027e2528 chromedriver + 3974440
10  chromedriver                        0x0000000102801054 chromedriver + 4100180
11  chromedriver                        0x00000001027d3b18 chromedriver + 3914520
12  chromedriver                        0x000000010282165c chromedriver + 4232796
13  chromedriver                        0x00000001028217d8 chromedriver + 4233176
14  chromedriver                        0x0000000102830524 chromedriver + 4293924
15  libsystem_pthread.dylib             0x000000018e07af94 _pthread_start + 136
16  libsystem_pthread.dylib             0x000000018e075d34 thread_start + 8


During handling of the above exception, another exception occurred:

Traceback (most recent call last):
  File "/Volumes/Expansion/ohs/project/study/python/instahelp_web/save/../save/save_main.py", line 113, in dashboard
    result, message = fetch_order()
  File "/Volumes/Expansion/ohs/project/study/python/instahelp_web/save/../save/save_main.py", line 143, in fetch_order
    raise Exception(ex)
Exception: Message: 
Stacktrace:
0   chromedriver                        0x00000001028383e8 chromedriver + 4326376
1   chromedriver                        0x00000001028308b0 chromedriver + 4294832
2   chromedriver                        0x000000010245c088 chromedriver + 278664
3   chromedriver                        0x000000010249ea80 chromedriver + 551552
4   chromedriver                        0x00000001024d74f8 chromedriver + 783608
5   chromedriver                        0x00000001024934e4 chromedriver + 505060
6   chromedriver                        0x0000000102493f5c chromedriver + 507740
7   chromedriver                        0x00000001027fb984 chromedriver + 4077956
8   chromedriver                        0x000000010280073c chromedriver + 4097852
9   chromedriver                        0x00000001027e2528 chromedriver + 3974440
10  chromedriver                        0x0000000102801054 chromedriver + 4100180
11  chromedriver                        0x00000001027d3b18 chromedriver + 3914520
12  chromedriver                        0x000000010282165c chromedriver + 4232796
13  chromedriver                        0x00000001028217d8 chromedriver + 4233176
14  chromedriver                        0x0000000102830524 chromedriver + 4293924
15  libsystem_pthread.dylib             0x000000018e07af94 _pthread_start + 136
16  libsystem_pthread.dylib             0x000000018e075d34 thread_start + 8


6169/2024-04-22 14:07:32/Traceback (most recent call last):
  File "/Volumes/Expansion/ohs/project/study/python/instahelp_web/save/../save/save_main.py", line 160, in agree_active
    agree_elements = common.find_elements("TAG_NAME", "input", driver, wait)
  File "/Volumes/Expansion/ohs/project/study/python/instahelp_web/save/../common/fun.py", line 151, in find_elements
    return wait.until(EC.presence_of_all_elements_located((By.TAG_NAME, selector_name)))
  File "/Volumes/Expansion/ohs/project/study/python/instahelp_web/venv/lib/python3.10/site-packages/selenium/webdriver/support/wait.py", line 105, in until
    raise TimeoutException(message, screen, stacktrace)
selenium.common.exceptions.TimeoutException: Message: 


During handling of the above exception, another exception occurred:

Traceback (most recent call last):
  File "/Volumes/Expansion/ohs/project/study/python/instahelp_web/save/../save/save_main.py", line 138, in fetch_order
    agree_active()
  File "/Volumes/Expansion/ohs/project/study/python/instahelp_web/save/../save/save_main.py", line 179, in agree_active
    raise Exception(ex)
Exception: Message: 


During handling of the above exception, another exception occurred:

Traceback (most recent call last):
  File "/Volumes/Expansion/ohs/project/study/python/instahelp_web/save/../save/save_main.py", line 113, in dashboard
    result, message = fetch_order()
  File "/Volumes/Expansion/ohs/project/study/python/instahelp_web/save/../save/save_main.py", line 143, in fetch_order
    raise Exception(ex)
Exception: Message: 


6169/2024-04-22 14:07:38/Traceback (most recent call last):
  File "/Volumes/Expansion/ohs/project/study/python/instahelp_web/save/../save/save_main.py", line 192, in save
    save_element.click()
  File "/Volumes/Expansion/ohs/project/study/python/instahelp_web/venv/lib/python3.10/site-packages/selenium/webdriver/remote/webelement.py", line 94, in click
    self._execute(Command.CLICK_ELEMENT)
  File "/Volumes/Expansion/ohs/project/study/python/instahelp_web/venv/lib/python3.10/site-packages/selenium/webdriver/remote/webelement.py", line 395, in _execute
    return self._parent.execute(command, params)
  File "/Volumes/Expansion/ohs/project/study/python/instahelp_web/venv/lib/python3.10/site-packages/selenium/webdriver/remote/webdriver.py", line 347, in execute
    self.error_handler.check_response(response)
  File "/Volumes/Expansion/ohs/project/study/python/instahelp_web/venv/lib/python3.10/site-packages/selenium/webdriver/remote/errorhandler.py", line 229, in check_response
    raise exception_class(message, screen, stacktrace)
selenium.common.exceptions.ElementClickInterceptedException: Message: element click intercepted: Element <div>...</div> is not clickable at point (407, 570). Other element would receive the click: <div data-bloks-name="bk.components.Collection" class="wbloks_1 wbloks_93 wbloks_91" style="flex-grow: 1; display: block; pointer-events: auto;">...</div>
  (Session info: chrome-headless-shell=124.0.6367.61)
Stacktrace:
0   chromedriver                        0x00000001006983e8 chromedriver + 4326376
1   chromedriver                        0x00000001006908b0 chromedriver + 4294832
2   chromedriver                        0x00000001002bc088 chromedriver + 278664
3   chromedriver                        0x0000000100304554 chromedriver + 574804
4   chromedriver                        0x0000000100302ad8 chromedriver + 568024
5   chromedriver                        0x0000000100300c58 chromedriver + 560216
6   chromedriver                        0x0000000100300188 chromedriver + 557448
7   chromedriver                        0x00000001002f53ac chromedriver + 512940
8   chromedriver                        0x00000001002f4dd0 chromedriver + 511440
9   chromedriver                        0x00000001003374f8 chromedriver + 783608
10  chromedriver                        0x00000001002f34e4 chromedriver + 505060
11  chromedriver                        0x00000001002f3f5c chromedriver + 507740
12  chromedriver                        0x000000010065b984 chromedriver + 4077956
13  chromedriver                        0x000000010066073c chromedriver + 4097852
14  chromedriver                        0x0000000100642528 chromedriver + 3974440
15  chromedriver                        0x0000000100661054 chromedriver + 4100180
16  chromedriver                        0x0000000100633b18 chromedriver + 3914520
17  chromedriver                        0x000000010068165c chromedriver + 4232796
18  chromedriver                        0x00000001006817d8 chromedriver + 4233176
19  chromedriver                        0x0000000100690524 chromedriver + 4293924
20  libsystem_pthread.dylib             0x000000018e07af94 _pthread_start + 136
21  libsystem_pthread.dylib             0x000000018e075d34 thread_start + 8


During handling of the above exception, another exception occurred:

Traceback (most recent call last):
  File "/Volumes/Expansion/ohs/project/study/python/instahelp_web/save/../save/save_main.py", line 140, in fetch_order
    result, message = save()
  File "/Volumes/Expansion/ohs/project/study/python/instahelp_web/save/../save/save_main.py", line 197, in save
    raise Exception(ex)
Exception: Message: element click intercepted: Element <div>...</div> is not clickable at point (407, 570). Other element would receive the click: <div data-bloks-name="bk.components.Collection" class="wbloks_1 wbloks_93 wbloks_91" style="flex-grow: 1; display: block; pointer-events: auto;">...</div>
  (Session info: chrome-headless-shell=124.0.6367.61)
Stacktrace:
0   chromedriver                        0x00000001006983e8 chromedriver + 4326376
1   chromedriver                        0x00000001006908b0 chromedriver + 4294832
2   chromedriver                        0x00000001002bc088 chromedriver + 278664
3   chromedriver                        0x0000000100304554 chromedriver + 574804
4   chromedriver                        0x0000000100302ad8 chromedriver + 568024
5   chromedriver                        0x0000000100300c58 chromedriver + 560216
6   chromedriver                        0x0000000100300188 chromedriver + 557448
7   chromedriver                        0x00000001002f53ac chromedriver + 512940
8   chromedriver                        0x00000001002f4dd0 chromedriver + 511440
9   chromedriver                        0x00000001003374f8 chromedriver + 783608
10  chromedriver                        0x00000001002f34e4 chromedriver + 505060
11  chromedriver                        0x00000001002f3f5c chromedriver + 507740
12  chromedriver                        0x000000010065b984 chromedriver + 4077956
13  chromedriver                        0x000000010066073c chromedriver + 4097852
14  chromedriver                        0x0000000100642528 chromedriver + 3974440
15  chromedriver                        0x0000000100661054 chromedriver + 4100180
16  chromedriver                        0x0000000100633b18 chromedriver + 3914520
17  chromedriver                        0x000000010068165c chromedriver + 4232796
18  chromedriver                        0x00000001006817d8 chromedriver + 4233176
19  chromedriver                        0x0000000100690524 chromedriver + 4293924
20  libsystem_pthread.dylib             0x000000018e07af94 _pthread_start + 136
21  libsystem_pthread.dylib             0x000000018e075d34 thread_start + 8


During handling of the above exception, another exception occurred:

Traceback (most recent call last):
  File "/Volumes/Expansion/ohs/project/study/python/instahelp_web/save/../save/save_main.py", line 113, in dashboard
    result, message = fetch_order()
  File "/Volumes/Expansion/ohs/project/study/python/instahelp_web/save/../save/save_main.py", line 143, in fetch_order
    raise Exception(ex)
Exception: Message: element click intercepted: Element <div>...</div> is not clickable at point (407, 570). Other element would receive the click: <div data-bloks-name="bk.components.Collection" class="wbloks_1 wbloks_93 wbloks_91" style="flex-grow: 1; display: block; pointer-events: auto;">...</div>
  (Session info: chrome-headless-shell=124.0.6367.61)
Stacktrace:
0   chromedriver                        0x00000001006983e8 chromedriver + 4326376
1   chromedriver                        0x00000001006908b0 chromedriver + 4294832
2   chromedriver                        0x00000001002bc088 chromedriver + 278664
3   chromedriver                        0x0000000100304554 chromedriver + 574804
4   chromedriver                        0x0000000100302ad8 chromedriver + 568024
5   chromedriver                        0x0000000100300c58 chromedriver + 560216
6   chromedriver                        0x0000000100300188 chromedriver + 557448
7   chromedriver                        0x00000001002f53ac chromedriver + 512940
8   chromedriver                        0x00000001002f4dd0 chromedriver + 511440
9   chromedriver                        0x00000001003374f8 chromedriver + 783608
10  chromedriver                        0x00000001002f34e4 chromedriver + 505060
11  chromedriver                        0x00000001002f3f5c chromedriver + 507740
12  chromedriver                        0x000000010065b984 chromedriver + 4077956
13  chromedriver                        0x000000010066073c chromedriver + 4097852
14  chromedriver                        0x0000000100642528 chromedriver + 3974440
15  chromedriver                        0x0000000100661054 chromedriver + 4100180
16  chromedriver                        0x0000000100633b18 chromedriver + 3914520
17  chromedriver                        0x000000010068165c chromedriver + 4232796
18  chromedriver                        0x00000001006817d8 chromedriver + 4233176
19  chromedriver                        0x0000000100690524 chromedriver + 4293924
20  libsystem_pthread.dylib             0x000000018e07af94 _pthread_start + 136
21  libsystem_pthread.dylib             0x000000018e075d34 thread_start + 8


6169/2024-04-22 14:07:50/Traceback (most recent call last):
  File "/Volumes/Expansion/ohs/project/study/python/instahelp_web/save/../save/save_main.py", line 187, in save
    save_element = common.find_element("CSS_SELECTOR", ".x1gslohp>.x6s0dn4>.x11i5rnm>div", driver, wait)
  File "/Volumes/Expansion/ohs/project/study/python/instahelp_web/save/../common/fun.py", line 136, in find_element
    return wait.until(EC.presence_of_element_located((By.CSS_SELECTOR, selector_name)))
  File "/Volumes/Expansion/ohs/project/study/python/instahelp_web/venv/lib/python3.10/site-packages/selenium/webdriver/support/wait.py", line 105, in until
    raise TimeoutException(message, screen, stacktrace)
selenium.common.exceptions.TimeoutException: Message: 
Stacktrace:
0   chromedriver                        0x00000001028b83e8 chromedriver + 4326376
1   chromedriver                        0x00000001028b08b0 chromedriver + 4294832
2   chromedriver                        0x00000001024dc088 chromedriver + 278664
3   chromedriver                        0x000000010251ea80 chromedriver + 551552
4   chromedriver                        0x00000001025574f8 chromedriver + 783608
5   chromedriver                        0x00000001025134e4 chromedriver + 505060
6   chromedriver                        0x0000000102513f5c chromedriver + 507740
7   chromedriver                        0x000000010287b984 chromedriver + 4077956
8   chromedriver                        0x000000010288073c chromedriver + 4097852
9   chromedriver                        0x0000000102862528 chromedriver + 3974440
10  chromedriver                        0x0000000102881054 chromedriver + 4100180
11  chromedriver                        0x0000000102853b18 chromedriver + 3914520
12  chromedriver                        0x00000001028a165c chromedriver + 4232796
13  chromedriver                        0x00000001028a17d8 chromedriver + 4233176
14  chromedriver                        0x00000001028b0524 chromedriver + 4293924
15  libsystem_pthread.dylib             0x000000018e07af94 _pthread_start + 136
16  libsystem_pthread.dylib             0x000000018e075d34 thread_start + 8


During handling of the above exception, another exception occurred:

Traceback (most recent call last):
  File "/Volumes/Expansion/ohs/project/study/python/instahelp_web/save/../save/save_main.py", line 140, in fetch_order
    result, message = save()
  File "/Volumes/Expansion/ohs/project/study/python/instahelp_web/save/../save/save_main.py", line 197, in save
    raise Exception(ex)
Exception: Message: 
Stacktrace:
0   chromedriver                        0x00000001028b83e8 chromedriver + 4326376
1   chromedriver                        0x00000001028b08b0 chromedriver + 4294832
2   chromedriver                        0x00000001024dc088 chromedriver + 278664
3   chromedriver                        0x000000010251ea80 chromedriver + 551552
4   chromedriver                        0x00000001025574f8 chromedriver + 783608
5   chromedriver                        0x00000001025134e4 chromedriver + 505060
6   chromedriver                        0x0000000102513f5c chromedriver + 507740
7   chromedriver                        0x000000010287b984 chromedriver + 4077956
8   chromedriver                        0x000000010288073c chromedriver + 4097852
9   chromedriver                        0x0000000102862528 chromedriver + 3974440
10  chromedriver                        0x0000000102881054 chromedriver + 4100180
11  chromedriver                        0x0000000102853b18 chromedriver + 3914520
12  chromedriver                        0x00000001028a165c chromedriver + 4232796
13  chromedriver                        0x00000001028a17d8 chromedriver + 4233176
14  chromedriver                        0x00000001028b0524 chromedriver + 4293924
15  libsystem_pthread.dylib             0x000000018e07af94 _pthread_start + 136
16  libsystem_pthread.dylib             0x000000018e075d34 thread_start + 8


During handling of the above exception, another exception occurred:

Traceback (most recent call last):
  File "/Volumes/Expansion/ohs/project/study/python/instahelp_web/save/../save/save_main.py", line 113, in dashboard
    result, message = fetch_order()
  File "/Volumes/Expansion/ohs/project/study/python/instahelp_web/save/../save/save_main.py", line 143, in fetch_order
    raise Exception(ex)
Exception: Message: 
Stacktrace:
0   chromedriver                        0x00000001028b83e8 chromedriver + 4326376
1   chromedriver                        0x00000001028b08b0 chromedriver + 4294832
2   chromedriver                        0x00000001024dc088 chromedriver + 278664
3   chromedriver                        0x000000010251ea80 chromedriver + 551552
4   chromedriver                        0x00000001025574f8 chromedriver + 783608
5   chromedriver                        0x00000001025134e4 chromedriver + 505060
6   chromedriver                        0x0000000102513f5c chromedriver + 507740
7   chromedriver                        0x000000010287b984 chromedriver + 4077956
8   chromedriver                        0x000000010288073c chromedriver + 4097852
9   chromedriver                        0x0000000102862528 chromedriver + 3974440
10  chromedriver                        0x0000000102881054 chromedriver + 4100180
11  chromedriver                        0x0000000102853b18 chromedriver + 3914520
12  chromedriver                        0x00000001028a165c chromedriver + 4232796
13  chromedriver                        0x00000001028a17d8 chromedriver + 4233176
14  chromedriver                        0x00000001028b0524 chromedriver + 4293924
15  libsystem_pthread.dylib             0x000000018e07af94 _pthread_start + 136
16  libsystem_pthread.dylib             0x000000018e075d34 thread_start + 8


